
> app@1.3.0 prebuild
> node scripts/check-env.mjs

✅ Environment verification passed.

> app@1.3.0 build
> prisma generate && next build

warn The configuration property `package.json#prisma` is deprecated and will be removed in Prisma 7. Please migrate to a Prisma config file (e.g., `prisma.config.ts`).
For more information, see: https://pris.ly/prisma-config

Prisma schema loaded from prisma/schema.prisma

✔ Generated Prisma Client (v6.19.2) to ./node_modules/@prisma/client in 304ms

Start by importing your Prisma Client (See: https://pris.ly/d/importing-client)

Tip: Interested in query caching in just a few lines of code? Try Accelerate today! https://pris.ly/tip-3-accelerate

▲ Next.js 16.1.6 (Turbopack)

⚠ The "middleware" file convention is deprecated. Please use "proxy" instead. Learn more: https://nextjs.org/docs/messages/middleware-to-proxy
  Creating an optimized production build ...
Error: Can't resolve 'tw-animate-css' in '/Users/mac/.gemini/antigravity/playground/phantom-galileo/app'
    [2m[at finishWithoutResolve (/Users/mac/.gemini/antigravity/playground/phantom-galileo/node_modules/enhanced-resolve/lib/Resolver.js:586:18)][0m
    [2m[at /Users/mac/.gemini/antigravity/playground/phantom-galileo/node_modules/enhanced-resolve/lib/Resolver.js:678:14][0m
    [2m[at /Users/mac/.gemini/antigravity/playground/phantom-galileo/node_modules/enhanced-resolve/lib/Resolver.js:739:5][0m
    [2m[at eval (eval at create (/Users/mac/.gemini/antigravity/playground/phantom-galileo/node_modules/tapable/lib/HookCodeFactory.js:31:10), <anonymous>:15:1)][0m
    [2m[at /Users/mac/.gemini/antigravity/playground/phantom-galileo/node_modules/enhanced-resolve/lib/Resolver.js:739:5][0m
    [2m[at eval (eval at create (/Users/mac/.gemini/antigravity/playground/phantom-galileo/node_modules/tapable/lib/HookCodeFactory.js:31:10), <anonymous>:27:1)][0m
    [2m[at /Users/mac/.gemini/antigravity/playground/phantom-galileo/node_modules/enhanced-resolve/lib/DescriptionFilePlugin.js:89:43][0m
    [2m[at /Users/mac/.gemini/antigravity/playground/phantom-galileo/node_modules/enhanced-resolve/lib/Resolver.js:739:5][0m
    [2m[at eval (eval at create (/Users/mac/.gemini/antigravity/playground/phantom-galileo/node_modules/tapable/lib/HookCodeFactory.js:31:10), <anonymous>:15:1)][0m
    [2m[at /Users/mac/.gemini/antigravity/playground/phantom-galileo/node_modules/enhanced-resolve/lib/Resolver.js:739:5][0m {
  details: "resolve 'tw-animate-css' in '/Users/mac/.gemini/antigravity/playground/phantom-galileo/app'\n" +
    '  Parsed request is a module\n' +
    '  using description file: /Users/mac/.gemini/antigravity/playground/phantom-galileo/package.json (relative path: ./app)\n' +
    '    resolve as module\n' +
    "      /Users/mac/.gemini/antigravity/playground/phantom-galileo/app/node_modules doesn't exist or is not a directory\n" +
    '      looking for modules in /Users/mac/.gemini/antigravity/playground/phantom-galileo/node_modules\n' +
    '        single file module\n' +
    '          using description file: /Users/mac/.gemini/antigravity/playground/phantom-galileo/package.json (relative path: ./node_modules/tw-animate-css)\n' +
    '            no extension\n' +
    "              /Users/mac/.gemini/antigravity/playground/phantom-galileo/node_modules/tw-animate-css doesn't exist\n" +
    '            .css\n' +
    "              /Users/mac/.gemini/antigravity/playground/phantom-galileo/node_modules/tw-animate-css.css doesn't exist\n" +
    "        /Users/mac/.gemini/antigravity/playground/phantom-galileo/node_modules/tw-animate-css doesn't exist\n" +
    "      /Users/mac/.gemini/antigravity/playground/node_modules doesn't exist or is not a directory\n" +
    "      /Users/mac/.gemini/antigravity/node_modules doesn't exist or is not a directory\n" +
    "      /Users/mac/.gemini/node_modules doesn't exist or is not a directory\n" +
    "      /Users/mac/node_modules doesn't exist or is not a directory\n" +
    "      /Users/node_modules doesn't exist or is not a directory\n" +
    "      /node_modules doesn't exist or is not a directory"
}
Turbopack build encountered 1 warnings:
./app/(dashboard)/page.tsx:345:43
Module not found: Can't resolve '@/lib/nctirs/actions/audit'
[0m [90m 343 |[39m         [90m// This proves backend integration[39m
 [90m 344 |[39m         [36mtry[39m {
[31m[1m>[22m[39m[90m 345 |[39m             [36mconst[39m { addAuditLog } [33m=[39m [36mawait[39m [36mimport[39m([32m'@/lib/nctirs/actions/audit'[39m)[33m;[39m
 [90m     |[39m                                           [31m[1m^[22m[39m[31m[1m^[22m[39m[31m[1m^[22m[39m[31m[1m^[22m[39m[31m[1m^[22m[39m[31m[1m^[22m[39m[31m[1m^[22m[39m[31m[1m^[22m[39m[31m[1m^[22m[39m[31m[1m^[22m[39m[31m[1m^[22m[39m[31m[1m^[22m[39m[31m[1m^[22m[39m[31m[1m^[22m[39m[31m[1m^[22m[39m[31m[1m^[22m[39m[31m[1m^[22m[39m[31m[1m^[22m[39m[31m[1m^[22m[39m[31m[1m^[22m[39m[31m[1m^[22m[39m[31m[1m^[22m[39m[31m[1m^[22m[39m[31m[1m^[22m[39m[31m[1m^[22m[39m[31m[1m^[22m[39m[31m[1m^[22m[39m[31m[1m^[22m[39m[31m[1m^[22m[39m[31m[1m^[22m[39m[31m[1m^[22m[39m[31m[1m^[22m[39m[31m[1m^[22m[39m[31m[1m^[22m[39m[31m[1m^[22m[39m[31m[1m^[22m[39m
 [90m 346 |[39m             [36mawait[39m addAuditLog({
 [90m 347 |[39m                 assetName[33m:[39m report[33m.[39mincident_details[33m.[39mtarget_asset[33m,[39m
 [90m 348 |[39m                 sector[33m:[39m [32m"Telecommunications (Mombasa)"[39m[33m,[39m[0m

Import map: aliased to relative './src/lib/nctirs/actions/audit' inside of [project]/


Import traces:
  Client Component Browser:
    ./app/(dashboard)/page.tsx [Client Component Browser]
    ./app/(dashboard)/page.tsx [Server Component]

  Client Component SSR:
    ./app/(dashboard)/page.tsx [Client Component SSR]
    ./app/(dashboard)/page.tsx [Server Component]

https://nextjs.org/docs/messages/module-not-found



> Build error occurred
Error: Turbopack build failed with 64 errors:
./app/globals.css
Error evaluating Node.js code
CssSyntaxError: tailwindcss: /Users/mac/.gemini/antigravity/playground/phantom-galileo/app/globals.css:1:1: Can't resolve 'tw-animate-css' in '/Users/mac/.gemini/antigravity/playground/phantom-galileo/app'
    at Input.error (node_modules/postcss/lib/input.js:135:16) [/Users/mac/.gemini/antigravity/playground/phantom-galileo/.next/build/chunks/node_modules_fe693df6._.js:4651:22]
    at Root.error (node_modules/postcss/lib/node.js:146:32) [/Users/mac/.gemini/antigravity/playground/phantom-galileo/.next/build/chunks/node_modules_fe693df6._.js:928:38]
    [at Object.Once (/Users/mac/.gemini/antigravity/playground/phantom-galileo/node_modules/@tailwindcss/postcss/dist/index.js:10:6913)]
    [at process.processTicksAndRejections (node:internal/process/task_queues:104:5)]
    at async LazyResult.runAsync (node_modules/postcss/lib/lazy-result.js:293:11) [/Users/mac/.gemini/antigravity/playground/phantom-galileo/.next/build/chunks/node_modules_fe693df6._.js:6206:21]
    at async transform (turbopack:///[turbopack-node]/transforms/postcss.ts:70:34) [/Users/mac/.gemini/antigravity/playground/phantom-galileo/.next/build/chunks/[root-of-the-server]__51225daf._.js:146:36]
    at async run (turbopack:///[turbopack-node]/ipc/evaluate.ts:92:23) [/Users/mac/.gemini/antigravity/playground/phantom-galileo/.next/build/chunks/[root-of-the-server]__974941ed._.js:443:31]

Import trace:
  Client Component Browser:
    ./app/globals.css [Client Component Browser]
    ./app/layout.tsx [Server Component]


./app/(dashboard)/incidents/page.tsx:2:1
Module not found: Can't resolve '@/components/incidents/columns'
[0m [90m 1 |[39m [36mimport[39m { prisma } [36mfrom[39m [32m"@/lib/db"[39m
[31m[1m>[22m[39m[90m 2 |[39m [36mimport[39m { [33mIncident[39m[33m,[39m columns } [36mfrom[39m [32m"@/components/incidents/columns"[39m
 [90m   |[39m [31m[1m^[22m[39m[31m[1m^[22m[39m[31m[1m^[22m[39m[31m[1m^[22m[39m[31m[1m^[22m[39m[31m[1m^[22m[39m[31m[1m^[22m[39m[31m[1m^[22m[39m[31m[1m^[22m[39m[31m[1m^[22m[39m[31m[1m^[22m[39m[31m[1m^[22m[39m[31m[1m^[22m[39m[31m[1m^[22m[39m[31m[1m^[22m[39m[31m[1m^[22m[39m[31m[1m^[22m[39m[31m[1m^[22m[39m[31m[1m^[22m[39m[31m[1m^[22m[39m[31m[1m^[22m[39m[31m[1m^[22m[39m[31m[1m^[22m[39m[31m[1m^[22m[39m[31m[1m^[22m[39m[31m[1m^[22m[39m[31m[1m^[22m[39m[31m[1m^[22m[39m[31m[1m^[22m[39m[31m[1m^[22m[39m[31m[1m^[22m[39m[31m[1m^[22m[39m[31m[1m^[22m[39m[31m[1m^[22m[39m[31m[1m^[22m[39m[31m[1m^[22m[39m[31m[1m^[22m[39m[31m[1m^[22m[39m[31m[1m^[22m[39m[31m[1m^[22m[39m[31m[1m^[22m[39m[31m[1m^[22m[39m[31m[1m^[22m[39m[31m[1m^[22m[39m[31m[1m^[22m[39m[31m[1m^[22m[39m[31m[1m^[22m[39m[31m[1m^[22m[39m[31m[1m^[22m[39m[31m[1m^[22m[39m[31m[1m^[22m[39m[31m[1m^[22m[39m[31m[1m^[22m[39m[31m[1m^[22m[39m[31m[1m^[22m[39m[31m[1m^[22m[39m[31m[1m^[22m[39m[31m[1m^[22m[39m[31m[1m^[22m[39m[31m[1m^[22m[39m[31m[1m^[22m[39m[31m[1m^[22m[39m[31m[1m^[22m[39m[31m[1m^[22m[39m[31m[1m^[22m[39m[31m[1m^[22m[39m
 [90m 3 |[39m [36mimport[39m { [33mDataTable[39m } [36mfrom[39m [32m"@/components/incidents/data-table"[39m
 [90m 4 |[39m
 [90m 5 |[39m [36mexport[39m [36mconst[39m dynamic [33m=[39m [32m'force-dynamic'[39m[0m

Import map: aliased to relative './src/components/incidents/columns' inside of [project]/


https://nextjs.org/docs/messages/module-not-found


./app/(dashboard)/incidents/page.tsx:3:1
Module not found: Can't resolve '@/components/incidents/data-table'
[0m [90m 1 |[39m [36mimport[39m { prisma } [36mfrom[39m [32m"@/lib/db"[39m
 [90m 2 |[39m [36mimport[39m { [33mIncident[39m[33m,[39m columns } [36mfrom[39m [32m"@/components/incidents/columns"[39m
[31m[1m>[22m[39m[90m 3 |[39m [36mimport[39m { [33mDataTable[39m } [36mfrom[39m [32m"@/components/incidents/data-table"[39m
 [90m   |[39m [31m[1m^[22m[39m[31m[1m^[22m[39m[31m[1m^[22m[39m[31m[1m^[22m[39m[31m[1m^[22m[39m[31m[1m^[22m[39m[31m[1m^[22m[39m[31m[1m^[22m[39m[31m[1m^[22m[39m[31m[1m^[22m[39m[31m[1m^[22m[39m[31m[1m^[22m[39m[31m[1m^[22m[39m[31m[1m^[22m[39m[31m[1m^[22m[39m[31m[1m^[22m[39m[31m[1m^[22m[39m[31m[1m^[22m[39m[31m[1m^[22m[39m[31m[1m^[22m[39m[31m[1m^[22m[39m[31m[1m^[22m[39m[31m[1m^[22m[39m[31m[1m^[22m[39m[31m[1m^[22m[39m[31m[1m^[22m[39m[31m[1m^[22m[39m[31m[1m^[22m[39m[31m[1m^[22m[39m[31m[1m^[22m[39m[31m[1m^[22m[39m[31m[1m^[22m[39m[31m[1m^[22m[39m[31m[1m^[22m[39m[31m[1m^[22m[39m[31m[1m^[22m[39m[31m[1m^[22m[39m[31m[1m^[22m[39m[31m[1m^[22m[39m[31m[1m^[22m[39m[31m[1m^[22m[39m[31m[1m^[22m[39m[31m[1m^[22m[39m[31m[1m^[22m[39m[31m[1m^[22m[39m[31m[1m^[22m[39m[31m[1m^[22m[39m[31m[1m^[22m[39m[31m[1m^[22m[39m[31m[1m^[22m[39m[31m[1m^[22m[39m[31m[1m^[22m[39m[31m[1m^[22m[39m[31m[1m^[22m[39m[31m[1m^[22m[39m[31m[1m^[22m[39m[31m[1m^[22m[39m[31m[1m^[22m[39m[31m[1m^[22m[39m[31m[1m^[22m[39m[31m[1m^[22m[39m
 [90m 4 |[39m
 [90m 5 |[39m [36mexport[39m [36mconst[39m dynamic [33m=[39m [32m'force-dynamic'[39m
 [90m 6 |[39m[0m

Import map: aliased to relative './src/components/incidents/data-table' inside of [project]/


https://nextjs.org/docs/messages/module-not-found


./app/(dashboard)/incidents/new/page.tsx:1:1
Module not found: Can't resolve '@/components/incidents/incident-form'
[0m[31m[1m>[22m[39m[90m 1 |[39m [36mimport[39m { [33mIncidentForm[39m } [36mfrom[39m [32m"@/components/incidents/incident-form"[39m
 [90m   |[39m [31m[1m^[22m[39m[31m[1m^[22m[39m[31m[1m^[22m[39m[31m[1m^[22m[39m[31m[1m^[22m[39m[31m[1m^[22m[39m[31m[1m^[22m[39m[31m[1m^[22m[39m[31m[1m^[22m[39m[31m[1m^[22m[39m[31m[1m^[22m[39m[31m[1m^[22m[39m[31m[1m^[22m[39m[31m[1m^[22m[39m[31m[1m^[22m[39m[31m[1m^[22m[39m[31m[1m^[22m[39m[31m[1m^[22m[39m[31m[1m^[22m[39m[31m[1m^[22m[39m[31m[1m^[22m[39m[31m[1m^[22m[39m[31m[1m^[22m[39m[31m[1m^[22m[39m[31m[1m^[22m[39m[31m[1m^[22m[39m[31m[1m^[22m[39m[31m[1m^[22m[39m[31m[1m^[22m[39m[31m[1m^[22m[39m[31m[1m^[22m[39m[31m[1m^[22m[39m[31m[1m^[22m[39m[31m[1m^[22m[39m[31m[1m^[22m[39m[31m[1m^[22m[39m[31m[1m^[22m[39m[31m[1m^[22m[39m[31m[1m^[22m[39m[31m[1m^[22m[39m[31m[1m^[22m[39m[31m[1m^[22m[39m[31m[1m^[22m[39m[31m[1m^[22m[39m[31m[1m^[22m[39m[31m[1m^[22m[39m[31m[1m^[22m[39m[31m[1m^[22m[39m[31m[1m^[22m[39m[31m[1m^[22m[39m[31m[1m^[22m[39m[31m[1m^[22m[39m[31m[1m^[22m[39m[31m[1m^[22m[39m[31m[1m^[22m[39m[31m[1m^[22m[39m[31m[1m^[22m[39m[31m[1m^[22m[39m[31m[1m^[22m[39m[31m[1m^[22m[39m[31m[1m^[22m[39m[31m[1m^[22m[39m[31m[1m^[22m[39m[31m[1m^[22m[39m[31m[1m^[22m[39m[31m[1m^[22m[39m[31m[1m^[22m[39m
 [90m 2 |[39m
 [90m 3 |[39m [36mexport[39m [36mdefault[39m [36mfunction[39m [33mNewIncidentPage[39m() {
 [90m 4 |[39m     [36mreturn[39m ([0m

Import map: aliased to relative './src/components/incidents/incident-form' inside of [project]/


https://nextjs.org/docs/messages/module-not-found


./app/(dashboard)/incidents/[id]/page.tsx:6:1
Module not found: Can't resolve '@/components/incidents/update-status'
[0m [90m 4 |[39m [36mimport[39m { [33mCard[39m[33m,[39m [33mCardContent[39m[33m,[39m [33mCardHeader[39m[33m,[39m [33mCardTitle[39m } [36mfrom[39m [32m"@/components/ui/card"[39m
 [90m 5 |[39m [36mimport[39m { [33mSeparator[39m } [36mfrom[39m [32m"@/components/ui/separator"[39m
[31m[1m>[22m[39m[90m 6 |[39m [36mimport[39m { [33mUpdateStatus[39m } [36mfrom[39m [32m"@/components/incidents/update-status"[39m
 [90m   |[39m [31m[1m^[22m[39m[31m[1m^[22m[39m[31m[1m^[22m[39m[31m[1m^[22m[39m[31m[1m^[22m[39m[31m[1m^[22m[39m[31m[1m^[22m[39m[31m[1m^[22m[39m[31m[1m^[22m[39m[31m[1m^[22m[39m[31m[1m^[22m[39m[31m[1m^[22m[39m[31m[1m^[22m[39m[31m[1m^[22m[39m[31m[1m^[22m[39m[31m[1m^[22m[39m[31m[1m^[22m[39m[31m[1m^[22m[39m[31m[1m^[22m[39m[31m[1m^[22m[39m[31m[1m^[22m[39m[31m[1m^[22m[39m[31m[1m^[22m[39m[31m[1m^[22m[39m[31m[1m^[22m[39m[31m[1m^[22m[39m[31m[1m^[22m[39m[31m[1m^[22m[39m[31m[1m^[22m[39m[31m[1m^[22m[39m[31m[1m^[22m[39m[31m[1m^[22m[39m[31m[1m^[22m[39m[31m[1m^[22m[39m[31m[1m^[22m[39m[31m[1m^[22m[39m[31m[1m^[22m[39m[31m[1m^[22m[39m[31m[1m^[22m[39m[31m[1m^[22m[39m[31m[1m^[22m[39m[31m[1m^[22m[39m[31m[1m^[22m[39m[31m[1m^[22m[39m[31m[1m^[22m[39m[31m[1m^[22m[39m[31m[1m^[22m[39m[31m[1m^[22m[39m[31m[1m^[22m[39m[31m[1m^[22m[39m[31m[1m^[22m[39m[31m[1m^[22m[39m[31m[1m^[22m[39m[31m[1m^[22m[39m[31m[1m^[22m[39m[31m[1m^[22m[39m[31m[1m^[22m[39m[31m[1m^[22m[39m[31m[1m^[22m[39m[31m[1m^[22m[39m[31m[1m^[22m[39m[31m[1m^[22m[39m[31m[1m^[22m[39m[31m[1m^[22m[39m[31m[1m^[22m[39m[31m[1m^[22m[39m[31m[1m^[22m[39m
 [90m 7 |[39m
 [90m 8 |[39m [36mexport[39m [36mdefault[39m [36masync[39m [36mfunction[39m [33mIncidentPage[39m({ params }[33m:[39m { params[33m:[39m { id[33m:[39m string } }) {
 [90m 9 |[39m     [90m// Next.js 15+ params are async, need to await. But this is Next 14/15 based on scaffolding? [39m[0m

Import map: aliased to relative './src/components/incidents/update-status' inside of [project]/


https://nextjs.org/docs/messages/module-not-found


./app/(dashboard)/intelligence/page.tsx:2:1
Module not found: Can't resolve '@/components/intelligence/columns'
[0m [90m 1 |[39m [36mimport[39m { getIntelligenceItems } [36mfrom[39m [32m"@/lib/actions/intelligence"[39m
[31m[1m>[22m[39m[90m 2 |[39m [36mimport[39m { columns } [36mfrom[39m [32m"@/components/intelligence/columns"[39m
 [90m   |[39m [31m[1m^[22m[39m[31m[1m^[22m[39m[31m[1m^[22m[39m[31m[1m^[22m[39m[31m[1m^[22m[39m[31m[1m^[22m[39m[31m[1m^[22m[39m[31m[1m^[22m[39m[31m[1m^[22m[39m[31m[1m^[22m[39m[31m[1m^[22m[39m[31m[1m^[22m[39m[31m[1m^[22m[39m[31m[1m^[22m[39m[31m[1m^[22m[39m[31m[1m^[22m[39m[31m[1m^[22m[39m[31m[1m^[22m[39m[31m[1m^[22m[39m[31m[1m^[22m[39m[31m[1m^[22m[39m[31m[1m^[22m[39m[31m[1m^[22m[39m[31m[1m^[22m[39m[31m[1m^[22m[39m[31m[1m^[22m[39m[31m[1m^[22m[39m[31m[1m^[22m[39m[31m[1m^[22m[39m[31m[1m^[22m[39m[31m[1m^[22m[39m[31m[1m^[22m[39m[31m[1m^[22m[39m[31m[1m^[22m[39m[31m[1m^[22m[39m[31m[1m^[22m[39m[31m[1m^[22m[39m[31m[1m^[22m[39m[31m[1m^[22m[39m[31m[1m^[22m[39m[31m[1m^[22m[39m[31m[1m^[22m[39m[31m[1m^[22m[39m[31m[1m^[22m[39m[31m[1m^[22m[39m[31m[1m^[22m[39m[31m[1m^[22m[39m[31m[1m^[22m[39m[31m[1m^[22m[39m[31m[1m^[22m[39m[31m[1m^[22m[39m[31m[1m^[22m[39m[31m[1m^[22m[39m[31m[1m^[22m[39m[31m[1m^[22m[39m[31m[1m^[22m[39m[31m[1m^[22m[39m[31m[1m^[22m[39m[31m[1m^[22m[39m
 [90m 3 |[39m [36mimport[39m { [33mIntelligenceTable[39m } [36mfrom[39m [32m"@/components/intelligence/intelligence-table"[39m
 [90m 4 |[39m
 [90m 5 |[39m [36mexport[39m [36mconst[39m dynamic [33m=[39m [32m'force-dynamic'[39m[0m

Import map: aliased to relative './src/components/intelligence/columns' inside of [project]/


https://nextjs.org/docs/messages/module-not-found


./app/(dashboard)/intelligence/page.tsx:3:1
Module not found: Can't resolve '@/components/intelligence/intelligence-table'
[0m [90m 1 |[39m [36mimport[39m { getIntelligenceItems } [36mfrom[39m [32m"@/lib/actions/intelligence"[39m
 [90m 2 |[39m [36mimport[39m { columns } [36mfrom[39m [32m"@/components/intelligence/columns"[39m
[31m[1m>[22m[39m[90m 3 |[39m [36mimport[39m { [33mIntelligenceTable[39m } [36mfrom[39m [32m"@/components/intelligence/intelligence-table"[39m
 [90m   |[39m [31m[1m^[22m[39m[31m[1m^[22m[39m[31m[1m^[22m[39m[31m[1m^[22m[39m[31m[1m^[22m[39m[31m[1m^[22m[39m[31m[1m^[22m[39m[31m[1m^[22m[39m[31m[1m^[22m[39m[31m[1m^[22m[39m[31m[1m^[22m[39m[31m[1m^[22m[39m[31m[1m^[22m[39m[31m[1m^[22m[39m[31m[1m^[22m[39m[31m[1m^[22m[39m[31m[1m^[22m[39m[31m[1m^[22m[39m[31m[1m^[22m[39m[31m[1m^[22m[39m[31m[1m^[22m[39m[31m[1m^[22m[39m[31m[1m^[22m[39m[31m[1m^[22m[39m[31m[1m^[22m[39m[31m[1m^[22m[39m[31m[1m^[22m[39m[31m[1m^[22m[39m[31m[1m^[22m[39m[31m[1m^[22m[39m[31m[1m^[22m[39m[31m[1m^[22m[39m[31m[1m^[22m[39m[31m[1m^[22m[39m[31m[1m^[22m[39m[31m[1m^[22m[39m[31m[1m^[22m[39m[31m[1m^[22m[39m[31m[1m^[22m[39m[31m[1m^[22m[39m[31m[1m^[22m[39m[31m[1m^[22m[39m[31m[1m^[22m[39m[31m[1m^[22m[39m[31m[1m^[22m[39m[31m[1m^[22m[39m[31m[1m^[22m[39m[31m[1m^[22m[39m[31m[1m^[22m[39m[31m[1m^[22m[39m[31m[1m^[22m[39m[31m[1m^[22m[39m[31m[1m^[22m[39m[31m[1m^[22m[39m[31m[1m^[22m[39m[31m[1m^[22m[39m[31m[1m^[22m[39m[31m[1m^[22m[39m[31m[1m^[22m[39m[31m[1m^[22m[39m[31m[1m^[22m[39m[31m[1m^[22m[39m[31m[1m^[22m[39m[31m[1m^[22m[39m[31m[1m^[22m[39m[31m[1m^[22m[39m[31m[1m^[22m[39m[31m[1m^[22m[39m[31m[1m^[22m[39m[31m[1m^[22m[39m[31m[1m^[22m[39m[31m[1m^[22m[39m[31m[1m^[22m[39m[31m[1m^[22m[39m[31m[1m^[22m[39m[31m[1m^[22m[39m[31m[1m^[22m[39m[31m[1m^[22m[39m[31m[1m^[22m[39m[31m[1m^[22m[39m
 [90m 4 |[39m
 [90m 5 |[39m [36mexport[39m [36mconst[39m dynamic [33m=[39m [32m'force-dynamic'[39m
 [90m 6 |[39m[0m

Import map: aliased to relative './src/components/intelligence/intelligence-table' inside of [project]/


https://nextjs.org/docs/messages/module-not-found


./app/login/page.tsx:3:1
Module not found: Can't resolve '@/components/login-form'
[0m [90m 1 |[39m [36mimport[39m { [33mGalleryVerticalEnd[39m } [36mfrom[39m [32m"lucide-react"[39m
 [90m 2 |[39m
[31m[1m>[22m[39m[90m 3 |[39m [36mimport[39m { [33mLoginForm[39m } [36mfrom[39m [32m"@/components/login-form"[39m
 [90m   |[39m [31m[1m^[22m[39m[31m[1m^[22m[39m[31m[1m^[22m[39m[31m[1m^[22m[39m[31m[1m^[22m[39m[31m[1m^[22m[39m[31m[1m^[22m[39m[31m[1m^[22m[39m[31m[1m^[22m[39m[31m[1m^[22m[39m[31m[1m^[22m[39m[31m[1m^[22m[39m[31m[1m^[22m[39m[31m[1m^[22m[39m[31m[1m^[22m[39m[31m[1m^[22m[39m[31m[1m^[22m[39m[31m[1m^[22m[39m[31m[1m^[22m[39m[31m[1m^[22m[39m[31m[1m^[22m[39m[31m[1m^[22m[39m[31m[1m^[22m[39m[31m[1m^[22m[39m[31m[1m^[22m[39m[31m[1m^[22m[39m[31m[1m^[22m[39m[31m[1m^[22m[39m[31m[1m^[22m[39m[31m[1m^[22m[39m[31m[1m^[22m[39m[31m[1m^[22m[39m[31m[1m^[22m[39m[31m[1m^[22m[39m[31m[1m^[22m[39m[31m[1m^[22m[39m[31m[1m^[22m[39m[31m[1m^[22m[39m[31m[1m^[22m[39m[31m[1m^[22m[39m[31m[1m^[22m[39m[31m[1m^[22m[39m[31m[1m^[22m[39m[31m[1m^[22m[39m[31m[1m^[22m[39m[31m[1m^[22m[39m[31m[1m^[22m[39m[31m[1m^[22m[39m[31m[1m^[22m[39m[31m[1m^[22m[39m[31m[1m^[22m[39m
 [90m 4 |[39m
 [90m 5 |[39m [36mexport[39m [36mdefault[39m [36mfunction[39m [33mLoginPage[39m() {
 [90m 6 |[39m     [36mreturn[39m ([0m

Import map: aliased to relative './src/components/login-form' inside of [project]/


https://nextjs.org/docs/messages/module-not-found


./app/(dashboard)/page.tsx:32:1
Module not found: Can't resolve '@/components/nctirs/compliance/KenyaContextPanel'
[0m [90m 30 |[39m [36mimport[39m [33mSovereignAIStatusPanel[39m [36mfrom[39m [32m"@/components/nctirs/intelligence/SovereignAIStatusPanel"[39m
 [90m 31 |[39m [90m// Compliance components[39m
[31m[1m>[22m[39m[90m 32 |[39m [36mimport[39m [33mKenyaContextPanel[39m [36mfrom[39m [32m"@/components/nctirs/compliance/KenyaContextPanel"[39m
 [90m    |[39m [31m[1m^[22m[39m[31m[1m^[22m[39m[31m[1m^[22m[39m[31m[1m^[22m[39m[31m[1m^[22m[39m[31m[1m^[22m[39m[31m[1m^[22m[39m[31m[1m^[22m[39m[31m[1m^[22m[39m[31m[1m^[22m[39m[31m[1m^[22m[39m[31m[1m^[22m[39m[31m[1m^[22m[39m[31m[1m^[22m[39m[31m[1m^[22m[39m[31m[1m^[22m[39m[31m[1m^[22m[39m[31m[1m^[22m[39m[31m[1m^[22m[39m[31m[1m^[22m[39m[31m[1m^[22m[39m[31m[1m^[22m[39m[31m[1m^[22m[39m[31m[1m^[22m[39m[31m[1m^[22m[39m[31m[1m^[22m[39m[31m[1m^[22m[39m[31m[1m^[22m[39m[31m[1m^[22m[39m[31m[1m^[22m[39m[31m[1m^[22m[39m[31m[1m^[22m[39m[31m[1m^[22m[39m[31m[1m^[22m[39m[31m[1m^[22m[39m[31m[1m^[22m[39m[31m[1m^[22m[39m[31m[1m^[22m[39m[31m[1m^[22m[39m[31m[1m^[22m[39m[31m[1m^[22m[39m[31m[1m^[22m[39m[31m[1m^[22m[39m[31m[1m^[22m[39m[31m[1m^[22m[39m[31m[1m^[22m[39m[31m[1m^[22m[39m[31m[1m^[22m[39m[31m[1m^[22m[39m[31m[1m^[22m[39m[31m[1m^[22m[39m[31m[1m^[22m[39m[31m[1m^[22m[39m[31m[1m^[22m[39m[31m[1m^[22m[39m[31m[1m^[22m[39m[31m[1m^[22m[39m[31m[1m^[22m[39m[31m[1m^[22m[39m[31m[1m^[22m[39m[31m[1m^[22m[39m[31m[1m^[22m[39m[31m[1m^[22m[39m[31m[1m^[22m[39m[31m[1m^[22m[39m[31m[1m^[22m[39m[31m[1m^[22m[39m[31m[1m^[22m[39m[31m[1m^[22m[39m[31m[1m^[22m[39m[31m[1m^[22m[39m[31m[1m^[22m[39m[31m[1m^[22m[39m[31m[1m^[22m[39m[31m[1m^[22m[39m[31m[1m^[22m[39m[31m[1m^[22m[39m[31m[1m^[22m[39m[31m[1m^[22m[39m[31m[1m^[22m[39m
 [90m 33 |[39m [90m// Shared components[39m
 [90m 34 |[39m [36mimport[39m [33mMultiplayerSession[39m [36mfrom[39m [32m"@/components/nctirs/shared/MultiplayerSession"[39m
 [90m 35 |[39m [36mimport[39m [33mDemoModeController[39m [36mfrom[39m [32m"@/components/nctirs/shared/DemoModeController"[39m[0m

Import map: aliased to relative './src/components/nctirs/compliance/KenyaContextPanel' inside of [project]/


Import traces:
  Client Component Browser:
    ./app/(dashboard)/page.tsx [Client Component Browser]
    ./app/(dashboard)/page.tsx [Server Component]

  Client Component SSR:
    ./app/(dashboard)/page.tsx [Client Component SSR]
    ./app/(dashboard)/page.tsx [Server Component]

https://nextjs.org/docs/messages/module-not-found


./app/(dashboard)/page.tsx:16:1
Module not found: Can't resolve '@/components/nctirs/incident/AutomatedResponsePanel'
[0m [90m 14 |[39m [36mimport[39m { [33mIncidentTrendsChart[39m } [36mfrom[39m [32m"@/components/nctirs/incident/IncidentTrendsChart"[39m
 [90m 15 |[39m [36mimport[39m [33mEmergencyOverlay[39m [36mfrom[39m [32m"@/components/nctirs/incident/EmergencyOverlay"[39m
[31m[1m>[22m[39m[90m 16 |[39m [36mimport[39m { [33mAutomatedResponsePanel[39m } [36mfrom[39m [32m"@/components/nctirs/incident/AutomatedResponsePanel"[39m
 [90m    |[39m [31m[1m^[22m[39m[31m[1m^[22m[39m[31m[1m^[22m[39m[31m[1m^[22m[39m[31m[1m^[22m[39m[31m[1m^[22m[39m[31m[1m^[22m[39m[31m[1m^[22m[39m[31m[1m^[22m[39m[31m[1m^[22m[39m[31m[1m^[22m[39m[31m[1m^[22m[39m[31m[1m^[22m[39m[31m[1m^[22m[39m[31m[1m^[22m[39m[31m[1m^[22m[39m[31m[1m^[22m[39m[31m[1m^[22m[39m[31m[1m^[22m[39m[31m[1m^[22m[39m[31m[1m^[22m[39m[31m[1m^[22m[39m[31m[1m^[22m[39m[31m[1m^[22m[39m[31m[1m^[22m[39m[31m[1m^[22m[39m[31m[1m^[22m[39m[31m[1m^[22m[39m[31m[1m^[22m[39m[31m[1m^[22m[39m[31m[1m^[22m[39m[31m[1m^[22m[39m[31m[1m^[22m[39m[31m[1m^[22m[39m[31m[1m^[22m[39m[31m[1m^[22m[39m[31m[1m^[22m[39m[31m[1m^[22m[39m[31m[1m^[22m[39m[31m[1m^[22m[39m[31m[1m^[22m[39m[31m[1m^[22m[39m[31m[1m^[22m[39m[31m[1m^[22m[39m[31m[1m^[22m[39m[31m[1m^[22m[39m[31m[1m^[22m[39m[31m[1m^[22m[39m[31m[1m^[22m[39m[31m[1m^[22m[39m[31m[1m^[22m[39m[31m[1m^[22m[39m[31m[1m^[22m[39m[31m[1m^[22m[39m[31m[1m^[22m[39m[31m[1m^[22m[39m[31m[1m^[22m[39m[31m[1m^[22m[39m[31m[1m^[22m[39m[31m[1m^[22m[39m[31m[1m^[22m[39m[31m[1m^[22m[39m[31m[1m^[22m[39m[31m[1m^[22m[39m[31m[1m^[22m[39m[31m[1m^[22m[39m[31m[1m^[22m[39m[31m[1m^[22m[39m[31m[1m^[22m[39m[31m[1m^[22m[39m[31m[1m^[22m[39m[31m[1m^[22m[39m[31m[1m^[22m[39m[31m[1m^[22m[39m[31m[1m^[22m[39m[31m[1m^[22m[39m[31m[1m^[22m[39m[31m[1m^[22m[39m[31m[1m^[22m[39m[31m[1m^[22m[39m[31m[1m^[22m[39m[31m[1m^[22m[39m[31m[1m^[22m[39m[31m[1m^[22m[39m[31m[1m^[22m[39m[31m[1m^[22m[39m[31m[1m^[22m[39m[31m[1m^[22m[39m[31m[1m^[22m[39m[31m[1m^[22m[39m[31m[1m^[22m[39m[31m[1m^[22m[39m
 [90m 17 |[39m [90m// Surveillance components[39m
 [90m 18 |[39m [36mimport[39m { [33mSurveillanceMonitor[39m } [36mfrom[39m [32m"@/components/nctirs/surveillance/SurveillanceMonitor"[39m
 [90m 19 |[39m [36mimport[39m { [33mCommunityReports[39m } [36mfrom[39m [32m"@/components/nctirs/surveillance/CommunityReports"[39m[0m

Import map: aliased to relative './src/components/nctirs/incident/AutomatedResponsePanel' inside of [project]/


Import traces:
  Client Component Browser:
    ./app/(dashboard)/page.tsx [Client Component Browser]
    ./app/(dashboard)/page.tsx [Server Component]

  Client Component SSR:
    ./app/(dashboard)/page.tsx [Client Component SSR]
    ./app/(dashboard)/page.tsx [Server Component]

https://nextjs.org/docs/messages/module-not-found


./app/(dashboard)/page.tsx:15:1
Module not found: Can't resolve '@/components/nctirs/incident/EmergencyOverlay'
[0m [90m 13 |[39m [36mimport[39m { [33mIncidentList[39m } [36mfrom[39m [32m"@/components/nctirs/incident/IncidentList"[39m
 [90m 14 |[39m [36mimport[39m { [33mIncidentTrendsChart[39m } [36mfrom[39m [32m"@/components/nctirs/incident/IncidentTrendsChart"[39m
[31m[1m>[22m[39m[90m 15 |[39m [36mimport[39m [33mEmergencyOverlay[39m [36mfrom[39m [32m"@/components/nctirs/incident/EmergencyOverlay"[39m
 [90m    |[39m [31m[1m^[22m[39m[31m[1m^[22m[39m[31m[1m^[22m[39m[31m[1m^[22m[39m[31m[1m^[22m[39m[31m[1m^[22m[39m[31m[1m^[22m[39m[31m[1m^[22m[39m[31m[1m^[22m[39m[31m[1m^[22m[39m[31m[1m^[22m[39m[31m[1m^[22m[39m[31m[1m^[22m[39m[31m[1m^[22m[39m[31m[1m^[22m[39m[31m[1m^[22m[39m[31m[1m^[22m[39m[31m[1m^[22m[39m[31m[1m^[22m[39m[31m[1m^[22m[39m[31m[1m^[22m[39m[31m[1m^[22m[39m[31m[1m^[22m[39m[31m[1m^[22m[39m[31m[1m^[22m[39m[31m[1m^[22m[39m[31m[1m^[22m[39m[31m[1m^[22m[39m[31m[1m^[22m[39m[31m[1m^[22m[39m[31m[1m^[22m[39m[31m[1m^[22m[39m[31m[1m^[22m[39m[31m[1m^[22m[39m[31m[1m^[22m[39m[31m[1m^[22m[39m[31m[1m^[22m[39m[31m[1m^[22m[39m[31m[1m^[22m[39m[31m[1m^[22m[39m[31m[1m^[22m[39m[31m[1m^[22m[39m[31m[1m^[22m[39m[31m[1m^[22m[39m[31m[1m^[22m[39m[31m[1m^[22m[39m[31m[1m^[22m[39m[31m[1m^[22m[39m[31m[1m^[22m[39m[31m[1m^[22m[39m[31m[1m^[22m[39m[31m[1m^[22m[39m[31m[1m^[22m[39m[31m[1m^[22m[39m[31m[1m^[22m[39m[31m[1m^[22m[39m[31m[1m^[22m[39m[31m[1m^[22m[39m[31m[1m^[22m[39m[31m[1m^[22m[39m[31m[1m^[22m[39m[31m[1m^[22m[39m[31m[1m^[22m[39m[31m[1m^[22m[39m[31m[1m^[22m[39m[31m[1m^[22m[39m[31m[1m^[22m[39m[31m[1m^[22m[39m[31m[1m^[22m[39m[31m[1m^[22m[39m[31m[1m^[22m[39m[31m[1m^[22m[39m[31m[1m^[22m[39m[31m[1m^[22m[39m[31m[1m^[22m[39m[31m[1m^[22m[39m
 [90m 16 |[39m [36mimport[39m { [33mAutomatedResponsePanel[39m } [36mfrom[39m [32m"@/components/nctirs/incident/AutomatedResponsePanel"[39m
 [90m 17 |[39m [90m// Surveillance components[39m
 [90m 18 |[39m [36mimport[39m { [33mSurveillanceMonitor[39m } [36mfrom[39m [32m"@/components/nctirs/surveillance/SurveillanceMonitor"[39m[0m

Import map: aliased to relative './src/components/nctirs/incident/EmergencyOverlay' inside of [project]/


Import traces:
  Client Component Browser:
    ./app/(dashboard)/page.tsx [Client Component Browser]
    ./app/(dashboard)/page.tsx [Server Component]

  Client Component SSR:
    ./app/(dashboard)/page.tsx [Client Component SSR]
    ./app/(dashboard)/page.tsx [Server Component]

https://nextjs.org/docs/messages/module-not-found


./app/(dashboard)/page.tsx:13:1
Module not found: Can't resolve '@/components/nctirs/incident/IncidentList'
[0m [90m 11 |[39m [36mimport[39m [33mAdversarialDefensePanel[39m [36mfrom[39m [32m"@/components/nctirs/threat/AdversarialDefensePanel"[39m
 [90m 12 |[39m [90m// Incident components[39m
[31m[1m>[22m[39m[90m 13 |[39m [36mimport[39m { [33mIncidentList[39m } [36mfrom[39m [32m"@/components/nctirs/incident/IncidentList"[39m
 [90m    |[39m [31m[1m^[22m[39m[31m[1m^[22m[39m[31m[1m^[22m[39m[31m[1m^[22m[39m[31m[1m^[22m[39m[31m[1m^[22m[39m[31m[1m^[22m[39m[31m[1m^[22m[39m[31m[1m^[22m[39m[31m[1m^[22m[39m[31m[1m^[22m[39m[31m[1m^[22m[39m[31m[1m^[22m[39m[31m[1m^[22m[39m[31m[1m^[22m[39m[31m[1m^[22m[39m[31m[1m^[22m[39m[31m[1m^[22m[39m[31m[1m^[22m[39m[31m[1m^[22m[39m[31m[1m^[22m[39m[31m[1m^[22m[39m[31m[1m^[22m[39m[31m[1m^[22m[39m[31m[1m^[22m[39m[31m[1m^[22m[39m[31m[1m^[22m[39m[31m[1m^[22m[39m[31m[1m^[22m[39m[31m[1m^[22m[39m[31m[1m^[22m[39m[31m[1m^[22m[39m[31m[1m^[22m[39m[31m[1m^[22m[39m[31m[1m^[22m[39m[31m[1m^[22m[39m[31m[1m^[22m[39m[31m[1m^[22m[39m[31m[1m^[22m[39m[31m[1m^[22m[39m[31m[1m^[22m[39m[31m[1m^[22m[39m[31m[1m^[22m[39m[31m[1m^[22m[39m[31m[1m^[22m[39m[31m[1m^[22m[39m[31m[1m^[22m[39m[31m[1m^[22m[39m[31m[1m^[22m[39m[31m[1m^[22m[39m[31m[1m^[22m[39m[31m[1m^[22m[39m[31m[1m^[22m[39m[31m[1m^[22m[39m[31m[1m^[22m[39m[31m[1m^[22m[39m[31m[1m^[22m[39m[31m[1m^[22m[39m[31m[1m^[22m[39m[31m[1m^[22m[39m[31m[1m^[22m[39m[31m[1m^[22m[39m[31m[1m^[22m[39m[31m[1m^[22m[39m[31m[1m^[22m[39m[31m[1m^[22m[39m[31m[1m^[22m[39m[31m[1m^[22m[39m[31m[1m^[22m[39m[31m[1m^[22m[39m[31m[1m^[22m[39m[31m[1m^[22m[39m
 [90m 14 |[39m [36mimport[39m { [33mIncidentTrendsChart[39m } [36mfrom[39m [32m"@/components/nctirs/incident/IncidentTrendsChart"[39m
 [90m 15 |[39m [36mimport[39m [33mEmergencyOverlay[39m [36mfrom[39m [32m"@/components/nctirs/incident/EmergencyOverlay"[39m
 [90m 16 |[39m [36mimport[39m { [33mAutomatedResponsePanel[39m } [36mfrom[39m [32m"@/components/nctirs/incident/AutomatedResponsePanel"[39m[0m

Import map: aliased to relative './src/components/nctirs/incident/IncidentList' inside of [project]/


Import traces:
  Client Component Browser:
    ./app/(dashboard)/page.tsx [Client Component Browser]
    ./app/(dashboard)/page.tsx [Server Component]

  Client Component SSR:
    ./app/(dashboard)/page.tsx [Client Component SSR]
    ./app/(dashboard)/page.tsx [Server Component]

https://nextjs.org/docs/messages/module-not-found


./app/(dashboard)/page.tsx:14:1
Module not found: Can't resolve '@/components/nctirs/incident/IncidentTrendsChart'
[0m [90m 12 |[39m [90m// Incident components[39m
 [90m 13 |[39m [36mimport[39m { [33mIncidentList[39m } [36mfrom[39m [32m"@/components/nctirs/incident/IncidentList"[39m
[31m[1m>[22m[39m[90m 14 |[39m [36mimport[39m { [33mIncidentTrendsChart[39m } [36mfrom[39m [32m"@/components/nctirs/incident/IncidentTrendsChart"[39m
 [90m    |[39m [31m[1m^[22m[39m[31m[1m^[22m[39m[31m[1m^[22m[39m[31m[1m^[22m[39m[31m[1m^[22m[39m[31m[1m^[22m[39m[31m[1m^[22m[39m[31m[1m^[22m[39m[31m[1m^[22m[39m[31m[1m^[22m[39m[31m[1m^[22m[39m[31m[1m^[22m[39m[31m[1m^[22m[39m[31m[1m^[22m[39m[31m[1m^[22m[39m[31m[1m^[22m[39m[31m[1m^[22m[39m[31m[1m^[22m[39m[31m[1m^[22m[39m[31m[1m^[22m[39m[31m[1m^[22m[39m[31m[1m^[22m[39m[31m[1m^[22m[39m[31m[1m^[22m[39m[31m[1m^[22m[39m[31m[1m^[22m[39m[31m[1m^[22m[39m[31m[1m^[22m[39m[31m[1m^[22m[39m[31m[1m^[22m[39m[31m[1m^[22m[39m[31m[1m^[22m[39m[31m[1m^[22m[39m[31m[1m^[22m[39m[31m[1m^[22m[39m[31m[1m^[22m[39m[31m[1m^[22m[39m[31m[1m^[22m[39m[31m[1m^[22m[39m[31m[1m^[22m[39m[31m[1m^[22m[39m[31m[1m^[22m[39m[31m[1m^[22m[39m[31m[1m^[22m[39m[31m[1m^[22m[39m[31m[1m^[22m[39m[31m[1m^[22m[39m[31m[1m^[22m[39m[31m[1m^[22m[39m[31m[1m^[22m[39m[31m[1m^[22m[39m[31m[1m^[22m[39m[31m[1m^[22m[39m[31m[1m^[22m[39m[31m[1m^[22m[39m[31m[1m^[22m[39m[31m[1m^[22m[39m[31m[1m^[22m[39m[31m[1m^[22m[39m[31m[1m^[22m[39m[31m[1m^[22m[39m[31m[1m^[22m[39m[31m[1m^[22m[39m[31m[1m^[22m[39m[31m[1m^[22m[39m[31m[1m^[22m[39m[31m[1m^[22m[39m[31m[1m^[22m[39m[31m[1m^[22m[39m[31m[1m^[22m[39m[31m[1m^[22m[39m[31m[1m^[22m[39m[31m[1m^[22m[39m[31m[1m^[22m[39m[31m[1m^[22m[39m[31m[1m^[22m[39m[31m[1m^[22m[39m[31m[1m^[22m[39m[31m[1m^[22m[39m[31m[1m^[22m[39m[31m[1m^[22m[39m[31m[1m^[22m[39m[31m[1m^[22m[39m[31m[1m^[22m[39m[31m[1m^[22m[39m[31m[1m^[22m[39m
 [90m 15 |[39m [36mimport[39m [33mEmergencyOverlay[39m [36mfrom[39m [32m"@/components/nctirs/incident/EmergencyOverlay"[39m
 [90m 16 |[39m [36mimport[39m { [33mAutomatedResponsePanel[39m } [36mfrom[39m [32m"@/components/nctirs/incident/AutomatedResponsePanel"[39m
 [90m 17 |[39m [90m// Surveillance components[39m[0m

Import map: aliased to relative './src/components/nctirs/incident/IncidentTrendsChart' inside of [project]/


Import traces:
  Client Component Browser:
    ./app/(dashboard)/page.tsx [Client Component Browser]
    ./app/(dashboard)/page.tsx [Server Component]

  Client Component SSR:
    ./app/(dashboard)/page.tsx [Client Component SSR]
    ./app/(dashboard)/page.tsx [Server Component]

https://nextjs.org/docs/messages/module-not-found


./app/(dashboard)/page.tsx:23:1
Module not found: Can't resolve '@/components/nctirs/infrastructure/CNIHeatmap'
[0m [90m 21 |[39m [36mimport[39m { [33mDataLakeMonitor[39m } [36mfrom[39m [32m"@/components/nctirs/infrastructure/DataLakeMonitor"[39m
 [90m 22 |[39m [36mimport[39m { [33mSystemArchitecture[39m } [36mfrom[39m [32m"@/components/nctirs/infrastructure/SystemArchitecture"[39m
[31m[1m>[22m[39m[90m 23 |[39m [36mimport[39m [33mCNIHeatmap[39m [36mfrom[39m [32m"@/components/nctirs/infrastructure/CNIHeatmap"[39m
 [90m    |[39m [31m[1m^[22m[39m[31m[1m^[22m[39m[31m[1m^[22m[39m[31m[1m^[22m[39m[31m[1m^[22m[39m[31m[1m^[22m[39m[31m[1m^[22m[39m[31m[1m^[22m[39m[31m[1m^[22m[39m[31m[1m^[22m[39m[31m[1m^[22m[39m[31m[1m^[22m[39m[31m[1m^[22m[39m[31m[1m^[22m[39m[31m[1m^[22m[39m[31m[1m^[22m[39m[31m[1m^[22m[39m[31m[1m^[22m[39m[31m[1m^[22m[39m[31m[1m^[22m[39m[31m[1m^[22m[39m[31m[1m^[22m[39m[31m[1m^[22m[39m[31m[1m^[22m[39m[31m[1m^[22m[39m[31m[1m^[22m[39m[31m[1m^[22m[39m[31m[1m^[22m[39m[31m[1m^[22m[39m[31m[1m^[22m[39m[31m[1m^[22m[39m[31m[1m^[22m[39m[31m[1m^[22m[39m[31m[1m^[22m[39m[31m[1m^[22m[39m[31m[1m^[22m[39m[31m[1m^[22m[39m[31m[1m^[22m[39m[31m[1m^[22m[39m[31m[1m^[22m[39m[31m[1m^[22m[39m[31m[1m^[22m[39m[31m[1m^[22m[39m[31m[1m^[22m[39m[31m[1m^[22m[39m[31m[1m^[22m[39m[31m[1m^[22m[39m[31m[1m^[22m[39m[31m[1m^[22m[39m[31m[1m^[22m[39m[31m[1m^[22m[39m[31m[1m^[22m[39m[31m[1m^[22m[39m[31m[1m^[22m[39m[31m[1m^[22m[39m[31m[1m^[22m[39m[31m[1m^[22m[39m[31m[1m^[22m[39m[31m[1m^[22m[39m[31m[1m^[22m[39m[31m[1m^[22m[39m[31m[1m^[22m[39m[31m[1m^[22m[39m[31m[1m^[22m[39m[31m[1m^[22m[39m[31m[1m^[22m[39m[31m[1m^[22m[39m[31m[1m^[22m[39m[31m[1m^[22m[39m[31m[1m^[22m[39m
 [90m 24 |[39m [90m// Intelligence components[39m
 [90m 25 |[39m [36mimport[39m [33mAIAssistantPanel[39m [36mfrom[39m [32m"@/components/nctirs/intelligence/AIAssistantPanel"[39m
 [90m 26 |[39m [36mimport[39m [33mInterAgencyFusion[39m [36mfrom[39m [32m"@/components/nctirs/intelligence/InterAgencyFusion"[39m[0m

Import map: aliased to relative './src/components/nctirs/infrastructure/CNIHeatmap' inside of [project]/


Import traces:
  Client Component Browser:
    ./app/(dashboard)/page.tsx [Client Component Browser]
    ./app/(dashboard)/page.tsx [Server Component]

  Client Component SSR:
    ./app/(dashboard)/page.tsx [Client Component SSR]
    ./app/(dashboard)/page.tsx [Server Component]

https://nextjs.org/docs/messages/module-not-found


./app/(dashboard)/page.tsx:21:1
Module not found: Can't resolve '@/components/nctirs/infrastructure/DataLakeMonitor'
[0m [90m 19 |[39m [36mimport[39m { [33mCommunityReports[39m } [36mfrom[39m [32m"@/components/nctirs/surveillance/CommunityReports"[39m
 [90m 20 |[39m [90m// Infrastructure components[39m
[31m[1m>[22m[39m[90m 21 |[39m [36mimport[39m { [33mDataLakeMonitor[39m } [36mfrom[39m [32m"@/components/nctirs/infrastructure/DataLakeMonitor"[39m
 [90m    |[39m [31m[1m^[22m[39m[31m[1m^[22m[39m[31m[1m^[22m[39m[31m[1m^[22m[39m[31m[1m^[22m[39m[31m[1m^[22m[39m[31m[1m^[22m[39m[31m[1m^[22m[39m[31m[1m^[22m[39m[31m[1m^[22m[39m[31m[1m^[22m[39m[31m[1m^[22m[39m[31m[1m^[22m[39m[31m[1m^[22m[39m[31m[1m^[22m[39m[31m[1m^[22m[39m[31m[1m^[22m[39m[31m[1m^[22m[39m[31m[1m^[22m[39m[31m[1m^[22m[39m[31m[1m^[22m[39m[31m[1m^[22m[39m[31m[1m^[22m[39m[31m[1m^[22m[39m[31m[1m^[22m[39m[31m[1m^[22m[39m[31m[1m^[22m[39m[31m[1m^[22m[39m[31m[1m^[22m[39m[31m[1m^[22m[39m[31m[1m^[22m[39m[31m[1m^[22m[39m[31m[1m^[22m[39m[31m[1m^[22m[39m[31m[1m^[22m[39m[31m[1m^[22m[39m[31m[1m^[22m[39m[31m[1m^[22m[39m[31m[1m^[22m[39m[31m[1m^[22m[39m[31m[1m^[22m[39m[31m[1m^[22m[39m[31m[1m^[22m[39m[31m[1m^[22m[39m[31m[1m^[22m[39m[31m[1m^[22m[39m[31m[1m^[22m[39m[31m[1m^[22m[39m[31m[1m^[22m[39m[31m[1m^[22m[39m[31m[1m^[22m[39m[31m[1m^[22m[39m[31m[1m^[22m[39m[31m[1m^[22m[39m[31m[1m^[22m[39m[31m[1m^[22m[39m[31m[1m^[22m[39m[31m[1m^[22m[39m[31m[1m^[22m[39m[31m[1m^[22m[39m[31m[1m^[22m[39m[31m[1m^[22m[39m[31m[1m^[22m[39m[31m[1m^[22m[39m[31m[1m^[22m[39m[31m[1m^[22m[39m[31m[1m^[22m[39m[31m[1m^[22m[39m[31m[1m^[22m[39m[31m[1m^[22m[39m[31m[1m^[22m[39m[31m[1m^[22m[39m[31m[1m^[22m[39m[31m[1m^[22m[39m[31m[1m^[22m[39m[31m[1m^[22m[39m[31m[1m^[22m[39m[31m[1m^[22m[39m[31m[1m^[22m[39m[31m[1m^[22m[39m[31m[1m^[22m[39m[31m[1m^[22m[39m[31m[1m^[22m[39m[31m[1m^[22m[39m
 [90m 22 |[39m [36mimport[39m { [33mSystemArchitecture[39m } [36mfrom[39m [32m"@/components/nctirs/infrastructure/SystemArchitecture"[39m
 [90m 23 |[39m [36mimport[39m [33mCNIHeatmap[39m [36mfrom[39m [32m"@/components/nctirs/infrastructure/CNIHeatmap"[39m
 [90m 24 |[39m [90m// Intelligence components[39m[0m

Import map: aliased to relative './src/components/nctirs/infrastructure/DataLakeMonitor' inside of [project]/


Import traces:
  Client Component Browser:
    ./app/(dashboard)/page.tsx [Client Component Browser]
    ./app/(dashboard)/page.tsx [Server Component]

  Client Component SSR:
    ./app/(dashboard)/page.tsx [Client Component SSR]
    ./app/(dashboard)/page.tsx [Server Component]

https://nextjs.org/docs/messages/module-not-found


./app/(dashboard)/page.tsx:22:1
Module not found: Can't resolve '@/components/nctirs/infrastructure/SystemArchitecture'
[0m [90m 20 |[39m [90m// Infrastructure components[39m
 [90m 21 |[39m [36mimport[39m { [33mDataLakeMonitor[39m } [36mfrom[39m [32m"@/components/nctirs/infrastructure/DataLakeMonitor"[39m
[31m[1m>[22m[39m[90m 22 |[39m [36mimport[39m { [33mSystemArchitecture[39m } [36mfrom[39m [32m"@/components/nctirs/infrastructure/SystemArchitecture"[39m
 [90m    |[39m [31m[1m^[22m[39m[31m[1m^[22m[39m[31m[1m^[22m[39m[31m[1m^[22m[39m[31m[1m^[22m[39m[31m[1m^[22m[39m[31m[1m^[22m[39m[31m[1m^[22m[39m[31m[1m^[22m[39m[31m[1m^[22m[39m[31m[1m^[22m[39m[31m[1m^[22m[39m[31m[1m^[22m[39m[31m[1m^[22m[39m[31m[1m^[22m[39m[31m[1m^[22m[39m[31m[1m^[22m[39m[31m[1m^[22m[39m[31m[1m^[22m[39m[31m[1m^[22m[39m[31m[1m^[22m[39m[31m[1m^[22m[39m[31m[1m^[22m[39m[31m[1m^[22m[39m[31m[1m^[22m[39m[31m[1m^[22m[39m[31m[1m^[22m[39m[31m[1m^[22m[39m[31m[1m^[22m[39m[31m[1m^[22m[39m[31m[1m^[22m[39m[31m[1m^[22m[39m[31m[1m^[22m[39m[31m[1m^[22m[39m[31m[1m^[22m[39m[31m[1m^[22m[39m[31m[1m^[22m[39m[31m[1m^[22m[39m[31m[1m^[22m[39m[31m[1m^[22m[39m[31m[1m^[22m[39m[31m[1m^[22m[39m[31m[1m^[22m[39m[31m[1m^[22m[39m[31m[1m^[22m[39m[31m[1m^[22m[39m[31m[1m^[22m[39m[31m[1m^[22m[39m[31m[1m^[22m[39m[31m[1m^[22m[39m[31m[1m^[22m[39m[31m[1m^[22m[39m[31m[1m^[22m[39m[31m[1m^[22m[39m[31m[1m^[22m[39m[31m[1m^[22m[39m[31m[1m^[22m[39m[31m[1m^[22m[39m[31m[1m^[22m[39m[31m[1m^[22m[39m[31m[1m^[22m[39m[31m[1m^[22m[39m[31m[1m^[22m[39m[31m[1m^[22m[39m[31m[1m^[22m[39m[31m[1m^[22m[39m[31m[1m^[22m[39m[31m[1m^[22m[39m[31m[1m^[22m[39m[31m[1m^[22m[39m[31m[1m^[22m[39m[31m[1m^[22m[39m[31m[1m^[22m[39m[31m[1m^[22m[39m[31m[1m^[22m[39m[31m[1m^[22m[39m[31m[1m^[22m[39m[31m[1m^[22m[39m[31m[1m^[22m[39m[31m[1m^[22m[39m[31m[1m^[22m[39m[31m[1m^[22m[39m[31m[1m^[22m[39m[31m[1m^[22m[39m[31m[1m^[22m[39m[31m[1m^[22m[39m[31m[1m^[22m[39m[31m[1m^[22m[39m[31m[1m^[22m[39m[31m[1m^[22m[39m
 [90m 23 |[39m [36mimport[39m [33mCNIHeatmap[39m [36mfrom[39m [32m"@/components/nctirs/infrastructure/CNIHeatmap"[39m
 [90m 24 |[39m [90m// Intelligence components[39m
 [90m 25 |[39m [36mimport[39m [33mAIAssistantPanel[39m [36mfrom[39m [32m"@/components/nctirs/intelligence/AIAssistantPanel"[39m[0m

Import map: aliased to relative './src/components/nctirs/infrastructure/SystemArchitecture' inside of [project]/


Import traces:
  Client Component Browser:
    ./app/(dashboard)/page.tsx [Client Component Browser]
    ./app/(dashboard)/page.tsx [Server Component]

  Client Component SSR:
    ./app/(dashboard)/page.tsx [Client Component SSR]
    ./app/(dashboard)/page.tsx [Server Component]

https://nextjs.org/docs/messages/module-not-found


./app/(dashboard)/page.tsx:25:1
Module not found: Can't resolve '@/components/nctirs/intelligence/AIAssistantPanel'
[0m [90m 23 |[39m [36mimport[39m [33mCNIHeatmap[39m [36mfrom[39m [32m"@/components/nctirs/infrastructure/CNIHeatmap"[39m
 [90m 24 |[39m [90m// Intelligence components[39m
[31m[1m>[22m[39m[90m 25 |[39m [36mimport[39m [33mAIAssistantPanel[39m [36mfrom[39m [32m"@/components/nctirs/intelligence/AIAssistantPanel"[39m
 [90m    |[39m [31m[1m^[22m[39m[31m[1m^[22m[39m[31m[1m^[22m[39m[31m[1m^[22m[39m[31m[1m^[22m[39m[31m[1m^[22m[39m[31m[1m^[22m[39m[31m[1m^[22m[39m[31m[1m^[22m[39m[31m[1m^[22m[39m[31m[1m^[22m[39m[31m[1m^[22m[39m[31m[1m^[22m[39m[31m[1m^[22m[39m[31m[1m^[22m[39m[31m[1m^[22m[39m[31m[1m^[22m[39m[31m[1m^[22m[39m[31m[1m^[22m[39m[31m[1m^[22m[39m[31m[1m^[22m[39m[31m[1m^[22m[39m[31m[1m^[22m[39m[31m[1m^[22m[39m[31m[1m^[22m[39m[31m[1m^[22m[39m[31m[1m^[22m[39m[31m[1m^[22m[39m[31m[1m^[22m[39m[31m[1m^[22m[39m[31m[1m^[22m[39m[31m[1m^[22m[39m[31m[1m^[22m[39m[31m[1m^[22m[39m[31m[1m^[22m[39m[31m[1m^[22m[39m[31m[1m^[22m[39m[31m[1m^[22m[39m[31m[1m^[22m[39m[31m[1m^[22m[39m[31m[1m^[22m[39m[31m[1m^[22m[39m[31m[1m^[22m[39m[31m[1m^[22m[39m[31m[1m^[22m[39m[31m[1m^[22m[39m[31m[1m^[22m[39m[31m[1m^[22m[39m[31m[1m^[22m[39m[31m[1m^[22m[39m[31m[1m^[22m[39m[31m[1m^[22m[39m[31m[1m^[22m[39m[31m[1m^[22m[39m[31m[1m^[22m[39m[31m[1m^[22m[39m[31m[1m^[22m[39m[31m[1m^[22m[39m[31m[1m^[22m[39m[31m[1m^[22m[39m[31m[1m^[22m[39m[31m[1m^[22m[39m[31m[1m^[22m[39m[31m[1m^[22m[39m[31m[1m^[22m[39m[31m[1m^[22m[39m[31m[1m^[22m[39m[31m[1m^[22m[39m[31m[1m^[22m[39m[31m[1m^[22m[39m[31m[1m^[22m[39m[31m[1m^[22m[39m[31m[1m^[22m[39m[31m[1m^[22m[39m[31m[1m^[22m[39m[31m[1m^[22m[39m[31m[1m^[22m[39m[31m[1m^[22m[39m[31m[1m^[22m[39m[31m[1m^[22m[39m
 [90m 26 |[39m [36mimport[39m [33mInterAgencyFusion[39m [36mfrom[39m [32m"@/components/nctirs/intelligence/InterAgencyFusion"[39m
 [90m 27 |[39m [36mimport[39m [33mForensicLedger[39m [36mfrom[39m [32m"@/components/nctirs/intelligence/ForensicLedger"[39m
 [90m 28 |[39m [36mimport[39m [33mFederatedLearningHub[39m [36mfrom[39m [32m"@/components/nctirs/intelligence/FederatedLearningHub"[39m[0m

Import map: aliased to relative './src/components/nctirs/intelligence/AIAssistantPanel' inside of [project]/


Import traces:
  Client Component Browser:
    ./app/(dashboard)/page.tsx [Client Component Browser]
    ./app/(dashboard)/page.tsx [Server Component]

  Client Component SSR:
    ./app/(dashboard)/page.tsx [Client Component SSR]
    ./app/(dashboard)/page.tsx [Server Component]

https://nextjs.org/docs/messages/module-not-found


./app/(dashboard)/page.tsx:28:1
Module not found: Can't resolve '@/components/nctirs/intelligence/FederatedLearningHub'
[0m [90m 26 |[39m [36mimport[39m [33mInterAgencyFusion[39m [36mfrom[39m [32m"@/components/nctirs/intelligence/InterAgencyFusion"[39m
 [90m 27 |[39m [36mimport[39m [33mForensicLedger[39m [36mfrom[39m [32m"@/components/nctirs/intelligence/ForensicLedger"[39m
[31m[1m>[22m[39m[90m 28 |[39m [36mimport[39m [33mFederatedLearningHub[39m [36mfrom[39m [32m"@/components/nctirs/intelligence/FederatedLearningHub"[39m
 [90m    |[39m [31m[1m^[22m[39m[31m[1m^[22m[39m[31m[1m^[22m[39m[31m[1m^[22m[39m[31m[1m^[22m[39m[31m[1m^[22m[39m[31m[1m^[22m[39m[31m[1m^[22m[39m[31m[1m^[22m[39m[31m[1m^[22m[39m[31m[1m^[22m[39m[31m[1m^[22m[39m[31m[1m^[22m[39m[31m[1m^[22m[39m[31m[1m^[22m[39m[31m[1m^[22m[39m[31m[1m^[22m[39m[31m[1m^[22m[39m[31m[1m^[22m[39m[31m[1m^[22m[39m[31m[1m^[22m[39m[31m[1m^[22m[39m[31m[1m^[22m[39m[31m[1m^[22m[39m[31m[1m^[22m[39m[31m[1m^[22m[39m[31m[1m^[22m[39m[31m[1m^[22m[39m[31m[1m^[22m[39m[31m[1m^[22m[39m[31m[1m^[22m[39m[31m[1m^[22m[39m[31m[1m^[22m[39m[31m[1m^[22m[39m[31m[1m^[22m[39m[31m[1m^[22m[39m[31m[1m^[22m[39m[31m[1m^[22m[39m[31m[1m^[22m[39m[31m[1m^[22m[39m[31m[1m^[22m[39m[31m[1m^[22m[39m[31m[1m^[22m[39m[31m[1m^[22m[39m[31m[1m^[22m[39m[31m[1m^[22m[39m[31m[1m^[22m[39m[31m[1m^[22m[39m[31m[1m^[22m[39m[31m[1m^[22m[39m[31m[1m^[22m[39m[31m[1m^[22m[39m[31m[1m^[22m[39m[31m[1m^[22m[39m[31m[1m^[22m[39m[31m[1m^[22m[39m[31m[1m^[22m[39m[31m[1m^[22m[39m[31m[1m^[22m[39m[31m[1m^[22m[39m[31m[1m^[22m[39m[31m[1m^[22m[39m[31m[1m^[22m[39m[31m[1m^[22m[39m[31m[1m^[22m[39m[31m[1m^[22m[39m[31m[1m^[22m[39m[31m[1m^[22m[39m[31m[1m^[22m[39m[31m[1m^[22m[39m[31m[1m^[22m[39m[31m[1m^[22m[39m[31m[1m^[22m[39m[31m[1m^[22m[39m[31m[1m^[22m[39m[31m[1m^[22m[39m[31m[1m^[22m[39m[31m[1m^[22m[39m[31m[1m^[22m[39m[31m[1m^[22m[39m[31m[1m^[22m[39m[31m[1m^[22m[39m[31m[1m^[22m[39m[31m[1m^[22m[39m[31m[1m^[22m[39m[31m[1m^[22m[39m[31m[1m^[22m[39m[31m[1m^[22m[39m
 [90m 29 |[39m [36mimport[39m { [33mXAIPanel[39m } [36mfrom[39m [32m"@/components/nctirs/intelligence/XAIPanel"[39m
 [90m 30 |[39m [36mimport[39m [33mSovereignAIStatusPanel[39m [36mfrom[39m [32m"@/components/nctirs/intelligence/SovereignAIStatusPanel"[39m
 [90m 31 |[39m [90m// Compliance components[39m[0m

Import map: aliased to relative './src/components/nctirs/intelligence/FederatedLearningHub' inside of [project]/


Import traces:
  Client Component Browser:
    ./app/(dashboard)/page.tsx [Client Component Browser]
    ./app/(dashboard)/page.tsx [Server Component]

  Client Component SSR:
    ./app/(dashboard)/page.tsx [Client Component SSR]
    ./app/(dashboard)/page.tsx [Server Component]

https://nextjs.org/docs/messages/module-not-found


./app/(dashboard)/page.tsx:27:1
Module not found: Can't resolve '@/components/nctirs/intelligence/ForensicLedger'
[0m [90m 25 |[39m [36mimport[39m [33mAIAssistantPanel[39m [36mfrom[39m [32m"@/components/nctirs/intelligence/AIAssistantPanel"[39m
 [90m 26 |[39m [36mimport[39m [33mInterAgencyFusion[39m [36mfrom[39m [32m"@/components/nctirs/intelligence/InterAgencyFusion"[39m
[31m[1m>[22m[39m[90m 27 |[39m [36mimport[39m [33mForensicLedger[39m [36mfrom[39m [32m"@/components/nctirs/intelligence/ForensicLedger"[39m
 [90m    |[39m [31m[1m^[22m[39m[31m[1m^[22m[39m[31m[1m^[22m[39m[31m[1m^[22m[39m[31m[1m^[22m[39m[31m[1m^[22m[39m[31m[1m^[22m[39m[31m[1m^[22m[39m[31m[1m^[22m[39m[31m[1m^[22m[39m[31m[1m^[22m[39m[31m[1m^[22m[39m[31m[1m^[22m[39m[31m[1m^[22m[39m[31m[1m^[22m[39m[31m[1m^[22m[39m[31m[1m^[22m[39m[31m[1m^[22m[39m[31m[1m^[22m[39m[31m[1m^[22m[39m[31m[1m^[22m[39m[31m[1m^[22m[39m[31m[1m^[22m[39m[31m[1m^[22m[39m[31m[1m^[22m[39m[31m[1m^[22m[39m[31m[1m^[22m[39m[31m[1m^[22m[39m[31m[1m^[22m[39m[31m[1m^[22m[39m[31m[1m^[22m[39m[31m[1m^[22m[39m[31m[1m^[22m[39m[31m[1m^[22m[39m[31m[1m^[22m[39m[31m[1m^[22m[39m[31m[1m^[22m[39m[31m[1m^[22m[39m[31m[1m^[22m[39m[31m[1m^[22m[39m[31m[1m^[22m[39m[31m[1m^[22m[39m[31m[1m^[22m[39m[31m[1m^[22m[39m[31m[1m^[22m[39m[31m[1m^[22m[39m[31m[1m^[22m[39m[31m[1m^[22m[39m[31m[1m^[22m[39m[31m[1m^[22m[39m[31m[1m^[22m[39m[31m[1m^[22m[39m[31m[1m^[22m[39m[31m[1m^[22m[39m[31m[1m^[22m[39m[31m[1m^[22m[39m[31m[1m^[22m[39m[31m[1m^[22m[39m[31m[1m^[22m[39m[31m[1m^[22m[39m[31m[1m^[22m[39m[31m[1m^[22m[39m[31m[1m^[22m[39m[31m[1m^[22m[39m[31m[1m^[22m[39m[31m[1m^[22m[39m[31m[1m^[22m[39m[31m[1m^[22m[39m[31m[1m^[22m[39m[31m[1m^[22m[39m[31m[1m^[22m[39m[31m[1m^[22m[39m[31m[1m^[22m[39m[31m[1m^[22m[39m[31m[1m^[22m[39m[31m[1m^[22m[39m
 [90m 28 |[39m [36mimport[39m [33mFederatedLearningHub[39m [36mfrom[39m [32m"@/components/nctirs/intelligence/FederatedLearningHub"[39m
 [90m 29 |[39m [36mimport[39m { [33mXAIPanel[39m } [36mfrom[39m [32m"@/components/nctirs/intelligence/XAIPanel"[39m
 [90m 30 |[39m [36mimport[39m [33mSovereignAIStatusPanel[39m [36mfrom[39m [32m"@/components/nctirs/intelligence/SovereignAIStatusPanel"[39m[0m

Import map: aliased to relative './src/components/nctirs/intelligence/ForensicLedger' inside of [project]/


Import traces:
  Client Component Browser:
    ./app/(dashboard)/page.tsx [Client Component Browser]
    ./app/(dashboard)/page.tsx [Server Component]

  Client Component SSR:
    ./app/(dashboard)/page.tsx [Client Component SSR]
    ./app/(dashboard)/page.tsx [Server Component]

https://nextjs.org/docs/messages/module-not-found


./app/(dashboard)/page.tsx:26:1
Module not found: Can't resolve '@/components/nctirs/intelligence/InterAgencyFusion'
[0m [90m 24 |[39m [90m// Intelligence components[39m
 [90m 25 |[39m [36mimport[39m [33mAIAssistantPanel[39m [36mfrom[39m [32m"@/components/nctirs/intelligence/AIAssistantPanel"[39m
[31m[1m>[22m[39m[90m 26 |[39m [36mimport[39m [33mInterAgencyFusion[39m [36mfrom[39m [32m"@/components/nctirs/intelligence/InterAgencyFusion"[39m
 [90m    |[39m [31m[1m^[22m[39m[31m[1m^[22m[39m[31m[1m^[22m[39m[31m[1m^[22m[39m[31m[1m^[22m[39m[31m[1m^[22m[39m[31m[1m^[22m[39m[31m[1m^[22m[39m[31m[1m^[22m[39m[31m[1m^[22m[39m[31m[1m^[22m[39m[31m[1m^[22m[39m[31m[1m^[22m[39m[31m[1m^[22m[39m[31m[1m^[22m[39m[31m[1m^[22m[39m[31m[1m^[22m[39m[31m[1m^[22m[39m[31m[1m^[22m[39m[31m[1m^[22m[39m[31m[1m^[22m[39m[31m[1m^[22m[39m[31m[1m^[22m[39m[31m[1m^[22m[39m[31m[1m^[22m[39m[31m[1m^[22m[39m[31m[1m^[22m[39m[31m[1m^[22m[39m[31m[1m^[22m[39m[31m[1m^[22m[39m[31m[1m^[22m[39m[31m[1m^[22m[39m[31m[1m^[22m[39m[31m[1m^[22m[39m[31m[1m^[22m[39m[31m[1m^[22m[39m[31m[1m^[22m[39m[31m[1m^[22m[39m[31m[1m^[22m[39m[31m[1m^[22m[39m[31m[1m^[22m[39m[31m[1m^[22m[39m[31m[1m^[22m[39m[31m[1m^[22m[39m[31m[1m^[22m[39m[31m[1m^[22m[39m[31m[1m^[22m[39m[31m[1m^[22m[39m[31m[1m^[22m[39m[31m[1m^[22m[39m[31m[1m^[22m[39m[31m[1m^[22m[39m[31m[1m^[22m[39m[31m[1m^[22m[39m[31m[1m^[22m[39m[31m[1m^[22m[39m[31m[1m^[22m[39m[31m[1m^[22m[39m[31m[1m^[22m[39m[31m[1m^[22m[39m[31m[1m^[22m[39m[31m[1m^[22m[39m[31m[1m^[22m[39m[31m[1m^[22m[39m[31m[1m^[22m[39m[31m[1m^[22m[39m[31m[1m^[22m[39m[31m[1m^[22m[39m[31m[1m^[22m[39m[31m[1m^[22m[39m[31m[1m^[22m[39m[31m[1m^[22m[39m[31m[1m^[22m[39m[31m[1m^[22m[39m[31m[1m^[22m[39m[31m[1m^[22m[39m[31m[1m^[22m[39m[31m[1m^[22m[39m[31m[1m^[22m[39m[31m[1m^[22m[39m[31m[1m^[22m[39m[31m[1m^[22m[39m
 [90m 27 |[39m [36mimport[39m [33mForensicLedger[39m [36mfrom[39m [32m"@/components/nctirs/intelligence/ForensicLedger"[39m
 [90m 28 |[39m [36mimport[39m [33mFederatedLearningHub[39m [36mfrom[39m [32m"@/components/nctirs/intelligence/FederatedLearningHub"[39m
 [90m 29 |[39m [36mimport[39m { [33mXAIPanel[39m } [36mfrom[39m [32m"@/components/nctirs/intelligence/XAIPanel"[39m[0m

Import map: aliased to relative './src/components/nctirs/intelligence/InterAgencyFusion' inside of [project]/


Import traces:
  Client Component Browser:
    ./app/(dashboard)/page.tsx [Client Component Browser]
    ./app/(dashboard)/page.tsx [Server Component]

  Client Component SSR:
    ./app/(dashboard)/page.tsx [Client Component SSR]
    ./app/(dashboard)/page.tsx [Server Component]

https://nextjs.org/docs/messages/module-not-found


./app/(dashboard)/page.tsx:30:1
Module not found: Can't resolve '@/components/nctirs/intelligence/SovereignAIStatusPanel'
[0m [90m 28 |[39m [36mimport[39m [33mFederatedLearningHub[39m [36mfrom[39m [32m"@/components/nctirs/intelligence/FederatedLearningHub"[39m
 [90m 29 |[39m [36mimport[39m { [33mXAIPanel[39m } [36mfrom[39m [32m"@/components/nctirs/intelligence/XAIPanel"[39m
[31m[1m>[22m[39m[90m 30 |[39m [36mimport[39m [33mSovereignAIStatusPanel[39m [36mfrom[39m [32m"@/components/nctirs/intelligence/SovereignAIStatusPanel"[39m
 [90m    |[39m [31m[1m^[22m[39m[31m[1m^[22m[39m[31m[1m^[22m[39m[31m[1m^[22m[39m[31m[1m^[22m[39m[31m[1m^[22m[39m[31m[1m^[22m[39m[31m[1m^[22m[39m[31m[1m^[22m[39m[31m[1m^[22m[39m[31m[1m^[22m[39m[31m[1m^[22m[39m[31m[1m^[22m[39m[31m[1m^[22m[39m[31m[1m^[22m[39m[31m[1m^[22m[39m[31m[1m^[22m[39m[31m[1m^[22m[39m[31m[1m^[22m[39m[31m[1m^[22m[39m[31m[1m^[22m[39m[31m[1m^[22m[39m[31m[1m^[22m[39m[31m[1m^[22m[39m[31m[1m^[22m[39m[31m[1m^[22m[39m[31m[1m^[22m[39m[31m[1m^[22m[39m[31m[1m^[22m[39m[31m[1m^[22m[39m[31m[1m^[22m[39m[31m[1m^[22m[39m[31m[1m^[22m[39m[31m[1m^[22m[39m[31m[1m^[22m[39m[31m[1m^[22m[39m[31m[1m^[22m[39m[31m[1m^[22m[39m[31m[1m^[22m[39m[31m[1m^[22m[39m[31m[1m^[22m[39m[31m[1m^[22m[39m[31m[1m^[22m[39m[31m[1m^[22m[39m[31m[1m^[22m[39m[31m[1m^[22m[39m[31m[1m^[22m[39m[31m[1m^[22m[39m[31m[1m^[22m[39m[31m[1m^[22m[39m[31m[1m^[22m[39m[31m[1m^[22m[39m[31m[1m^[22m[39m[31m[1m^[22m[39m[31m[1m^[22m[39m[31m[1m^[22m[39m[31m[1m^[22m[39m[31m[1m^[22m[39m[31m[1m^[22m[39m[31m[1m^[22m[39m[31m[1m^[22m[39m[31m[1m^[22m[39m[31m[1m^[22m[39m[31m[1m^[22m[39m[31m[1m^[22m[39m[31m[1m^[22m[39m[31m[1m^[22m[39m[31m[1m^[22m[39m[31m[1m^[22m[39m[31m[1m^[22m[39m[31m[1m^[22m[39m[31m[1m^[22m[39m[31m[1m^[22m[39m[31m[1m^[22m[39m[31m[1m^[22m[39m[31m[1m^[22m[39m[31m[1m^[22m[39m[31m[1m^[22m[39m[31m[1m^[22m[39m[31m[1m^[22m[39m[31m[1m^[22m[39m[31m[1m^[22m[39m[31m[1m^[22m[39m[31m[1m^[22m[39m[31m[1m^[22m[39m[31m[1m^[22m[39m[31m[1m^[22m[39m[31m[1m^[22m[39m[31m[1m^[22m[39m[31m[1m^[22m[39m[31m[1m^[22m[39m[31m[1m^[22m[39m
 [90m 31 |[39m [90m// Compliance components[39m
 [90m 32 |[39m [36mimport[39m [33mKenyaContextPanel[39m [36mfrom[39m [32m"@/components/nctirs/compliance/KenyaContextPanel"[39m
 [90m 33 |[39m [90m// Shared components[39m[0m

Import map: aliased to relative './src/components/nctirs/intelligence/SovereignAIStatusPanel' inside of [project]/


Import traces:
  Client Component Browser:
    ./app/(dashboard)/page.tsx [Client Component Browser]
    ./app/(dashboard)/page.tsx [Server Component]

  Client Component SSR:
    ./app/(dashboard)/page.tsx [Client Component SSR]
    ./app/(dashboard)/page.tsx [Server Component]

https://nextjs.org/docs/messages/module-not-found


./app/(dashboard)/page.tsx:29:1
Module not found: Can't resolve '@/components/nctirs/intelligence/XAIPanel'
[0m [90m 27 |[39m [36mimport[39m [33mForensicLedger[39m [36mfrom[39m [32m"@/components/nctirs/intelligence/ForensicLedger"[39m
 [90m 28 |[39m [36mimport[39m [33mFederatedLearningHub[39m [36mfrom[39m [32m"@/components/nctirs/intelligence/FederatedLearningHub"[39m
[31m[1m>[22m[39m[90m 29 |[39m [36mimport[39m { [33mXAIPanel[39m } [36mfrom[39m [32m"@/components/nctirs/intelligence/XAIPanel"[39m
 [90m    |[39m [31m[1m^[22m[39m[31m[1m^[22m[39m[31m[1m^[22m[39m[31m[1m^[22m[39m[31m[1m^[22m[39m[31m[1m^[22m[39m[31m[1m^[22m[39m[31m[1m^[22m[39m[31m[1m^[22m[39m[31m[1m^[22m[39m[31m[1m^[22m[39m[31m[1m^[22m[39m[31m[1m^[22m[39m[31m[1m^[22m[39m[31m[1m^[22m[39m[31m[1m^[22m[39m[31m[1m^[22m[39m[31m[1m^[22m[39m[31m[1m^[22m[39m[31m[1m^[22m[39m[31m[1m^[22m[39m[31m[1m^[22m[39m[31m[1m^[22m[39m[31m[1m^[22m[39m[31m[1m^[22m[39m[31m[1m^[22m[39m[31m[1m^[22m[39m[31m[1m^[22m[39m[31m[1m^[22m[39m[31m[1m^[22m[39m[31m[1m^[22m[39m[31m[1m^[22m[39m[31m[1m^[22m[39m[31m[1m^[22m[39m[31m[1m^[22m[39m[31m[1m^[22m[39m[31m[1m^[22m[39m[31m[1m^[22m[39m[31m[1m^[22m[39m[31m[1m^[22m[39m[31m[1m^[22m[39m[31m[1m^[22m[39m[31m[1m^[22m[39m[31m[1m^[22m[39m[31m[1m^[22m[39m[31m[1m^[22m[39m[31m[1m^[22m[39m[31m[1m^[22m[39m[31m[1m^[22m[39m[31m[1m^[22m[39m[31m[1m^[22m[39m[31m[1m^[22m[39m[31m[1m^[22m[39m[31m[1m^[22m[39m[31m[1m^[22m[39m[31m[1m^[22m[39m[31m[1m^[22m[39m[31m[1m^[22m[39m[31m[1m^[22m[39m[31m[1m^[22m[39m[31m[1m^[22m[39m[31m[1m^[22m[39m[31m[1m^[22m[39m[31m[1m^[22m[39m[31m[1m^[22m[39m[31m[1m^[22m[39m[31m[1m^[22m[39m[31m[1m^[22m[39m
 [90m 30 |[39m [36mimport[39m [33mSovereignAIStatusPanel[39m [36mfrom[39m [32m"@/components/nctirs/intelligence/SovereignAIStatusPanel"[39m
 [90m 31 |[39m [90m// Compliance components[39m
 [90m 32 |[39m [36mimport[39m [33mKenyaContextPanel[39m [36mfrom[39m [32m"@/components/nctirs/compliance/KenyaContextPanel"[39m[0m

Import map: aliased to relative './src/components/nctirs/intelligence/XAIPanel' inside of [project]/


Import traces:
  Client Component Browser:
    ./app/(dashboard)/page.tsx [Client Component Browser]
    ./app/(dashboard)/page.tsx [Server Component]

  Client Component SSR:
    ./app/(dashboard)/page.tsx [Client Component SSR]
    ./app/(dashboard)/page.tsx [Server Component]

https://nextjs.org/docs/messages/module-not-found


./app/(dashboard)/page.tsx:5:1
Module not found: Can't resolve '@/components/nctirs/layout/Header'
[0m [90m 3 |[39m [36mimport[39m { useState[33m,[39m useEffect } [36mfrom[39m [32m"react"[39m
 [90m 4 |[39m [90m// Layout components[39m
[31m[1m>[22m[39m[90m 5 |[39m [36mimport[39m { [33mHeader[39m } [36mfrom[39m [32m"@/components/nctirs/layout/Header"[39m
 [90m   |[39m [31m[1m^[22m[39m[31m[1m^[22m[39m[31m[1m^[22m[39m[31m[1m^[22m[39m[31m[1m^[22m[39m[31m[1m^[22m[39m[31m[1m^[22m[39m[31m[1m^[22m[39m[31m[1m^[22m[39m[31m[1m^[22m[39m[31m[1m^[22m[39m[31m[1m^[22m[39m[31m[1m^[22m[39m[31m[1m^[22m[39m[31m[1m^[22m[39m[31m[1m^[22m[39m[31m[1m^[22m[39m[31m[1m^[22m[39m[31m[1m^[22m[39m[31m[1m^[22m[39m[31m[1m^[22m[39m[31m[1m^[22m[39m[31m[1m^[22m[39m[31m[1m^[22m[39m[31m[1m^[22m[39m[31m[1m^[22m[39m[31m[1m^[22m[39m[31m[1m^[22m[39m[31m[1m^[22m[39m[31m[1m^[22m[39m[31m[1m^[22m[39m[31m[1m^[22m[39m[31m[1m^[22m[39m[31m[1m^[22m[39m[31m[1m^[22m[39m[31m[1m^[22m[39m[31m[1m^[22m[39m[31m[1m^[22m[39m[31m[1m^[22m[39m[31m[1m^[22m[39m[31m[1m^[22m[39m[31m[1m^[22m[39m[31m[1m^[22m[39m[31m[1m^[22m[39m[31m[1m^[22m[39m[31m[1m^[22m[39m[31m[1m^[22m[39m[31m[1m^[22m[39m[31m[1m^[22m[39m[31m[1m^[22m[39m[31m[1m^[22m[39m[31m[1m^[22m[39m[31m[1m^[22m[39m[31m[1m^[22m[39m[31m[1m^[22m[39m[31m[1m^[22m[39m[31m[1m^[22m[39m[31m[1m^[22m[39m
 [90m 6 |[39m [90m// Threat components[39m
 [90m 7 |[39m [36mimport[39m { [33mThreatAnalyticsChart[39m } [36mfrom[39m [32m"@/components/nctirs/threat/ThreatAnalyticsChart"[39m
 [90m 8 |[39m [36mimport[39m { [33mThreatMap[39m } [36mfrom[39m [32m"@/components/nctirs/threat/ThreatMap"[39m[0m

Import map: aliased to relative './src/components/nctirs/layout/Header' inside of [project]/


Import traces:
  Client Component Browser:
    ./app/(dashboard)/page.tsx [Client Component Browser]
    ./app/(dashboard)/page.tsx [Server Component]

  Client Component SSR:
    ./app/(dashboard)/page.tsx [Client Component SSR]
    ./app/(dashboard)/page.tsx [Server Component]

https://nextjs.org/docs/messages/module-not-found


./app/(dashboard)/page.tsx:35:1
Module not found: Can't resolve '@/components/nctirs/shared/DemoModeController'
[0m [90m 33 |[39m [90m// Shared components[39m
 [90m 34 |[39m [36mimport[39m [33mMultiplayerSession[39m [36mfrom[39m [32m"@/components/nctirs/shared/MultiplayerSession"[39m
[31m[1m>[22m[39m[90m 35 |[39m [36mimport[39m [33mDemoModeController[39m [36mfrom[39m [32m"@/components/nctirs/shared/DemoModeController"[39m
 [90m    |[39m [31m[1m^[22m[39m[31m[1m^[22m[39m[31m[1m^[22m[39m[31m[1m^[22m[39m[31m[1m^[22m[39m[31m[1m^[22m[39m[31m[1m^[22m[39m[31m[1m^[22m[39m[31m[1m^[22m[39m[31m[1m^[22m[39m[31m[1m^[22m[39m[31m[1m^[22m[39m[31m[1m^[22m[39m[31m[1m^[22m[39m[31m[1m^[22m[39m[31m[1m^[22m[39m[31m[1m^[22m[39m[31m[1m^[22m[39m[31m[1m^[22m[39m[31m[1m^[22m[39m[31m[1m^[22m[39m[31m[1m^[22m[39m[31m[1m^[22m[39m[31m[1m^[22m[39m[31m[1m^[22m[39m[31m[1m^[22m[39m[31m[1m^[22m[39m[31m[1m^[22m[39m[31m[1m^[22m[39m[31m[1m^[22m[39m[31m[1m^[22m[39m[31m[1m^[22m[39m[31m[1m^[22m[39m[31m[1m^[22m[39m[31m[1m^[22m[39m[31m[1m^[22m[39m[31m[1m^[22m[39m[31m[1m^[22m[39m[31m[1m^[22m[39m[31m[1m^[22m[39m[31m[1m^[22m[39m[31m[1m^[22m[39m[31m[1m^[22m[39m[31m[1m^[22m[39m[31m[1m^[22m[39m[31m[1m^[22m[39m[31m[1m^[22m[39m[31m[1m^[22m[39m[31m[1m^[22m[39m[31m[1m^[22m[39m[31m[1m^[22m[39m[31m[1m^[22m[39m[31m[1m^[22m[39m[31m[1m^[22m[39m[31m[1m^[22m[39m[31m[1m^[22m[39m[31m[1m^[22m[39m[31m[1m^[22m[39m[31m[1m^[22m[39m[31m[1m^[22m[39m[31m[1m^[22m[39m[31m[1m^[22m[39m[31m[1m^[22m[39m[31m[1m^[22m[39m[31m[1m^[22m[39m[31m[1m^[22m[39m[31m[1m^[22m[39m[31m[1m^[22m[39m[31m[1m^[22m[39m[31m[1m^[22m[39m[31m[1m^[22m[39m[31m[1m^[22m[39m[31m[1m^[22m[39m[31m[1m^[22m[39m[31m[1m^[22m[39m[31m[1m^[22m[39m[31m[1m^[22m[39m[31m[1m^[22m[39m
 [90m 36 |[39m [36mimport[39m { [33mVoiceCommandPanel[39m } [36mfrom[39m [32m"@/components/nctirs/shared/VoiceCommandPanel"[39m
 [90m 37 |[39m [90m// Analytics tracking[39m
 [90m 38 |[39m [36mimport[39m { trackPageView[33m,[39m trackAction[33m,[39m trackPerformance } [36mfrom[39m [32m"@/lib/nctirs/analytics"[39m[0m

Import map: aliased to relative './src/components/nctirs/shared/DemoModeController' inside of [project]/


Import traces:
  Client Component Browser:
    ./app/(dashboard)/page.tsx [Client Component Browser]
    ./app/(dashboard)/page.tsx [Server Component]

  Client Component SSR:
    ./app/(dashboard)/page.tsx [Client Component SSR]
    ./app/(dashboard)/page.tsx [Server Component]

https://nextjs.org/docs/messages/module-not-found


./app/(dashboard)/page.tsx:34:1
Module not found: Can't resolve '@/components/nctirs/shared/MultiplayerSession'
[0m [90m 32 |[39m [36mimport[39m [33mKenyaContextPanel[39m [36mfrom[39m [32m"@/components/nctirs/compliance/KenyaContextPanel"[39m
 [90m 33 |[39m [90m// Shared components[39m
[31m[1m>[22m[39m[90m 34 |[39m [36mimport[39m [33mMultiplayerSession[39m [36mfrom[39m [32m"@/components/nctirs/shared/MultiplayerSession"[39m
 [90m    |[39m [31m[1m^[22m[39m[31m[1m^[22m[39m[31m[1m^[22m[39m[31m[1m^[22m[39m[31m[1m^[22m[39m[31m[1m^[22m[39m[31m[1m^[22m[39m[31m[1m^[22m[39m[31m[1m^[22m[39m[31m[1m^[22m[39m[31m[1m^[22m[39m[31m[1m^[22m[39m[31m[1m^[22m[39m[31m[1m^[22m[39m[31m[1m^[22m[39m[31m[1m^[22m[39m[31m[1m^[22m[39m[31m[1m^[22m[39m[31m[1m^[22m[39m[31m[1m^[22m[39m[31m[1m^[22m[39m[31m[1m^[22m[39m[31m[1m^[22m[39m[31m[1m^[22m[39m[31m[1m^[22m[39m[31m[1m^[22m[39m[31m[1m^[22m[39m[31m[1m^[22m[39m[31m[1m^[22m[39m[31m[1m^[22m[39m[31m[1m^[22m[39m[31m[1m^[22m[39m[31m[1m^[22m[39m[31m[1m^[22m[39m[31m[1m^[22m[39m[31m[1m^[22m[39m[31m[1m^[22m[39m[31m[1m^[22m[39m[31m[1m^[22m[39m[31m[1m^[22m[39m[31m[1m^[22m[39m[31m[1m^[22m[39m[31m[1m^[22m[39m[31m[1m^[22m[39m[31m[1m^[22m[39m[31m[1m^[22m[39m[31m[1m^[22m[39m[31m[1m^[22m[39m[31m[1m^[22m[39m[31m[1m^[22m[39m[31m[1m^[22m[39m[31m[1m^[22m[39m[31m[1m^[22m[39m[31m[1m^[22m[39m[31m[1m^[22m[39m[31m[1m^[22m[39m[31m[1m^[22m[39m[31m[1m^[22m[39m[31m[1m^[22m[39m[31m[1m^[22m[39m[31m[1m^[22m[39m[31m[1m^[22m[39m[31m[1m^[22m[39m[31m[1m^[22m[39m[31m[1m^[22m[39m[31m[1m^[22m[39m[31m[1m^[22m[39m[31m[1m^[22m[39m[31m[1m^[22m[39m[31m[1m^[22m[39m[31m[1m^[22m[39m[31m[1m^[22m[39m[31m[1m^[22m[39m[31m[1m^[22m[39m[31m[1m^[22m[39m[31m[1m^[22m[39m[31m[1m^[22m[39m[31m[1m^[22m[39m
 [90m 35 |[39m [36mimport[39m [33mDemoModeController[39m [36mfrom[39m [32m"@/components/nctirs/shared/DemoModeController"[39m
 [90m 36 |[39m [36mimport[39m { [33mVoiceCommandPanel[39m } [36mfrom[39m [32m"@/components/nctirs/shared/VoiceCommandPanel"[39m
 [90m 37 |[39m [90m// Analytics tracking[39m[0m

Import map: aliased to relative './src/components/nctirs/shared/MultiplayerSession' inside of [project]/


Import traces:
  Client Component Browser:
    ./app/(dashboard)/page.tsx [Client Component Browser]
    ./app/(dashboard)/page.tsx [Server Component]

  Client Component SSR:
    ./app/(dashboard)/page.tsx [Client Component SSR]
    ./app/(dashboard)/page.tsx [Server Component]

https://nextjs.org/docs/messages/module-not-found


./app/(dashboard)/page.tsx:36:1
Module not found: Can't resolve '@/components/nctirs/shared/VoiceCommandPanel'
[0m [90m 34 |[39m [36mimport[39m [33mMultiplayerSession[39m [36mfrom[39m [32m"@/components/nctirs/shared/MultiplayerSession"[39m
 [90m 35 |[39m [36mimport[39m [33mDemoModeController[39m [36mfrom[39m [32m"@/components/nctirs/shared/DemoModeController"[39m
[31m[1m>[22m[39m[90m 36 |[39m [36mimport[39m { [33mVoiceCommandPanel[39m } [36mfrom[39m [32m"@/components/nctirs/shared/VoiceCommandPanel"[39m
 [90m    |[39m [31m[1m^[22m[39m[31m[1m^[22m[39m[31m[1m^[22m[39m[31m[1m^[22m[39m[31m[1m^[22m[39m[31m[1m^[22m[39m[31m[1m^[22m[39m[31m[1m^[22m[39m[31m[1m^[22m[39m[31m[1m^[22m[39m[31m[1m^[22m[39m[31m[1m^[22m[39m[31m[1m^[22m[39m[31m[1m^[22m[39m[31m[1m^[22m[39m[31m[1m^[22m[39m[31m[1m^[22m[39m[31m[1m^[22m[39m[31m[1m^[22m[39m[31m[1m^[22m[39m[31m[1m^[22m[39m[31m[1m^[22m[39m[31m[1m^[22m[39m[31m[1m^[22m[39m[31m[1m^[22m[39m[31m[1m^[22m[39m[31m[1m^[22m[39m[31m[1m^[22m[39m[31m[1m^[22m[39m[31m[1m^[22m[39m[31m[1m^[22m[39m[31m[1m^[22m[39m[31m[1m^[22m[39m[31m[1m^[22m[39m[31m[1m^[22m[39m[31m[1m^[22m[39m[31m[1m^[22m[39m[31m[1m^[22m[39m[31m[1m^[22m[39m[31m[1m^[22m[39m[31m[1m^[22m[39m[31m[1m^[22m[39m[31m[1m^[22m[39m[31m[1m^[22m[39m[31m[1m^[22m[39m[31m[1m^[22m[39m[31m[1m^[22m[39m[31m[1m^[22m[39m[31m[1m^[22m[39m[31m[1m^[22m[39m[31m[1m^[22m[39m[31m[1m^[22m[39m[31m[1m^[22m[39m[31m[1m^[22m[39m[31m[1m^[22m[39m[31m[1m^[22m[39m[31m[1m^[22m[39m[31m[1m^[22m[39m[31m[1m^[22m[39m[31m[1m^[22m[39m[31m[1m^[22m[39m[31m[1m^[22m[39m[31m[1m^[22m[39m[31m[1m^[22m[39m[31m[1m^[22m[39m[31m[1m^[22m[39m[31m[1m^[22m[39m[31m[1m^[22m[39m[31m[1m^[22m[39m[31m[1m^[22m[39m[31m[1m^[22m[39m[31m[1m^[22m[39m[31m[1m^[22m[39m[31m[1m^[22m[39m[31m[1m^[22m[39m[31m[1m^[22m[39m[31m[1m^[22m[39m[31m[1m^[22m[39m[31m[1m^[22m[39m[31m[1m^[22m[39m
 [90m 37 |[39m [90m// Analytics tracking[39m
 [90m 38 |[39m [36mimport[39m { trackPageView[33m,[39m trackAction[33m,[39m trackPerformance } [36mfrom[39m [32m"@/lib/nctirs/analytics"[39m
 [90m 39 |[39m [90m// API Client for real data[39m[0m

Import map: aliased to relative './src/components/nctirs/shared/VoiceCommandPanel' inside of [project]/


Import traces:
  Client Component Browser:
    ./app/(dashboard)/page.tsx [Client Component Browser]
    ./app/(dashboard)/page.tsx [Server Component]

  Client Component SSR:
    ./app/(dashboard)/page.tsx [Client Component SSR]
    ./app/(dashboard)/page.tsx [Server Component]

https://nextjs.org/docs/messages/module-not-found


./app/(dashboard)/page.tsx:19:1
Module not found: Can't resolve '@/components/nctirs/surveillance/CommunityReports'
[0m [90m 17 |[39m [90m// Surveillance components[39m
 [90m 18 |[39m [36mimport[39m { [33mSurveillanceMonitor[39m } [36mfrom[39m [32m"@/components/nctirs/surveillance/SurveillanceMonitor"[39m
[31m[1m>[22m[39m[90m 19 |[39m [36mimport[39m { [33mCommunityReports[39m } [36mfrom[39m [32m"@/components/nctirs/surveillance/CommunityReports"[39m
 [90m    |[39m [31m[1m^[22m[39m[31m[1m^[22m[39m[31m[1m^[22m[39m[31m[1m^[22m[39m[31m[1m^[22m[39m[31m[1m^[22m[39m[31m[1m^[22m[39m[31m[1m^[22m[39m[31m[1m^[22m[39m[31m[1m^[22m[39m[31m[1m^[22m[39m[31m[1m^[22m[39m[31m[1m^[22m[39m[31m[1m^[22m[39m[31m[1m^[22m[39m[31m[1m^[22m[39m[31m[1m^[22m[39m[31m[1m^[22m[39m[31m[1m^[22m[39m[31m[1m^[22m[39m[31m[1m^[22m[39m[31m[1m^[22m[39m[31m[1m^[22m[39m[31m[1m^[22m[39m[31m[1m^[22m[39m[31m[1m^[22m[39m[31m[1m^[22m[39m[31m[1m^[22m[39m[31m[1m^[22m[39m[31m[1m^[22m[39m[31m[1m^[22m[39m[31m[1m^[22m[39m[31m[1m^[22m[39m[31m[1m^[22m[39m[31m[1m^[22m[39m[31m[1m^[22m[39m[31m[1m^[22m[39m[31m[1m^[22m[39m[31m[1m^[22m[39m[31m[1m^[22m[39m[31m[1m^[22m[39m[31m[1m^[22m[39m[31m[1m^[22m[39m[31m[1m^[22m[39m[31m[1m^[22m[39m[31m[1m^[22m[39m[31m[1m^[22m[39m[31m[1m^[22m[39m[31m[1m^[22m[39m[31m[1m^[22m[39m[31m[1m^[22m[39m[31m[1m^[22m[39m[31m[1m^[22m[39m[31m[1m^[22m[39m[31m[1m^[22m[39m[31m[1m^[22m[39m[31m[1m^[22m[39m[31m[1m^[22m[39m[31m[1m^[22m[39m[31m[1m^[22m[39m[31m[1m^[22m[39m[31m[1m^[22m[39m[31m[1m^[22m[39m[31m[1m^[22m[39m[31m[1m^[22m[39m[31m[1m^[22m[39m[31m[1m^[22m[39m[31m[1m^[22m[39m[31m[1m^[22m[39m[31m[1m^[22m[39m[31m[1m^[22m[39m[31m[1m^[22m[39m[31m[1m^[22m[39m[31m[1m^[22m[39m[31m[1m^[22m[39m[31m[1m^[22m[39m[31m[1m^[22m[39m[31m[1m^[22m[39m[31m[1m^[22m[39m[31m[1m^[22m[39m[31m[1m^[22m[39m[31m[1m^[22m[39m[31m[1m^[22m[39m[31m[1m^[22m[39m
 [90m 20 |[39m [90m// Infrastructure components[39m
 [90m 21 |[39m [36mimport[39m { [33mDataLakeMonitor[39m } [36mfrom[39m [32m"@/components/nctirs/infrastructure/DataLakeMonitor"[39m
 [90m 22 |[39m [36mimport[39m { [33mSystemArchitecture[39m } [36mfrom[39m [32m"@/components/nctirs/infrastructure/SystemArchitecture"[39m[0m

Import map: aliased to relative './src/components/nctirs/surveillance/CommunityReports' inside of [project]/


Import traces:
  Client Component Browser:
    ./app/(dashboard)/page.tsx [Client Component Browser]
    ./app/(dashboard)/page.tsx [Server Component]

  Client Component SSR:
    ./app/(dashboard)/page.tsx [Client Component SSR]
    ./app/(dashboard)/page.tsx [Server Component]

https://nextjs.org/docs/messages/module-not-found


./app/(dashboard)/page.tsx:18:1
Module not found: Can't resolve '@/components/nctirs/surveillance/SurveillanceMonitor'
[0m [90m 16 |[39m [36mimport[39m { [33mAutomatedResponsePanel[39m } [36mfrom[39m [32m"@/components/nctirs/incident/AutomatedResponsePanel"[39m
 [90m 17 |[39m [90m// Surveillance components[39m
[31m[1m>[22m[39m[90m 18 |[39m [36mimport[39m { [33mSurveillanceMonitor[39m } [36mfrom[39m [32m"@/components/nctirs/surveillance/SurveillanceMonitor"[39m
 [90m    |[39m [31m[1m^[22m[39m[31m[1m^[22m[39m[31m[1m^[22m[39m[31m[1m^[22m[39m[31m[1m^[22m[39m[31m[1m^[22m[39m[31m[1m^[22m[39m[31m[1m^[22m[39m[31m[1m^[22m[39m[31m[1m^[22m[39m[31m[1m^[22m[39m[31m[1m^[22m[39m[31m[1m^[22m[39m[31m[1m^[22m[39m[31m[1m^[22m[39m[31m[1m^[22m[39m[31m[1m^[22m[39m[31m[1m^[22m[39m[31m[1m^[22m[39m[31m[1m^[22m[39m[31m[1m^[22m[39m[31m[1m^[22m[39m[31m[1m^[22m[39m[31m[1m^[22m[39m[31m[1m^[22m[39m[31m[1m^[22m[39m[31m[1m^[22m[39m[31m[1m^[22m[39m[31m[1m^[22m[39m[31m[1m^[22m[39m[31m[1m^[22m[39m[31m[1m^[22m[39m[31m[1m^[22m[39m[31m[1m^[22m[39m[31m[1m^[22m[39m[31m[1m^[22m[39m[31m[1m^[22m[39m[31m[1m^[22m[39m[31m[1m^[22m[39m[31m[1m^[22m[39m[31m[1m^[22m[39m[31m[1m^[22m[39m[31m[1m^[22m[39m[31m[1m^[22m[39m[31m[1m^[22m[39m[31m[1m^[22m[39m[31m[1m^[22m[39m[31m[1m^[22m[39m[31m[1m^[22m[39m[31m[1m^[22m[39m[31m[1m^[22m[39m[31m[1m^[22m[39m[31m[1m^[22m[39m[31m[1m^[22m[39m[31m[1m^[22m[39m[31m[1m^[22m[39m[31m[1m^[22m[39m[31m[1m^[22m[39m[31m[1m^[22m[39m[31m[1m^[22m[39m[31m[1m^[22m[39m[31m[1m^[22m[39m[31m[1m^[22m[39m[31m[1m^[22m[39m[31m[1m^[22m[39m[31m[1m^[22m[39m[31m[1m^[22m[39m[31m[1m^[22m[39m[31m[1m^[22m[39m[31m[1m^[22m[39m[31m[1m^[22m[39m[31m[1m^[22m[39m[31m[1m^[22m[39m[31m[1m^[22m[39m[31m[1m^[22m[39m[31m[1m^[22m[39m[31m[1m^[22m[39m[31m[1m^[22m[39m[31m[1m^[22m[39m[31m[1m^[22m[39m[31m[1m^[22m[39m[31m[1m^[22m[39m[31m[1m^[22m[39m[31m[1m^[22m[39m[31m[1m^[22m[39m[31m[1m^[22m[39m[31m[1m^[22m[39m[31m[1m^[22m[39m[31m[1m^[22m[39m[31m[1m^[22m[39m
 [90m 19 |[39m [36mimport[39m { [33mCommunityReports[39m } [36mfrom[39m [32m"@/components/nctirs/surveillance/CommunityReports"[39m
 [90m 20 |[39m [90m// Infrastructure components[39m
 [90m 21 |[39m [36mimport[39m { [33mDataLakeMonitor[39m } [36mfrom[39m [32m"@/components/nctirs/infrastructure/DataLakeMonitor"[39m[0m

Import map: aliased to relative './src/components/nctirs/surveillance/SurveillanceMonitor' inside of [project]/


Import traces:
  Client Component Browser:
    ./app/(dashboard)/page.tsx [Client Component Browser]
    ./app/(dashboard)/page.tsx [Server Component]

  Client Component SSR:
    ./app/(dashboard)/page.tsx [Client Component SSR]
    ./app/(dashboard)/page.tsx [Server Component]

https://nextjs.org/docs/messages/module-not-found


./app/(dashboard)/page.tsx:11:1
Module not found: Can't resolve '@/components/nctirs/threat/AdversarialDefensePanel'
[0m [90m  9 |[39m [36mimport[39m { [33mThreatMonitor[39m } [36mfrom[39m [32m"@/components/nctirs/threat/ThreatMonitor"[39m
 [90m 10 |[39m [36mimport[39m { [33mThreatAnalyticsEngine[39m } [36mfrom[39m [32m"@/components/nctirs/threat/ThreatAnalyticsEngine"[39m
[31m[1m>[22m[39m[90m 11 |[39m [36mimport[39m [33mAdversarialDefensePanel[39m [36mfrom[39m [32m"@/components/nctirs/threat/AdversarialDefensePanel"[39m
 [90m    |[39m [31m[1m^[22m[39m[31m[1m^[22m[39m[31m[1m^[22m[39m[31m[1m^[22m[39m[31m[1m^[22m[39m[31m[1m^[22m[39m[31m[1m^[22m[39m[31m[1m^[22m[39m[31m[1m^[22m[39m[31m[1m^[22m[39m[31m[1m^[22m[39m[31m[1m^[22m[39m[31m[1m^[22m[39m[31m[1m^[22m[39m[31m[1m^[22m[39m[31m[1m^[22m[39m[31m[1m^[22m[39m[31m[1m^[22m[39m[31m[1m^[22m[39m[31m[1m^[22m[39m[31m[1m^[22m[39m[31m[1m^[22m[39m[31m[1m^[22m[39m[31m[1m^[22m[39m[31m[1m^[22m[39m[31m[1m^[22m[39m[31m[1m^[22m[39m[31m[1m^[22m[39m[31m[1m^[22m[39m[31m[1m^[22m[39m[31m[1m^[22m[39m[31m[1m^[22m[39m[31m[1m^[22m[39m[31m[1m^[22m[39m[31m[1m^[22m[39m[31m[1m^[22m[39m[31m[1m^[22m[39m[31m[1m^[22m[39m[31m[1m^[22m[39m[31m[1m^[22m[39m[31m[1m^[22m[39m[31m[1m^[22m[39m[31m[1m^[22m[39m[31m[1m^[22m[39m[31m[1m^[22m[39m[31m[1m^[22m[39m[31m[1m^[22m[39m[31m[1m^[22m[39m[31m[1m^[22m[39m[31m[1m^[22m[39m[31m[1m^[22m[39m[31m[1m^[22m[39m[31m[1m^[22m[39m[31m[1m^[22m[39m[31m[1m^[22m[39m[31m[1m^[22m[39m[31m[1m^[22m[39m[31m[1m^[22m[39m[31m[1m^[22m[39m[31m[1m^[22m[39m[31m[1m^[22m[39m[31m[1m^[22m[39m[31m[1m^[22m[39m[31m[1m^[22m[39m[31m[1m^[22m[39m[31m[1m^[22m[39m[31m[1m^[22m[39m[31m[1m^[22m[39m[31m[1m^[22m[39m[31m[1m^[22m[39m[31m[1m^[22m[39m[31m[1m^[22m[39m[31m[1m^[22m[39m[31m[1m^[22m[39m[31m[1m^[22m[39m[31m[1m^[22m[39m[31m[1m^[22m[39m[31m[1m^[22m[39m[31m[1m^[22m[39m[31m[1m^[22m[39m[31m[1m^[22m[39m[31m[1m^[22m[39m[31m[1m^[22m[39m[31m[1m^[22m[39m[31m[1m^[22m[39m[31m[1m^[22m[39m[31m[1m^[22m[39m[31m[1m^[22m[39m
 [90m 12 |[39m [90m// Incident components[39m
 [90m 13 |[39m [36mimport[39m { [33mIncidentList[39m } [36mfrom[39m [32m"@/components/nctirs/incident/IncidentList"[39m
 [90m 14 |[39m [36mimport[39m { [33mIncidentTrendsChart[39m } [36mfrom[39m [32m"@/components/nctirs/incident/IncidentTrendsChart"[39m[0m

Import map: aliased to relative './src/components/nctirs/threat/AdversarialDefensePanel' inside of [project]/


Import traces:
  Client Component Browser:
    ./app/(dashboard)/page.tsx [Client Component Browser]
    ./app/(dashboard)/page.tsx [Server Component]

  Client Component SSR:
    ./app/(dashboard)/page.tsx [Client Component SSR]
    ./app/(dashboard)/page.tsx [Server Component]

https://nextjs.org/docs/messages/module-not-found


./app/(dashboard)/page.tsx:7:1
Module not found: Can't resolve '@/components/nctirs/threat/ThreatAnalyticsChart'
[0m [90m  5 |[39m [36mimport[39m { [33mHeader[39m } [36mfrom[39m [32m"@/components/nctirs/layout/Header"[39m
 [90m  6 |[39m [90m// Threat components[39m
[31m[1m>[22m[39m[90m  7 |[39m [36mimport[39m { [33mThreatAnalyticsChart[39m } [36mfrom[39m [32m"@/components/nctirs/threat/ThreatAnalyticsChart"[39m
 [90m    |[39m [31m[1m^[22m[39m[31m[1m^[22m[39m[31m[1m^[22m[39m[31m[1m^[22m[39m[31m[1m^[22m[39m[31m[1m^[22m[39m[31m[1m^[22m[39m[31m[1m^[22m[39m[31m[1m^[22m[39m[31m[1m^[22m[39m[31m[1m^[22m[39m[31m[1m^[22m[39m[31m[1m^[22m[39m[31m[1m^[22m[39m[31m[1m^[22m[39m[31m[1m^[22m[39m[31m[1m^[22m[39m[31m[1m^[22m[39m[31m[1m^[22m[39m[31m[1m^[22m[39m[31m[1m^[22m[39m[31m[1m^[22m[39m[31m[1m^[22m[39m[31m[1m^[22m[39m[31m[1m^[22m[39m[31m[1m^[22m[39m[31m[1m^[22m[39m[31m[1m^[22m[39m[31m[1m^[22m[39m[31m[1m^[22m[39m[31m[1m^[22m[39m[31m[1m^[22m[39m[31m[1m^[22m[39m[31m[1m^[22m[39m[31m[1m^[22m[39m[31m[1m^[22m[39m[31m[1m^[22m[39m[31m[1m^[22m[39m[31m[1m^[22m[39m[31m[1m^[22m[39m[31m[1m^[22m[39m[31m[1m^[22m[39m[31m[1m^[22m[39m[31m[1m^[22m[39m[31m[1m^[22m[39m[31m[1m^[22m[39m[31m[1m^[22m[39m[31m[1m^[22m[39m[31m[1m^[22m[39m[31m[1m^[22m[39m[31m[1m^[22m[39m[31m[1m^[22m[39m[31m[1m^[22m[39m[31m[1m^[22m[39m[31m[1m^[22m[39m[31m[1m^[22m[39m[31m[1m^[22m[39m[31m[1m^[22m[39m[31m[1m^[22m[39m[31m[1m^[22m[39m[31m[1m^[22m[39m[31m[1m^[22m[39m[31m[1m^[22m[39m[31m[1m^[22m[39m[31m[1m^[22m[39m[31m[1m^[22m[39m[31m[1m^[22m[39m[31m[1m^[22m[39m[31m[1m^[22m[39m[31m[1m^[22m[39m[31m[1m^[22m[39m[31m[1m^[22m[39m[31m[1m^[22m[39m[31m[1m^[22m[39m[31m[1m^[22m[39m[31m[1m^[22m[39m[31m[1m^[22m[39m[31m[1m^[22m[39m[31m[1m^[22m[39m[31m[1m^[22m[39m[31m[1m^[22m[39m[31m[1m^[22m[39m[31m[1m^[22m[39m[31m[1m^[22m[39m[31m[1m^[22m[39m[31m[1m^[22m[39m
 [90m  8 |[39m [36mimport[39m { [33mThreatMap[39m } [36mfrom[39m [32m"@/components/nctirs/threat/ThreatMap"[39m
 [90m  9 |[39m [36mimport[39m { [33mThreatMonitor[39m } [36mfrom[39m [32m"@/components/nctirs/threat/ThreatMonitor"[39m
 [90m 10 |[39m [36mimport[39m { [33mThreatAnalyticsEngine[39m } [36mfrom[39m [32m"@/components/nctirs/threat/ThreatAnalyticsEngine"[39m[0m

Import map: aliased to relative './src/components/nctirs/threat/ThreatAnalyticsChart' inside of [project]/


Import traces:
  Client Component Browser:
    ./app/(dashboard)/page.tsx [Client Component Browser]
    ./app/(dashboard)/page.tsx [Server Component]

  Client Component SSR:
    ./app/(dashboard)/page.tsx [Client Component SSR]
    ./app/(dashboard)/page.tsx [Server Component]

https://nextjs.org/docs/messages/module-not-found


./app/(dashboard)/page.tsx:10:1
Module not found: Can't resolve '@/components/nctirs/threat/ThreatAnalyticsEngine'
[0m [90m  8 |[39m [36mimport[39m { [33mThreatMap[39m } [36mfrom[39m [32m"@/components/nctirs/threat/ThreatMap"[39m
 [90m  9 |[39m [36mimport[39m { [33mThreatMonitor[39m } [36mfrom[39m [32m"@/components/nctirs/threat/ThreatMonitor"[39m
[31m[1m>[22m[39m[90m 10 |[39m [36mimport[39m { [33mThreatAnalyticsEngine[39m } [36mfrom[39m [32m"@/components/nctirs/threat/ThreatAnalyticsEngine"[39m
 [90m    |[39m [31m[1m^[22m[39m[31m[1m^[22m[39m[31m[1m^[22m[39m[31m[1m^[22m[39m[31m[1m^[22m[39m[31m[1m^[22m[39m[31m[1m^[22m[39m[31m[1m^[22m[39m[31m[1m^[22m[39m[31m[1m^[22m[39m[31m[1m^[22m[39m[31m[1m^[22m[39m[31m[1m^[22m[39m[31m[1m^[22m[39m[31m[1m^[22m[39m[31m[1m^[22m[39m[31m[1m^[22m[39m[31m[1m^[22m[39m[31m[1m^[22m[39m[31m[1m^[22m[39m[31m[1m^[22m[39m[31m[1m^[22m[39m[31m[1m^[22m[39m[31m[1m^[22m[39m[31m[1m^[22m[39m[31m[1m^[22m[39m[31m[1m^[22m[39m[31m[1m^[22m[39m[31m[1m^[22m[39m[31m[1m^[22m[39m[31m[1m^[22m[39m[31m[1m^[22m[39m[31m[1m^[22m[39m[31m[1m^[22m[39m[31m[1m^[22m[39m[31m[1m^[22m[39m[31m[1m^[22m[39m[31m[1m^[22m[39m[31m[1m^[22m[39m[31m[1m^[22m[39m[31m[1m^[22m[39m[31m[1m^[22m[39m[31m[1m^[22m[39m[31m[1m^[22m[39m[31m[1m^[22m[39m[31m[1m^[22m[39m[31m[1m^[22m[39m[31m[1m^[22m[39m[31m[1m^[22m[39m[31m[1m^[22m[39m[31m[1m^[22m[39m[31m[1m^[22m[39m[31m[1m^[22m[39m[31m[1m^[22m[39m[31m[1m^[22m[39m[31m[1m^[22m[39m[31m[1m^[22m[39m[31m[1m^[22m[39m[31m[1m^[22m[39m[31m[1m^[22m[39m[31m[1m^[22m[39m[31m[1m^[22m[39m[31m[1m^[22m[39m[31m[1m^[22m[39m[31m[1m^[22m[39m[31m[1m^[22m[39m[31m[1m^[22m[39m[31m[1m^[22m[39m[31m[1m^[22m[39m[31m[1m^[22m[39m[31m[1m^[22m[39m[31m[1m^[22m[39m[31m[1m^[22m[39m[31m[1m^[22m[39m[31m[1m^[22m[39m[31m[1m^[22m[39m[31m[1m^[22m[39m[31m[1m^[22m[39m[31m[1m^[22m[39m[31m[1m^[22m[39m[31m[1m^[22m[39m[31m[1m^[22m[39m[31m[1m^[22m[39m[31m[1m^[22m[39m[31m[1m^[22m[39m[31m[1m^[22m[39m[31m[1m^[22m[39m[31m[1m^[22m[39m
 [90m 11 |[39m [36mimport[39m [33mAdversarialDefensePanel[39m [36mfrom[39m [32m"@/components/nctirs/threat/AdversarialDefensePanel"[39m
 [90m 12 |[39m [90m// Incident components[39m
 [90m 13 |[39m [36mimport[39m { [33mIncidentList[39m } [36mfrom[39m [32m"@/components/nctirs/incident/IncidentList"[39m[0m

Import map: aliased to relative './src/components/nctirs/threat/ThreatAnalyticsEngine' inside of [project]/


Import traces:
  Client Component Browser:
    ./app/(dashboard)/page.tsx [Client Component Browser]
    ./app/(dashboard)/page.tsx [Server Component]

  Client Component SSR:
    ./app/(dashboard)/page.tsx [Client Component SSR]
    ./app/(dashboard)/page.tsx [Server Component]

https://nextjs.org/docs/messages/module-not-found


./app/(dashboard)/page.tsx:8:1
Module not found: Can't resolve '@/components/nctirs/threat/ThreatMap'
[0m [90m  6 |[39m [90m// Threat components[39m
 [90m  7 |[39m [36mimport[39m { [33mThreatAnalyticsChart[39m } [36mfrom[39m [32m"@/components/nctirs/threat/ThreatAnalyticsChart"[39m
[31m[1m>[22m[39m[90m  8 |[39m [36mimport[39m { [33mThreatMap[39m } [36mfrom[39m [32m"@/components/nctirs/threat/ThreatMap"[39m
 [90m    |[39m [31m[1m^[22m[39m[31m[1m^[22m[39m[31m[1m^[22m[39m[31m[1m^[22m[39m[31m[1m^[22m[39m[31m[1m^[22m[39m[31m[1m^[22m[39m[31m[1m^[22m[39m[31m[1m^[22m[39m[31m[1m^[22m[39m[31m[1m^[22m[39m[31m[1m^[22m[39m[31m[1m^[22m[39m[31m[1m^[22m[39m[31m[1m^[22m[39m[31m[1m^[22m[39m[31m[1m^[22m[39m[31m[1m^[22m[39m[31m[1m^[22m[39m[31m[1m^[22m[39m[31m[1m^[22m[39m[31m[1m^[22m[39m[31m[1m^[22m[39m[31m[1m^[22m[39m[31m[1m^[22m[39m[31m[1m^[22m[39m[31m[1m^[22m[39m[31m[1m^[22m[39m[31m[1m^[22m[39m[31m[1m^[22m[39m[31m[1m^[22m[39m[31m[1m^[22m[39m[31m[1m^[22m[39m[31m[1m^[22m[39m[31m[1m^[22m[39m[31m[1m^[22m[39m[31m[1m^[22m[39m[31m[1m^[22m[39m[31m[1m^[22m[39m[31m[1m^[22m[39m[31m[1m^[22m[39m[31m[1m^[22m[39m[31m[1m^[22m[39m[31m[1m^[22m[39m[31m[1m^[22m[39m[31m[1m^[22m[39m[31m[1m^[22m[39m[31m[1m^[22m[39m[31m[1m^[22m[39m[31m[1m^[22m[39m[31m[1m^[22m[39m[31m[1m^[22m[39m[31m[1m^[22m[39m[31m[1m^[22m[39m[31m[1m^[22m[39m[31m[1m^[22m[39m[31m[1m^[22m[39m[31m[1m^[22m[39m[31m[1m^[22m[39m[31m[1m^[22m[39m[31m[1m^[22m[39m[31m[1m^[22m[39m[31m[1m^[22m[39m[31m[1m^[22m[39m
 [90m  9 |[39m [36mimport[39m { [33mThreatMonitor[39m } [36mfrom[39m [32m"@/components/nctirs/threat/ThreatMonitor"[39m
 [90m 10 |[39m [36mimport[39m { [33mThreatAnalyticsEngine[39m } [36mfrom[39m [32m"@/components/nctirs/threat/ThreatAnalyticsEngine"[39m
 [90m 11 |[39m [36mimport[39m [33mAdversarialDefensePanel[39m [36mfrom[39m [32m"@/components/nctirs/threat/AdversarialDefensePanel"[39m[0m

Import map: aliased to relative './src/components/nctirs/threat/ThreatMap' inside of [project]/


Import traces:
  Client Component Browser:
    ./app/(dashboard)/page.tsx [Client Component Browser]
    ./app/(dashboard)/page.tsx [Server Component]

  Client Component SSR:
    ./app/(dashboard)/page.tsx [Client Component SSR]
    ./app/(dashboard)/page.tsx [Server Component]

https://nextjs.org/docs/messages/module-not-found


./app/(dashboard)/page.tsx:9:1
Module not found: Can't resolve '@/components/nctirs/threat/ThreatMonitor'
[0m [90m  7 |[39m [36mimport[39m { [33mThreatAnalyticsChart[39m } [36mfrom[39m [32m"@/components/nctirs/threat/ThreatAnalyticsChart"[39m
 [90m  8 |[39m [36mimport[39m { [33mThreatMap[39m } [36mfrom[39m [32m"@/components/nctirs/threat/ThreatMap"[39m
[31m[1m>[22m[39m[90m  9 |[39m [36mimport[39m { [33mThreatMonitor[39m } [36mfrom[39m [32m"@/components/nctirs/threat/ThreatMonitor"[39m
 [90m    |[39m [31m[1m^[22m[39m[31m[1m^[22m[39m[31m[1m^[22m[39m[31m[1m^[22m[39m[31m[1m^[22m[39m[31m[1m^[22m[39m[31m[1m^[22m[39m[31m[1m^[22m[39m[31m[1m^[22m[39m[31m[1m^[22m[39m[31m[1m^[22m[39m[31m[1m^[22m[39m[31m[1m^[22m[39m[31m[1m^[22m[39m[31m[1m^[22m[39m[31m[1m^[22m[39m[31m[1m^[22m[39m[31m[1m^[22m[39m[31m[1m^[22m[39m[31m[1m^[22m[39m[31m[1m^[22m[39m[31m[1m^[22m[39m[31m[1m^[22m[39m[31m[1m^[22m[39m[31m[1m^[22m[39m[31m[1m^[22m[39m[31m[1m^[22m[39m[31m[1m^[22m[39m[31m[1m^[22m[39m[31m[1m^[22m[39m[31m[1m^[22m[39m[31m[1m^[22m[39m[31m[1m^[22m[39m[31m[1m^[22m[39m[31m[1m^[22m[39m[31m[1m^[22m[39m[31m[1m^[22m[39m[31m[1m^[22m[39m[31m[1m^[22m[39m[31m[1m^[22m[39m[31m[1m^[22m[39m[31m[1m^[22m[39m[31m[1m^[22m[39m[31m[1m^[22m[39m[31m[1m^[22m[39m[31m[1m^[22m[39m[31m[1m^[22m[39m[31m[1m^[22m[39m[31m[1m^[22m[39m[31m[1m^[22m[39m[31m[1m^[22m[39m[31m[1m^[22m[39m[31m[1m^[22m[39m[31m[1m^[22m[39m[31m[1m^[22m[39m[31m[1m^[22m[39m[31m[1m^[22m[39m[31m[1m^[22m[39m[31m[1m^[22m[39m[31m[1m^[22m[39m[31m[1m^[22m[39m[31m[1m^[22m[39m[31m[1m^[22m[39m[31m[1m^[22m[39m[31m[1m^[22m[39m[31m[1m^[22m[39m[31m[1m^[22m[39m[31m[1m^[22m[39m[31m[1m^[22m[39m[31m[1m^[22m[39m[31m[1m^[22m[39m[31m[1m^[22m[39m
 [90m 10 |[39m [36mimport[39m { [33mThreatAnalyticsEngine[39m } [36mfrom[39m [32m"@/components/nctirs/threat/ThreatAnalyticsEngine"[39m
 [90m 11 |[39m [36mimport[39m [33mAdversarialDefensePanel[39m [36mfrom[39m [32m"@/components/nctirs/threat/AdversarialDefensePanel"[39m
 [90m 12 |[39m [90m// Incident components[39m[0m

Import map: aliased to relative './src/components/nctirs/threat/ThreatMonitor' inside of [project]/


Import traces:
  Client Component Browser:
    ./app/(dashboard)/page.tsx [Client Component Browser]
    ./app/(dashboard)/page.tsx [Server Component]

  Client Component SSR:
    ./app/(dashboard)/page.tsx [Client Component SSR]
    ./app/(dashboard)/page.tsx [Server Component]

https://nextjs.org/docs/messages/module-not-found


./app/(dashboard)/surveillance/page.tsx:3:1
Module not found: Can't resolve '@/components/surveillance/camera-feed'
[0m [90m 1 |[39m [32m"use client"[39m
 [90m 2 |[39m
[31m[1m>[22m[39m[90m 3 |[39m [36mimport[39m { [33mCameraFeed[39m } [36mfrom[39m [32m"@/components/surveillance/camera-feed"[39m
 [90m   |[39m [31m[1m^[22m[39m[31m[1m^[22m[39m[31m[1m^[22m[39m[31m[1m^[22m[39m[31m[1m^[22m[39m[31m[1m^[22m[39m[31m[1m^[22m[39m[31m[1m^[22m[39m[31m[1m^[22m[39m[31m[1m^[22m[39m[31m[1m^[22m[39m[31m[1m^[22m[39m[31m[1m^[22m[39m[31m[1m^[22m[39m[31m[1m^[22m[39m[31m[1m^[22m[39m[31m[1m^[22m[39m[31m[1m^[22m[39m[31m[1m^[22m[39m[31m[1m^[22m[39m[31m[1m^[22m[39m[31m[1m^[22m[39m[31m[1m^[22m[39m[31m[1m^[22m[39m[31m[1m^[22m[39m[31m[1m^[22m[39m[31m[1m^[22m[39m[31m[1m^[22m[39m[31m[1m^[22m[39m[31m[1m^[22m[39m[31m[1m^[22m[39m[31m[1m^[22m[39m[31m[1m^[22m[39m[31m[1m^[22m[39m[31m[1m^[22m[39m[31m[1m^[22m[39m[31m[1m^[22m[39m[31m[1m^[22m[39m[31m[1m^[22m[39m[31m[1m^[22m[39m[31m[1m^[22m[39m[31m[1m^[22m[39m[31m[1m^[22m[39m[31m[1m^[22m[39m[31m[1m^[22m[39m[31m[1m^[22m[39m[31m[1m^[22m[39m[31m[1m^[22m[39m[31m[1m^[22m[39m[31m[1m^[22m[39m[31m[1m^[22m[39m[31m[1m^[22m[39m[31m[1m^[22m[39m[31m[1m^[22m[39m[31m[1m^[22m[39m[31m[1m^[22m[39m[31m[1m^[22m[39m[31m[1m^[22m[39m[31m[1m^[22m[39m[31m[1m^[22m[39m[31m[1m^[22m[39m[31m[1m^[22m[39m[31m[1m^[22m[39m[31m[1m^[22m[39m[31m[1m^[22m[39m[31m[1m^[22m[39m
 [90m 4 |[39m [36mimport[39m { [33mCard[39m[33m,[39m [33mCardContent[39m } [36mfrom[39m [32m"@/components/ui/card"[39m
 [90m 5 |[39m [36mimport[39m { [33mTabs[39m[33m,[39m [33mTabsContent[39m[33m,[39m [33mTabsList[39m[33m,[39m [33mTabsTrigger[39m } [36mfrom[39m [32m"@/components/ui/tabs"[39m
 [90m 6 |[39m [36mimport[39m { [33mMap[39m[33m,[39m [33mLayoutGrid[39m[33m,[39m [33mRadio[39m } [36mfrom[39m [32m"lucide-react"[39m[0m

Import map: aliased to relative './src/components/surveillance/camera-feed' inside of [project]/


Import traces:
  Client Component Browser:
    ./app/(dashboard)/surveillance/page.tsx [Client Component Browser]
    ./app/(dashboard)/surveillance/page.tsx [Server Component]

  Client Component SSR:
    ./app/(dashboard)/surveillance/page.tsx [Client Component SSR]
    ./app/(dashboard)/surveillance/page.tsx [Server Component]

https://nextjs.org/docs/messages/module-not-found


./app/community/layout.tsx:3:1
Module not found: Can't resolve '@/components/theme-provider'
[0m [90m 1 |[39m [36mimport[39m { [33mInter[39m } [36mfrom[39m [32m'next/font/google'[39m
 [90m 2 |[39m [36mimport[39m [32m'@/app/globals.css'[39m
[31m[1m>[22m[39m[90m 3 |[39m [36mimport[39m { [33mThemeProvider[39m } [36mfrom[39m [32m'@/components/theme-provider'[39m
 [90m   |[39m [31m[1m^[22m[39m[31m[1m^[22m[39m[31m[1m^[22m[39m[31m[1m^[22m[39m[31m[1m^[22m[39m[31m[1m^[22m[39m[31m[1m^[22m[39m[31m[1m^[22m[39m[31m[1m^[22m[39m[31m[1m^[22m[39m[31m[1m^[22m[39m[31m[1m^[22m[39m[31m[1m^[22m[39m[31m[1m^[22m[39m[31m[1m^[22m[39m[31m[1m^[22m[39m[31m[1m^[22m[39m[31m[1m^[22m[39m[31m[1m^[22m[39m[31m[1m^[22m[39m[31m[1m^[22m[39m[31m[1m^[22m[39m[31m[1m^[22m[39m[31m[1m^[22m[39m[31m[1m^[22m[39m[31m[1m^[22m[39m[31m[1m^[22m[39m[31m[1m^[22m[39m[31m[1m^[22m[39m[31m[1m^[22m[39m[31m[1m^[22m[39m[31m[1m^[22m[39m[31m[1m^[22m[39m[31m[1m^[22m[39m[31m[1m^[22m[39m[31m[1m^[22m[39m[31m[1m^[22m[39m[31m[1m^[22m[39m[31m[1m^[22m[39m[31m[1m^[22m[39m[31m[1m^[22m[39m[31m[1m^[22m[39m[31m[1m^[22m[39m[31m[1m^[22m[39m[31m[1m^[22m[39m[31m[1m^[22m[39m[31m[1m^[22m[39m[31m[1m^[22m[39m[31m[1m^[22m[39m[31m[1m^[22m[39m[31m[1m^[22m[39m[31m[1m^[22m[39m[31m[1m^[22m[39m[31m[1m^[22m[39m[31m[1m^[22m[39m[31m[1m^[22m[39m[31m[1m^[22m[39m[31m[1m^[22m[39m[31m[1m^[22m[39m
 [90m 4 |[39m
 [90m 5 |[39m [36mconst[39m inter [33m=[39m [33mInter[39m({ subsets[33m:[39m [[32m'latin'[39m] })
 [90m 6 |[39m[0m

Import map: aliased to relative './src/components/theme-provider' inside of [project]/


https://nextjs.org/docs/messages/module-not-found


./app/layout.tsx:4:1
Module not found: Can't resolve '@/components/theme-provider'
[0m [90m 2 |[39m [36mimport[39m { [33mOutfit[39m } [36mfrom[39m [32m'next/font/google'[39m[33m;[39m
 [90m 3 |[39m [36mimport[39m [32m'./globals.css'[39m[33m;[39m
[31m[1m>[22m[39m[90m 4 |[39m [36mimport[39m { [33mThemeProvider[39m } [36mfrom[39m [32m'@/components/theme-provider'[39m[33m;[39m
 [90m   |[39m [31m[1m^[22m[39m[31m[1m^[22m[39m[31m[1m^[22m[39m[31m[1m^[22m[39m[31m[1m^[22m[39m[31m[1m^[22m[39m[31m[1m^[22m[39m[31m[1m^[22m[39m[31m[1m^[22m[39m[31m[1m^[22m[39m[31m[1m^[22m[39m[31m[1m^[22m[39m[31m[1m^[22m[39m[31m[1m^[22m[39m[31m[1m^[22m[39m[31m[1m^[22m[39m[31m[1m^[22m[39m[31m[1m^[22m[39m[31m[1m^[22m[39m[31m[1m^[22m[39m[31m[1m^[22m[39m[31m[1m^[22m[39m[31m[1m^[22m[39m[31m[1m^[22m[39m[31m[1m^[22m[39m[31m[1m^[22m[39m[31m[1m^[22m[39m[31m[1m^[22m[39m[31m[1m^[22m[39m[31m[1m^[22m[39m[31m[1m^[22m[39m[31m[1m^[22m[39m[31m[1m^[22m[39m[31m[1m^[22m[39m[31m[1m^[22m[39m[31m[1m^[22m[39m[31m[1m^[22m[39m[31m[1m^[22m[39m[31m[1m^[22m[39m[31m[1m^[22m[39m[31m[1m^[22m[39m[31m[1m^[22m[39m[31m[1m^[22m[39m[31m[1m^[22m[39m[31m[1m^[22m[39m[31m[1m^[22m[39m[31m[1m^[22m[39m[31m[1m^[22m[39m[31m[1m^[22m[39m[31m[1m^[22m[39m[31m[1m^[22m[39m[31m[1m^[22m[39m[31m[1m^[22m[39m[31m[1m^[22m[39m[31m[1m^[22m[39m[31m[1m^[22m[39m[31m[1m^[22m[39m[31m[1m^[22m[39m[31m[1m^[22m[39m[31m[1m^[22m[39m
 [90m 5 |[39m [36mimport[39m { [33mTooltipProvider[39m } [36mfrom[39m [32m'@/components/ui/tooltip'[39m[33m;[39m
 [90m 6 |[39m
 [90m 7 |[39m [36mconst[39m outfit [33m=[39m [33mOutfit[39m({ subsets[33m:[39m [[32m'latin'[39m] })[33m;[39m[0m

Import map: aliased to relative './src/components/theme-provider' inside of [project]/


https://nextjs.org/docs/messages/module-not-found


./app/community/report/page.tsx:4:1
Module not found: Can't resolve '@/components/ui/button'
[0m [90m 2 |[39m
 [90m 3 |[39m [36mimport[39m { useState } [36mfrom[39m [32m"react"[39m
[31m[1m>[22m[39m[90m 4 |[39m [36mimport[39m { [33mButton[39m } [36mfrom[39m [32m"@/components/ui/button"[39m
 [90m   |[39m [31m[1m^[22m[39m[31m[1m^[22m[39m[31m[1m^[22m[39m[31m[1m^[22m[39m[31m[1m^[22m[39m[31m[1m^[22m[39m[31m[1m^[22m[39m[31m[1m^[22m[39m[31m[1m^[22m[39m[31m[1m^[22m[39m[31m[1m^[22m[39m[31m[1m^[22m[39m[31m[1m^[22m[39m[31m[1m^[22m[39m[31m[1m^[22m[39m[31m[1m^[22m[39m[31m[1m^[22m[39m[31m[1m^[22m[39m[31m[1m^[22m[39m[31m[1m^[22m[39m[31m[1m^[22m[39m[31m[1m^[22m[39m[31m[1m^[22m[39m[31m[1m^[22m[39m[31m[1m^[22m[39m[31m[1m^[22m[39m[31m[1m^[22m[39m[31m[1m^[22m[39m[31m[1m^[22m[39m[31m[1m^[22m[39m[31m[1m^[22m[39m[31m[1m^[22m[39m[31m[1m^[22m[39m[31m[1m^[22m[39m[31m[1m^[22m[39m[31m[1m^[22m[39m[31m[1m^[22m[39m[31m[1m^[22m[39m[31m[1m^[22m[39m[31m[1m^[22m[39m[31m[1m^[22m[39m[31m[1m^[22m[39m[31m[1m^[22m[39m[31m[1m^[22m[39m[31m[1m^[22m[39m[31m[1m^[22m[39m[31m[1m^[22m[39m
 [90m 5 |[39m [36mimport[39m { [33mInput[39m } [36mfrom[39m [32m"@/components/ui/input"[39m
 [90m 6 |[39m [36mimport[39m { [33mTextarea[39m } [36mfrom[39m [32m"@/components/ui/textarea"[39m
 [90m 7 |[39m [36mimport[39m { [33mLabel[39m } [36mfrom[39m [32m"@/components/ui/label"[39m[0m

Import map: aliased to relative './src/components/ui/button' inside of [project]/


Import traces:
  Client Component Browser:
    ./app/community/report/page.tsx [Client Component Browser]
    ./app/community/report/page.tsx [Server Component]

  Client Component SSR:
    ./app/community/report/page.tsx [Client Component SSR]
    ./app/community/report/page.tsx [Server Component]

https://nextjs.org/docs/messages/module-not-found


./app/mobile-simulation/page.tsx:5:1
Module not found: Can't resolve '@/components/ui/button'
[0m [90m 3 |[39m [36mimport[39m { useState } [36mfrom[39m [32m'react'[39m
 [90m 4 |[39m [36mimport[39m { [33mCard[39m[33m,[39m [33mCardContent[39m[33m,[39m [33mCardHeader[39m[33m,[39m [33mCardTitle[39m } [36mfrom[39m [32m"@/components/nctirs/ui/card"[39m
[31m[1m>[22m[39m[90m 5 |[39m [36mimport[39m { [33mButton[39m } [36mfrom[39m [32m"@/components/ui/button"[39m
 [90m   |[39m [31m[1m^[22m[39m[31m[1m^[22m[39m[31m[1m^[22m[39m[31m[1m^[22m[39m[31m[1m^[22m[39m[31m[1m^[22m[39m[31m[1m^[22m[39m[31m[1m^[22m[39m[31m[1m^[22m[39m[31m[1m^[22m[39m[31m[1m^[22m[39m[31m[1m^[22m[39m[31m[1m^[22m[39m[31m[1m^[22m[39m[31m[1m^[22m[39m[31m[1m^[22m[39m[31m[1m^[22m[39m[31m[1m^[22m[39m[31m[1m^[22m[39m[31m[1m^[22m[39m[31m[1m^[22m[39m[31m[1m^[22m[39m[31m[1m^[22m[39m[31m[1m^[22m[39m[31m[1m^[22m[39m[31m[1m^[22m[39m[31m[1m^[22m[39m[31m[1m^[22m[39m[31m[1m^[22m[39m[31m[1m^[22m[39m[31m[1m^[22m[39m[31m[1m^[22m[39m[31m[1m^[22m[39m[31m[1m^[22m[39m[31m[1m^[22m[39m[31m[1m^[22m[39m[31m[1m^[22m[39m[31m[1m^[22m[39m[31m[1m^[22m[39m[31m[1m^[22m[39m[31m[1m^[22m[39m[31m[1m^[22m[39m[31m[1m^[22m[39m[31m[1m^[22m[39m[31m[1m^[22m[39m[31m[1m^[22m[39m[31m[1m^[22m[39m
 [90m 6 |[39m [36mimport[39m { [33mInput[39m } [36mfrom[39m [32m"@/components/ui/input"[39m
 [90m 7 |[39m [36mimport[39m { [33mTextarea[39m } [36mfrom[39m [32m"@/components/ui/textarea"[39m
 [90m 8 |[39m [36mimport[39m { [33mSelect[39m[33m,[39m [33mSelectContent[39m[33m,[39m [33mSelectItem[39m[33m,[39m [33mSelectTrigger[39m[33m,[39m [33mSelectValue[39m } [36mfrom[39m [32m"@/components/ui/select"[39m[0m

Import map: aliased to relative './src/components/ui/button' inside of [project]/


Import traces:
  Client Component Browser:
    ./app/mobile-simulation/page.tsx [Client Component Browser]
    ./app/mobile-simulation/page.tsx [Server Component]

  Client Component SSR:
    ./app/mobile-simulation/page.tsx [Client Component SSR]
    ./app/mobile-simulation/page.tsx [Server Component]

https://nextjs.org/docs/messages/module-not-found


./app/community/report/page.tsx:5:1
Module not found: Can't resolve '@/components/ui/input'
[0m [90m 3 |[39m [36mimport[39m { useState } [36mfrom[39m [32m"react"[39m
 [90m 4 |[39m [36mimport[39m { [33mButton[39m } [36mfrom[39m [32m"@/components/ui/button"[39m
[31m[1m>[22m[39m[90m 5 |[39m [36mimport[39m { [33mInput[39m } [36mfrom[39m [32m"@/components/ui/input"[39m
 [90m   |[39m [31m[1m^[22m[39m[31m[1m^[22m[39m[31m[1m^[22m[39m[31m[1m^[22m[39m[31m[1m^[22m[39m[31m[1m^[22m[39m[31m[1m^[22m[39m[31m[1m^[22m[39m[31m[1m^[22m[39m[31m[1m^[22m[39m[31m[1m^[22m[39m[31m[1m^[22m[39m[31m[1m^[22m[39m[31m[1m^[22m[39m[31m[1m^[22m[39m[31m[1m^[22m[39m[31m[1m^[22m[39m[31m[1m^[22m[39m[31m[1m^[22m[39m[31m[1m^[22m[39m[31m[1m^[22m[39m[31m[1m^[22m[39m[31m[1m^[22m[39m[31m[1m^[22m[39m[31m[1m^[22m[39m[31m[1m^[22m[39m[31m[1m^[22m[39m[31m[1m^[22m[39m[31m[1m^[22m[39m[31m[1m^[22m[39m[31m[1m^[22m[39m[31m[1m^[22m[39m[31m[1m^[22m[39m[31m[1m^[22m[39m[31m[1m^[22m[39m[31m[1m^[22m[39m[31m[1m^[22m[39m[31m[1m^[22m[39m[31m[1m^[22m[39m[31m[1m^[22m[39m[31m[1m^[22m[39m[31m[1m^[22m[39m[31m[1m^[22m[39m[31m[1m^[22m[39m[31m[1m^[22m[39m
 [90m 6 |[39m [36mimport[39m { [33mTextarea[39m } [36mfrom[39m [32m"@/components/ui/textarea"[39m
 [90m 7 |[39m [36mimport[39m { [33mLabel[39m } [36mfrom[39m [32m"@/components/ui/label"[39m
 [90m 8 |[39m [36mimport[39m { [33mCard[39m[33m,[39m [33mCardContent[39m[33m,[39m [33mCardDescription[39m[33m,[39m [33mCardFooter[39m[33m,[39m [33mCardHeader[39m[33m,[39m [33mCardTitle[39m } [36mfrom[39m [32m"@/components/ui/card"[39m[0m

Import map: aliased to relative './src/components/ui/input' inside of [project]/


Import traces:
  Client Component Browser:
    ./app/community/report/page.tsx [Client Component Browser]
    ./app/community/report/page.tsx [Server Component]

  Client Component SSR:
    ./app/community/report/page.tsx [Client Component SSR]
    ./app/community/report/page.tsx [Server Component]

https://nextjs.org/docs/messages/module-not-found


./app/mobile-simulation/page.tsx:6:1
Module not found: Can't resolve '@/components/ui/input'
[0m [90m 4 |[39m [36mimport[39m { [33mCard[39m[33m,[39m [33mCardContent[39m[33m,[39m [33mCardHeader[39m[33m,[39m [33mCardTitle[39m } [36mfrom[39m [32m"@/components/nctirs/ui/card"[39m
 [90m 5 |[39m [36mimport[39m { [33mButton[39m } [36mfrom[39m [32m"@/components/ui/button"[39m
[31m[1m>[22m[39m[90m 6 |[39m [36mimport[39m { [33mInput[39m } [36mfrom[39m [32m"@/components/ui/input"[39m
 [90m   |[39m [31m[1m^[22m[39m[31m[1m^[22m[39m[31m[1m^[22m[39m[31m[1m^[22m[39m[31m[1m^[22m[39m[31m[1m^[22m[39m[31m[1m^[22m[39m[31m[1m^[22m[39m[31m[1m^[22m[39m[31m[1m^[22m[39m[31m[1m^[22m[39m[31m[1m^[22m[39m[31m[1m^[22m[39m[31m[1m^[22m[39m[31m[1m^[22m[39m[31m[1m^[22m[39m[31m[1m^[22m[39m[31m[1m^[22m[39m[31m[1m^[22m[39m[31m[1m^[22m[39m[31m[1m^[22m[39m[31m[1m^[22m[39m[31m[1m^[22m[39m[31m[1m^[22m[39m[31m[1m^[22m[39m[31m[1m^[22m[39m[31m[1m^[22m[39m[31m[1m^[22m[39m[31m[1m^[22m[39m[31m[1m^[22m[39m[31m[1m^[22m[39m[31m[1m^[22m[39m[31m[1m^[22m[39m[31m[1m^[22m[39m[31m[1m^[22m[39m[31m[1m^[22m[39m[31m[1m^[22m[39m[31m[1m^[22m[39m[31m[1m^[22m[39m[31m[1m^[22m[39m[31m[1m^[22m[39m[31m[1m^[22m[39m[31m[1m^[22m[39m[31m[1m^[22m[39m[31m[1m^[22m[39m
 [90m 7 |[39m [36mimport[39m { [33mTextarea[39m } [36mfrom[39m [32m"@/components/ui/textarea"[39m
 [90m 8 |[39m [36mimport[39m { [33mSelect[39m[33m,[39m [33mSelectContent[39m[33m,[39m [33mSelectItem[39m[33m,[39m [33mSelectTrigger[39m[33m,[39m [33mSelectValue[39m } [36mfrom[39m [32m"@/components/ui/select"[39m
 [90m 9 |[39m [36mimport[39m { [33mAlertCircle[39m[33m,[39m [33mCheckCircle2[39m[33m,[39m [33mMapPin[39m[33m,[39m [33mSend[39m } [36mfrom[39m [32m"lucide-react"[39m[0m

Import map: aliased to relative './src/components/ui/input' inside of [project]/


Import traces:
  Client Component Browser:
    ./app/mobile-simulation/page.tsx [Client Component Browser]
    ./app/mobile-simulation/page.tsx [Server Component]

  Client Component SSR:
    ./app/mobile-simulation/page.tsx [Client Component SSR]
    ./app/mobile-simulation/page.tsx [Server Component]

https://nextjs.org/docs/messages/module-not-found


./app/(dashboard)/surveillance/page.tsx:7:1
Module not found: Can't resolve '@/components/ui/label'
[0m [90m  5 |[39m [36mimport[39m { [33mTabs[39m[33m,[39m [33mTabsContent[39m[33m,[39m [33mTabsList[39m[33m,[39m [33mTabsTrigger[39m } [36mfrom[39m [32m"@/components/ui/tabs"[39m
 [90m  6 |[39m [36mimport[39m { [33mMap[39m[33m,[39m [33mLayoutGrid[39m[33m,[39m [33mRadio[39m } [36mfrom[39m [32m"lucide-react"[39m
[31m[1m>[22m[39m[90m  7 |[39m [36mimport[39m { [33mLabel[39m } [36mfrom[39m [32m"@/components/ui/label"[39m
 [90m    |[39m [31m[1m^[22m[39m[31m[1m^[22m[39m[31m[1m^[22m[39m[31m[1m^[22m[39m[31m[1m^[22m[39m[31m[1m^[22m[39m[31m[1m^[22m[39m[31m[1m^[22m[39m[31m[1m^[22m[39m[31m[1m^[22m[39m[31m[1m^[22m[39m[31m[1m^[22m[39m[31m[1m^[22m[39m[31m[1m^[22m[39m[31m[1m^[22m[39m[31m[1m^[22m[39m[31m[1m^[22m[39m[31m[1m^[22m[39m[31m[1m^[22m[39m[31m[1m^[22m[39m[31m[1m^[22m[39m[31m[1m^[22m[39m[31m[1m^[22m[39m[31m[1m^[22m[39m[31m[1m^[22m[39m[31m[1m^[22m[39m[31m[1m^[22m[39m[31m[1m^[22m[39m[31m[1m^[22m[39m[31m[1m^[22m[39m[31m[1m^[22m[39m[31m[1m^[22m[39m[31m[1m^[22m[39m[31m[1m^[22m[39m[31m[1m^[22m[39m[31m[1m^[22m[39m[31m[1m^[22m[39m[31m[1m^[22m[39m[31m[1m^[22m[39m[31m[1m^[22m[39m[31m[1m^[22m[39m[31m[1m^[22m[39m[31m[1m^[22m[39m[31m[1m^[22m[39m[31m[1m^[22m[39m
 [90m  8 |[39m [90m// import { Switch } from "@/components/ui/switch"[39m
 [90m  9 |[39m [36mimport[39m { useState } [36mfrom[39m [32m"react"[39m
 [90m 10 |[39m[0m

Import map: aliased to relative './src/components/ui/label' inside of [project]/


Import traces:
  Client Component Browser:
    ./app/(dashboard)/surveillance/page.tsx [Client Component Browser]
    ./app/(dashboard)/surveillance/page.tsx [Server Component]

  Client Component SSR:
    ./app/(dashboard)/surveillance/page.tsx [Client Component SSR]
    ./app/(dashboard)/surveillance/page.tsx [Server Component]

https://nextjs.org/docs/messages/module-not-found


./app/community/report/page.tsx:7:1
Module not found: Can't resolve '@/components/ui/label'
[0m [90m  5 |[39m [36mimport[39m { [33mInput[39m } [36mfrom[39m [32m"@/components/ui/input"[39m
 [90m  6 |[39m [36mimport[39m { [33mTextarea[39m } [36mfrom[39m [32m"@/components/ui/textarea"[39m
[31m[1m>[22m[39m[90m  7 |[39m [36mimport[39m { [33mLabel[39m } [36mfrom[39m [32m"@/components/ui/label"[39m
 [90m    |[39m [31m[1m^[22m[39m[31m[1m^[22m[39m[31m[1m^[22m[39m[31m[1m^[22m[39m[31m[1m^[22m[39m[31m[1m^[22m[39m[31m[1m^[22m[39m[31m[1m^[22m[39m[31m[1m^[22m[39m[31m[1m^[22m[39m[31m[1m^[22m[39m[31m[1m^[22m[39m[31m[1m^[22m[39m[31m[1m^[22m[39m[31m[1m^[22m[39m[31m[1m^[22m[39m[31m[1m^[22m[39m[31m[1m^[22m[39m[31m[1m^[22m[39m[31m[1m^[22m[39m[31m[1m^[22m[39m[31m[1m^[22m[39m[31m[1m^[22m[39m[31m[1m^[22m[39m[31m[1m^[22m[39m[31m[1m^[22m[39m[31m[1m^[22m[39m[31m[1m^[22m[39m[31m[1m^[22m[39m[31m[1m^[22m[39m[31m[1m^[22m[39m[31m[1m^[22m[39m[31m[1m^[22m[39m[31m[1m^[22m[39m[31m[1m^[22m[39m[31m[1m^[22m[39m[31m[1m^[22m[39m[31m[1m^[22m[39m[31m[1m^[22m[39m[31m[1m^[22m[39m[31m[1m^[22m[39m[31m[1m^[22m[39m[31m[1m^[22m[39m[31m[1m^[22m[39m[31m[1m^[22m[39m
 [90m  8 |[39m [36mimport[39m { [33mCard[39m[33m,[39m [33mCardContent[39m[33m,[39m [33mCardDescription[39m[33m,[39m [33mCardFooter[39m[33m,[39m [33mCardHeader[39m[33m,[39m [33mCardTitle[39m } [36mfrom[39m [32m"@/components/ui/card"[39m
 [90m  9 |[39m [90m// import { createIncident } from "@/lib/actions/incidents"[39m
 [90m 10 |[39m [36mimport[39m { [33mMapPin[39m[33m,[39m [33mLoader2[39m[33m,[39m [33mCheckCircle[39m } [36mfrom[39m [32m"lucide-react"[39m[0m

Import map: aliased to relative './src/components/ui/label' inside of [project]/


Import traces:
  Client Component Browser:
    ./app/community/report/page.tsx [Client Component Browser]
    ./app/community/report/page.tsx [Server Component]

  Client Component SSR:
    ./app/community/report/page.tsx [Client Component SSR]
    ./app/community/report/page.tsx [Server Component]

https://nextjs.org/docs/messages/module-not-found


./app/mobile-simulation/page.tsx:8:1
Module not found: Can't resolve '@/components/ui/select'
[0m [90m  6 |[39m [36mimport[39m { [33mInput[39m } [36mfrom[39m [32m"@/components/ui/input"[39m
 [90m  7 |[39m [36mimport[39m { [33mTextarea[39m } [36mfrom[39m [32m"@/components/ui/textarea"[39m
[31m[1m>[22m[39m[90m  8 |[39m [36mimport[39m { [33mSelect[39m[33m,[39m [33mSelectContent[39m[33m,[39m [33mSelectItem[39m[33m,[39m [33mSelectTrigger[39m[33m,[39m [33mSelectValue[39m } [36mfrom[39m [32m"@/components/ui/select"[39m
 [90m    |[39m [31m[1m^[22m[39m[31m[1m^[22m[39m[31m[1m^[22m[39m[31m[1m^[22m[39m[31m[1m^[22m[39m[31m[1m^[22m[39m[31m[1m^[22m[39m[31m[1m^[22m[39m[31m[1m^[22m[39m[31m[1m^[22m[39m[31m[1m^[22m[39m[31m[1m^[22m[39m[31m[1m^[22m[39m[31m[1m^[22m[39m[31m[1m^[22m[39m[31m[1m^[22m[39m[31m[1m^[22m[39m[31m[1m^[22m[39m[31m[1m^[22m[39m[31m[1m^[22m[39m[31m[1m^[22m[39m[31m[1m^[22m[39m[31m[1m^[22m[39m[31m[1m^[22m[39m[31m[1m^[22m[39m[31m[1m^[22m[39m[31m[1m^[22m[39m[31m[1m^[22m[39m[31m[1m^[22m[39m[31m[1m^[22m[39m[31m[1m^[22m[39m[31m[1m^[22m[39m[31m[1m^[22m[39m[31m[1m^[22m[39m[31m[1m^[22m[39m[31m[1m^[22m[39m[31m[1m^[22m[39m[31m[1m^[22m[39m[31m[1m^[22m[39m[31m[1m^[22m[39m[31m[1m^[22m[39m[31m[1m^[22m[39m[31m[1m^[22m[39m[31m[1m^[22m[39m[31m[1m^[22m[39m[31m[1m^[22m[39m[31m[1m^[22m[39m[31m[1m^[22m[39m[31m[1m^[22m[39m[31m[1m^[22m[39m[31m[1m^[22m[39m[31m[1m^[22m[39m[31m[1m^[22m[39m[31m[1m^[22m[39m[31m[1m^[22m[39m[31m[1m^[22m[39m[31m[1m^[22m[39m[31m[1m^[22m[39m[31m[1m^[22m[39m[31m[1m^[22m[39m[31m[1m^[22m[39m[31m[1m^[22m[39m[31m[1m^[22m[39m[31m[1m^[22m[39m[31m[1m^[22m[39m[31m[1m^[22m[39m[31m[1m^[22m[39m[31m[1m^[22m[39m[31m[1m^[22m[39m[31m[1m^[22m[39m[31m[1m^[22m[39m[31m[1m^[22m[39m[31m[1m^[22m[39m[31m[1m^[22m[39m[31m[1m^[22m[39m[31m[1m^[22m[39m[31m[1m^[22m[39m[31m[1m^[22m[39m[31m[1m^[22m[39m[31m[1m^[22m[39m[31m[1m^[22m[39m[31m[1m^[22m[39m[31m[1m^[22m[39m[31m[1m^[22m[39m[31m[1m^[22m[39m[31m[1m^[22m[39m[31m[1m^[22m[39m[31m[1m^[22m[39m[31m[1m^[22m[39m[31m[1m^[22m[39m[31m[1m^[22m[39m[31m[1m^[22m[39m[31m[1m^[22m[39m[31m[1m^[22m[39m[31m[1m^[22m[39m[31m[1m^[22m[39m[31m[1m^[22m[39m[31m[1m^[22m[39m[31m[1m^[22m[39m[31m[1m^[22m[39m[31m[1m^[22m[39m[31m[1m^[22m[39m
 [90m  9 |[39m [36mimport[39m { [33mAlertCircle[39m[33m,[39m [33mCheckCircle2[39m[33m,[39m [33mMapPin[39m[33m,[39m [33mSend[39m } [36mfrom[39m [32m"lucide-react"[39m
 [90m 10 |[39m [36mimport[39m { toast } [36mfrom[39m [32m"sonner"[39m
 [90m 11 |[39m[0m

Import map: aliased to relative './src/components/ui/select' inside of [project]/


Import traces:
  Client Component Browser:
    ./app/mobile-simulation/page.tsx [Client Component Browser]
    ./app/mobile-simulation/page.tsx [Server Component]

  Client Component SSR:
    ./app/mobile-simulation/page.tsx [Client Component SSR]
    ./app/mobile-simulation/page.tsx [Server Component]

https://nextjs.org/docs/messages/module-not-found


./app/(dashboard)/incidents/[id]/page.tsx:5:1
Module not found: Can't resolve '@/components/ui/separator'
[0m [90m 3 |[39m [36mimport[39m { [33mBadge[39m } [36mfrom[39m [32m"@/components/ui/badge"[39m
 [90m 4 |[39m [36mimport[39m { [33mCard[39m[33m,[39m [33mCardContent[39m[33m,[39m [33mCardHeader[39m[33m,[39m [33mCardTitle[39m } [36mfrom[39m [32m"@/components/ui/card"[39m
[31m[1m>[22m[39m[90m 5 |[39m [36mimport[39m { [33mSeparator[39m } [36mfrom[39m [32m"@/components/ui/separator"[39m
 [90m   |[39m [31m[1m^[22m[39m[31m[1m^[22m[39m[31m[1m^[22m[39m[31m[1m^[22m[39m[31m[1m^[22m[39m[31m[1m^[22m[39m[31m[1m^[22m[39m[31m[1m^[22m[39m[31m[1m^[22m[39m[31m[1m^[22m[39m[31m[1m^[22m[39m[31m[1m^[22m[39m[31m[1m^[22m[39m[31m[1m^[22m[39m[31m[1m^[22m[39m[31m[1m^[22m[39m[31m[1m^[22m[39m[31m[1m^[22m[39m[31m[1m^[22m[39m[31m[1m^[22m[39m[31m[1m^[22m[39m[31m[1m^[22m[39m[31m[1m^[22m[39m[31m[1m^[22m[39m[31m[1m^[22m[39m[31m[1m^[22m[39m[31m[1m^[22m[39m[31m[1m^[22m[39m[31m[1m^[22m[39m[31m[1m^[22m[39m[31m[1m^[22m[39m[31m[1m^[22m[39m[31m[1m^[22m[39m[31m[1m^[22m[39m[31m[1m^[22m[39m[31m[1m^[22m[39m[31m[1m^[22m[39m[31m[1m^[22m[39m[31m[1m^[22m[39m[31m[1m^[22m[39m[31m[1m^[22m[39m[31m[1m^[22m[39m[31m[1m^[22m[39m[31m[1m^[22m[39m[31m[1m^[22m[39m[31m[1m^[22m[39m[31m[1m^[22m[39m[31m[1m^[22m[39m[31m[1m^[22m[39m[31m[1m^[22m[39m[31m[1m^[22m[39m[31m[1m^[22m[39m[31m[1m^[22m[39m
 [90m 6 |[39m [36mimport[39m { [33mUpdateStatus[39m } [36mfrom[39m [32m"@/components/incidents/update-status"[39m
 [90m 7 |[39m
 [90m 8 |[39m [36mexport[39m [36mdefault[39m [36masync[39m [36mfunction[39m [33mIncidentPage[39m({ params }[33m:[39m { params[33m:[39m { id[33m:[39m string } }) {[0m

Import map: aliased to relative './src/components/ui/separator' inside of [project]/


https://nextjs.org/docs/messages/module-not-found


./app/(dashboard)/intelligence/[id]/page.tsx:4:1
Module not found: Can't resolve '@/components/ui/separator'
[0m [90m 2 |[39m [36mimport[39m { notFound } [36mfrom[39m [32m"next/navigation"[39m
 [90m 3 |[39m [36mimport[39m { [33mCard[39m[33m,[39m [33mCardContent[39m[33m,[39m [33mCardHeader[39m[33m,[39m [33mCardTitle[39m } [36mfrom[39m [32m"@/components/ui/card"[39m
[31m[1m>[22m[39m[90m 4 |[39m [36mimport[39m { [33mSeparator[39m } [36mfrom[39m [32m"@/components/ui/separator"[39m
 [90m   |[39m [31m[1m^[22m[39m[31m[1m^[22m[39m[31m[1m^[22m[39m[31m[1m^[22m[39m[31m[1m^[22m[39m[31m[1m^[22m[39m[31m[1m^[22m[39m[31m[1m^[22m[39m[31m[1m^[22m[39m[31m[1m^[22m[39m[31m[1m^[22m[39m[31m[1m^[22m[39m[31m[1m^[22m[39m[31m[1m^[22m[39m[31m[1m^[22m[39m[31m[1m^[22m[39m[31m[1m^[22m[39m[31m[1m^[22m[39m[31m[1m^[22m[39m[31m[1m^[22m[39m[31m[1m^[22m[39m[31m[1m^[22m[39m[31m[1m^[22m[39m[31m[1m^[22m[39m[31m[1m^[22m[39m[31m[1m^[22m[39m[31m[1m^[22m[39m[31m[1m^[22m[39m[31m[1m^[22m[39m[31m[1m^[22m[39m[31m[1m^[22m[39m[31m[1m^[22m[39m[31m[1m^[22m[39m[31m[1m^[22m[39m[31m[1m^[22m[39m[31m[1m^[22m[39m[31m[1m^[22m[39m[31m[1m^[22m[39m[31m[1m^[22m[39m[31m[1m^[22m[39m[31m[1m^[22m[39m[31m[1m^[22m[39m[31m[1m^[22m[39m[31m[1m^[22m[39m[31m[1m^[22m[39m[31m[1m^[22m[39m[31m[1m^[22m[39m[31m[1m^[22m[39m[31m[1m^[22m[39m[31m[1m^[22m[39m[31m[1m^[22m[39m[31m[1m^[22m[39m[31m[1m^[22m[39m
 [90m 5 |[39m [36mimport[39m { [33mLock[39m[33m,[39m [33mFileText[39m[33m,[39m [33mUser[39m[33m,[39m [33mCalendar[39m } [36mfrom[39m [32m"lucide-react"[39m
 [90m 6 |[39m
 [90m 7 |[39m [36mexport[39m [36mdefault[39m [36masync[39m [36mfunction[39m [33mIntelligenceDetailPage[39m({ params }[33m:[39m { params[33m:[39m { id[33m:[39m string } }) {[0m

Import map: aliased to relative './src/components/ui/separator' inside of [project]/


https://nextjs.org/docs/messages/module-not-found


./app/(dashboard)/surveillance/page.tsx:5:1
Module not found: Can't resolve '@/components/ui/tabs'
[0m [90m 3 |[39m [36mimport[39m { [33mCameraFeed[39m } [36mfrom[39m [32m"@/components/surveillance/camera-feed"[39m
 [90m 4 |[39m [36mimport[39m { [33mCard[39m[33m,[39m [33mCardContent[39m } [36mfrom[39m [32m"@/components/ui/card"[39m
[31m[1m>[22m[39m[90m 5 |[39m [36mimport[39m { [33mTabs[39m[33m,[39m [33mTabsContent[39m[33m,[39m [33mTabsList[39m[33m,[39m [33mTabsTrigger[39m } [36mfrom[39m [32m"@/components/ui/tabs"[39m
 [90m   |[39m [31m[1m^[22m[39m[31m[1m^[22m[39m[31m[1m^[22m[39m[31m[1m^[22m[39m[31m[1m^[22m[39m[31m[1m^[22m[39m[31m[1m^[22m[39m[31m[1m^[22m[39m[31m[1m^[22m[39m[31m[1m^[22m[39m[31m[1m^[22m[39m[31m[1m^[22m[39m[31m[1m^[22m[39m[31m[1m^[22m[39m[31m[1m^[22m[39m[31m[1m^[22m[39m[31m[1m^[22m[39m[31m[1m^[22m[39m[31m[1m^[22m[39m[31m[1m^[22m[39m[31m[1m^[22m[39m[31m[1m^[22m[39m[31m[1m^[22m[39m[31m[1m^[22m[39m[31m[1m^[22m[39m[31m[1m^[22m[39m[31m[1m^[22m[39m[31m[1m^[22m[39m[31m[1m^[22m[39m[31m[1m^[22m[39m[31m[1m^[22m[39m[31m[1m^[22m[39m[31m[1m^[22m[39m[31m[1m^[22m[39m[31m[1m^[22m[39m[31m[1m^[22m[39m[31m[1m^[22m[39m[31m[1m^[22m[39m[31m[1m^[22m[39m[31m[1m^[22m[39m[31m[1m^[22m[39m[31m[1m^[22m[39m[31m[1m^[22m[39m[31m[1m^[22m[39m[31m[1m^[22m[39m[31m[1m^[22m[39m[31m[1m^[22m[39m[31m[1m^[22m[39m[31m[1m^[22m[39m[31m[1m^[22m[39m[31m[1m^[22m[39m[31m[1m^[22m[39m[31m[1m^[22m[39m[31m[1m^[22m[39m[31m[1m^[22m[39m[31m[1m^[22m[39m[31m[1m^[22m[39m[31m[1m^[22m[39m[31m[1m^[22m[39m[31m[1m^[22m[39m[31m[1m^[22m[39m[31m[1m^[22m[39m[31m[1m^[22m[39m[31m[1m^[22m[39m[31m[1m^[22m[39m[31m[1m^[22m[39m[31m[1m^[22m[39m[31m[1m^[22m[39m[31m[1m^[22m[39m[31m[1m^[22m[39m[31m[1m^[22m[39m[31m[1m^[22m[39m[31m[1m^[22m[39m[31m[1m^[22m[39m[31m[1m^[22m[39m[31m[1m^[22m[39m[31m[1m^[22m[39m[31m[1m^[22m[39m[31m[1m^[22m[39m
 [90m 6 |[39m [36mimport[39m { [33mMap[39m[33m,[39m [33mLayoutGrid[39m[33m,[39m [33mRadio[39m } [36mfrom[39m [32m"lucide-react"[39m
 [90m 7 |[39m [36mimport[39m { [33mLabel[39m } [36mfrom[39m [32m"@/components/ui/label"[39m
 [90m 8 |[39m [90m// import { Switch } from "@/components/ui/switch"[39m[0m

Import map: aliased to relative './src/components/ui/tabs' inside of [project]/


Import traces:
  Client Component Browser:
    ./app/(dashboard)/surveillance/page.tsx [Client Component Browser]
    ./app/(dashboard)/surveillance/page.tsx [Server Component]

  Client Component SSR:
    ./app/(dashboard)/surveillance/page.tsx [Client Component SSR]
    ./app/(dashboard)/surveillance/page.tsx [Server Component]

https://nextjs.org/docs/messages/module-not-found


./app/community/report/page.tsx:6:1
Module not found: Can't resolve '@/components/ui/textarea'
[0m [90m 4 |[39m [36mimport[39m { [33mButton[39m } [36mfrom[39m [32m"@/components/ui/button"[39m
 [90m 5 |[39m [36mimport[39m { [33mInput[39m } [36mfrom[39m [32m"@/components/ui/input"[39m
[31m[1m>[22m[39m[90m 6 |[39m [36mimport[39m { [33mTextarea[39m } [36mfrom[39m [32m"@/components/ui/textarea"[39m
 [90m   |[39m [31m[1m^[22m[39m[31m[1m^[22m[39m[31m[1m^[22m[39m[31m[1m^[22m[39m[31m[1m^[22m[39m[31m[1m^[22m[39m[31m[1m^[22m[39m[31m[1m^[22m[39m[31m[1m^[22m[39m[31m[1m^[22m[39m[31m[1m^[22m[39m[31m[1m^[22m[39m[31m[1m^[22m[39m[31m[1m^[22m[39m[31m[1m^[22m[39m[31m[1m^[22m[39m[31m[1m^[22m[39m[31m[1m^[22m[39m[31m[1m^[22m[39m[31m[1m^[22m[39m[31m[1m^[22m[39m[31m[1m^[22m[39m[31m[1m^[22m[39m[31m[1m^[22m[39m[31m[1m^[22m[39m[31m[1m^[22m[39m[31m[1m^[22m[39m[31m[1m^[22m[39m[31m[1m^[22m[39m[31m[1m^[22m[39m[31m[1m^[22m[39m[31m[1m^[22m[39m[31m[1m^[22m[39m[31m[1m^[22m[39m[31m[1m^[22m[39m[31m[1m^[22m[39m[31m[1m^[22m[39m[31m[1m^[22m[39m[31m[1m^[22m[39m[31m[1m^[22m[39m[31m[1m^[22m[39m[31m[1m^[22m[39m[31m[1m^[22m[39m[31m[1m^[22m[39m[31m[1m^[22m[39m[31m[1m^[22m[39m[31m[1m^[22m[39m[31m[1m^[22m[39m[31m[1m^[22m[39m[31m[1m^[22m[39m[31m[1m^[22m[39m
 [90m 7 |[39m [36mimport[39m { [33mLabel[39m } [36mfrom[39m [32m"@/components/ui/label"[39m
 [90m 8 |[39m [36mimport[39m { [33mCard[39m[33m,[39m [33mCardContent[39m[33m,[39m [33mCardDescription[39m[33m,[39m [33mCardFooter[39m[33m,[39m [33mCardHeader[39m[33m,[39m [33mCardTitle[39m } [36mfrom[39m [32m"@/components/ui/card"[39m
 [90m 9 |[39m [90m// import { createIncident } from "@/lib/actions/incidents"[39m[0m

Import map: aliased to relative './src/components/ui/textarea' inside of [project]/


Import traces:
  Client Component Browser:
    ./app/community/report/page.tsx [Client Component Browser]
    ./app/community/report/page.tsx [Server Component]

  Client Component SSR:
    ./app/community/report/page.tsx [Client Component SSR]
    ./app/community/report/page.tsx [Server Component]

https://nextjs.org/docs/messages/module-not-found


./app/mobile-simulation/page.tsx:7:1
Module not found: Can't resolve '@/components/ui/textarea'
[0m [90m  5 |[39m [36mimport[39m { [33mButton[39m } [36mfrom[39m [32m"@/components/ui/button"[39m
 [90m  6 |[39m [36mimport[39m { [33mInput[39m } [36mfrom[39m [32m"@/components/ui/input"[39m
[31m[1m>[22m[39m[90m  7 |[39m [36mimport[39m { [33mTextarea[39m } [36mfrom[39m [32m"@/components/ui/textarea"[39m
 [90m    |[39m [31m[1m^[22m[39m[31m[1m^[22m[39m[31m[1m^[22m[39m[31m[1m^[22m[39m[31m[1m^[22m[39m[31m[1m^[22m[39m[31m[1m^[22m[39m[31m[1m^[22m[39m[31m[1m^[22m[39m[31m[1m^[22m[39m[31m[1m^[22m[39m[31m[1m^[22m[39m[31m[1m^[22m[39m[31m[1m^[22m[39m[31m[1m^[22m[39m[31m[1m^[22m[39m[31m[1m^[22m[39m[31m[1m^[22m[39m[31m[1m^[22m[39m[31m[1m^[22m[39m[31m[1m^[22m[39m[31m[1m^[22m[39m[31m[1m^[22m[39m[31m[1m^[22m[39m[31m[1m^[22m[39m[31m[1m^[22m[39m[31m[1m^[22m[39m[31m[1m^[22m[39m[31m[1m^[22m[39m[31m[1m^[22m[39m[31m[1m^[22m[39m[31m[1m^[22m[39m[31m[1m^[22m[39m[31m[1m^[22m[39m[31m[1m^[22m[39m[31m[1m^[22m[39m[31m[1m^[22m[39m[31m[1m^[22m[39m[31m[1m^[22m[39m[31m[1m^[22m[39m[31m[1m^[22m[39m[31m[1m^[22m[39m[31m[1m^[22m[39m[31m[1m^[22m[39m[31m[1m^[22m[39m[31m[1m^[22m[39m[31m[1m^[22m[39m[31m[1m^[22m[39m[31m[1m^[22m[39m[31m[1m^[22m[39m[31m[1m^[22m[39m
 [90m  8 |[39m [36mimport[39m { [33mSelect[39m[33m,[39m [33mSelectContent[39m[33m,[39m [33mSelectItem[39m[33m,[39m [33mSelectTrigger[39m[33m,[39m [33mSelectValue[39m } [36mfrom[39m [32m"@/components/ui/select"[39m
 [90m  9 |[39m [36mimport[39m { [33mAlertCircle[39m[33m,[39m [33mCheckCircle2[39m[33m,[39m [33mMapPin[39m[33m,[39m [33mSend[39m } [36mfrom[39m [32m"lucide-react"[39m
 [90m 10 |[39m [36mimport[39m { toast } [36mfrom[39m [32m"sonner"[39m[0m

Import map: aliased to relative './src/components/ui/textarea' inside of [project]/


Import traces:
  Client Component Browser:
    ./app/mobile-simulation/page.tsx [Client Component Browser]
    ./app/mobile-simulation/page.tsx [Server Component]

  Client Component SSR:
    ./app/mobile-simulation/page.tsx [Client Component SSR]
    ./app/mobile-simulation/page.tsx [Server Component]

https://nextjs.org/docs/messages/module-not-found


./app/layout.tsx:5:1
Module not found: Can't resolve '@/components/ui/tooltip'
[0m [90m 3 |[39m [36mimport[39m [32m'./globals.css'[39m[33m;[39m
 [90m 4 |[39m [36mimport[39m { [33mThemeProvider[39m } [36mfrom[39m [32m'@/components/theme-provider'[39m[33m;[39m
[31m[1m>[22m[39m[90m 5 |[39m [36mimport[39m { [33mTooltipProvider[39m } [36mfrom[39m [32m'@/components/ui/tooltip'[39m[33m;[39m
 [90m   |[39m [31m[1m^[22m[39m[31m[1m^[22m[39m[31m[1m^[22m[39m[31m[1m^[22m[39m[31m[1m^[22m[39m[31m[1m^[22m[39m[31m[1m^[22m[39m[31m[1m^[22m[39m[31m[1m^[22m[39m[31m[1m^[22m[39m[31m[1m^[22m[39m[31m[1m^[22m[39m[31m[1m^[22m[39m[31m[1m^[22m[39m[31m[1m^[22m[39m[31m[1m^[22m[39m[31m[1m^[22m[39m[31m[1m^[22m[39m[31m[1m^[22m[39m[31m[1m^[22m[39m[31m[1m^[22m[39m[31m[1m^[22m[39m[31m[1m^[22m[39m[31m[1m^[22m[39m[31m[1m^[22m[39m[31m[1m^[22m[39m[31m[1m^[22m[39m[31m[1m^[22m[39m[31m[1m^[22m[39m[31m[1m^[22m[39m[31m[1m^[22m[39m[31m[1m^[22m[39m[31m[1m^[22m[39m[31m[1m^[22m[39m[31m[1m^[22m[39m[31m[1m^[22m[39m[31m[1m^[22m[39m[31m[1m^[22m[39m[31m[1m^[22m[39m[31m[1m^[22m[39m[31m[1m^[22m[39m[31m[1m^[22m[39m[31m[1m^[22m[39m[31m[1m^[22m[39m[31m[1m^[22m[39m[31m[1m^[22m[39m[31m[1m^[22m[39m[31m[1m^[22m[39m[31m[1m^[22m[39m[31m[1m^[22m[39m[31m[1m^[22m[39m[31m[1m^[22m[39m[31m[1m^[22m[39m[31m[1m^[22m[39m[31m[1m^[22m[39m[31m[1m^[22m[39m[31m[1m^[22m[39m[31m[1m^[22m[39m
 [90m 6 |[39m
 [90m 7 |[39m [36mconst[39m outfit [33m=[39m [33mOutfit[39m({ subsets[33m:[39m [[32m'latin'[39m] })[33m;[39m
 [90m 8 |[39m[0m

Import map: aliased to relative './src/components/ui/tooltip' inside of [project]/


https://nextjs.org/docs/messages/module-not-found


./app/(dashboard)/layout.tsx:1:1
Module not found: Can't resolve '@/contexts/nctirs/AuthContext'
[0m[31m[1m>[22m[39m[90m 1 |[39m [36mimport[39m { [33mAuthProvider[39m } [36mfrom[39m [32m"@/contexts/nctirs/AuthContext"[39m
 [90m   |[39m [31m[1m^[22m[39m[31m[1m^[22m[39m[31m[1m^[22m[39m[31m[1m^[22m[39m[31m[1m^[22m[39m[31m[1m^[22m[39m[31m[1m^[22m[39m[31m[1m^[22m[39m[31m[1m^[22m[39m[31m[1m^[22m[39m[31m[1m^[22m[39m[31m[1m^[22m[39m[31m[1m^[22m[39m[31m[1m^[22m[39m[31m[1m^[22m[39m[31m[1m^[22m[39m[31m[1m^[22m[39m[31m[1m^[22m[39m[31m[1m^[22m[39m[31m[1m^[22m[39m[31m[1m^[22m[39m[31m[1m^[22m[39m[31m[1m^[22m[39m[31m[1m^[22m[39m[31m[1m^[22m[39m[31m[1m^[22m[39m[31m[1m^[22m[39m[31m[1m^[22m[39m[31m[1m^[22m[39m[31m[1m^[22m[39m[31m[1m^[22m[39m[31m[1m^[22m[39m[31m[1m^[22m[39m[31m[1m^[22m[39m[31m[1m^[22m[39m[31m[1m^[22m[39m[31m[1m^[22m[39m[31m[1m^[22m[39m[31m[1m^[22m[39m[31m[1m^[22m[39m[31m[1m^[22m[39m[31m[1m^[22m[39m[31m[1m^[22m[39m[31m[1m^[22m[39m[31m[1m^[22m[39m[31m[1m^[22m[39m[31m[1m^[22m[39m[31m[1m^[22m[39m[31m[1m^[22m[39m[31m[1m^[22m[39m[31m[1m^[22m[39m[31m[1m^[22m[39m[31m[1m^[22m[39m[31m[1m^[22m[39m[31m[1m^[22m[39m[31m[1m^[22m[39m[31m[1m^[22m[39m[31m[1m^[22m[39m[31m[1m^[22m[39m[31m[1m^[22m[39m
 [90m 2 |[39m [36mimport[39m [33mProviders[39m [36mfrom[39m [32m"@/components/Providers"[39m
 [90m 3 |[39m
 [90m 4 |[39m [36mexport[39m [36mdefault[39m [36mfunction[39m [33mDashboardLayout[39m({[0m

Import map: aliased to relative './src/contexts/nctirs/AuthContext' inside of [project]/


https://nextjs.org/docs/messages/module-not-found


./app/(dashboard)/intelligence/[id]/page.tsx:1:1
Module not found: Can't resolve '@/lib/actions/intelligence'
[0m[31m[1m>[22m[39m[90m 1 |[39m [36mimport[39m { getIntelligenceItem } [36mfrom[39m [32m"@/lib/actions/intelligence"[39m
 [90m   |[39m [31m[1m^[22m[39m[31m[1m^[22m[39m[31m[1m^[22m[39m[31m[1m^[22m[39m[31m[1m^[22m[39m[31m[1m^[22m[39m[31m[1m^[22m[39m[31m[1m^[22m[39m[31m[1m^[22m[39m[31m[1m^[22m[39m[31m[1m^[22m[39m[31m[1m^[22m[39m[31m[1m^[22m[39m[31m[1m^[22m[39m[31m[1m^[22m[39m[31m[1m^[22m[39m[31m[1m^[22m[39m[31m[1m^[22m[39m[31m[1m^[22m[39m[31m[1m^[22m[39m[31m[1m^[22m[39m[31m[1m^[22m[39m[31m[1m^[22m[39m[31m[1m^[22m[39m[31m[1m^[22m[39m[31m[1m^[22m[39m[31m[1m^[22m[39m[31m[1m^[22m[39m[31m[1m^[22m[39m[31m[1m^[22m[39m[31m[1m^[22m[39m[31m[1m^[22m[39m[31m[1m^[22m[39m[31m[1m^[22m[39m[31m[1m^[22m[39m[31m[1m^[22m[39m[31m[1m^[22m[39m[31m[1m^[22m[39m[31m[1m^[22m[39m[31m[1m^[22m[39m[31m[1m^[22m[39m[31m[1m^[22m[39m[31m[1m^[22m[39m[31m[1m^[22m[39m[31m[1m^[22m[39m[31m[1m^[22m[39m[31m[1m^[22m[39m[31m[1m^[22m[39m[31m[1m^[22m[39m[31m[1m^[22m[39m[31m[1m^[22m[39m[31m[1m^[22m[39m[31m[1m^[22m[39m[31m[1m^[22m[39m[31m[1m^[22m[39m[31m[1m^[22m[39m[31m[1m^[22m[39m[31m[1m^[22m[39m[31m[1m^[22m[39m[31m[1m^[22m[39m[31m[1m^[22m[39m[31m[1m^[22m[39m[31m[1m^[22m[39m[31m[1m^[22m[39m
 [90m 2 |[39m [36mimport[39m { notFound } [36mfrom[39m [32m"next/navigation"[39m
 [90m 3 |[39m [36mimport[39m { [33mCard[39m[33m,[39m [33mCardContent[39m[33m,[39m [33mCardHeader[39m[33m,[39m [33mCardTitle[39m } [36mfrom[39m [32m"@/components/ui/card"[39m
 [90m 4 |[39m [36mimport[39m { [33mSeparator[39m } [36mfrom[39m [32m"@/components/ui/separator"[39m[0m

Import map: aliased to relative './src/lib/actions/intelligence' inside of [project]/


https://nextjs.org/docs/messages/module-not-found


./app/(dashboard)/intelligence/page.tsx:1:1
Module not found: Can't resolve '@/lib/actions/intelligence'
[0m[31m[1m>[22m[39m[90m 1 |[39m [36mimport[39m { getIntelligenceItems } [36mfrom[39m [32m"@/lib/actions/intelligence"[39m
 [90m   |[39m [31m[1m^[22m[39m[31m[1m^[22m[39m[31m[1m^[22m[39m[31m[1m^[22m[39m[31m[1m^[22m[39m[31m[1m^[22m[39m[31m[1m^[22m[39m[31m[1m^[22m[39m[31m[1m^[22m[39m[31m[1m^[22m[39m[31m[1m^[22m[39m[31m[1m^[22m[39m[31m[1m^[22m[39m[31m[1m^[22m[39m[31m[1m^[22m[39m[31m[1m^[22m[39m[31m[1m^[22m[39m[31m[1m^[22m[39m[31m[1m^[22m[39m[31m[1m^[22m[39m[31m[1m^[22m[39m[31m[1m^[22m[39m[31m[1m^[22m[39m[31m[1m^[22m[39m[31m[1m^[22m[39m[31m[1m^[22m[39m[31m[1m^[22m[39m[31m[1m^[22m[39m[31m[1m^[22m[39m[31m[1m^[22m[39m[31m[1m^[22m[39m[31m[1m^[22m[39m[31m[1m^[22m[39m[31m[1m^[22m[39m[31m[1m^[22m[39m[31m[1m^[22m[39m[31m[1m^[22m[39m[31m[1m^[22m[39m[31m[1m^[22m[39m[31m[1m^[22m[39m[31m[1m^[22m[39m[31m[1m^[22m[39m[31m[1m^[22m[39m[31m[1m^[22m[39m[31m[1m^[22m[39m[31m[1m^[22m[39m[31m[1m^[22m[39m[31m[1m^[22m[39m[31m[1m^[22m[39m[31m[1m^[22m[39m[31m[1m^[22m[39m[31m[1m^[22m[39m[31m[1m^[22m[39m[31m[1m^[22m[39m[31m[1m^[22m[39m[31m[1m^[22m[39m[31m[1m^[22m[39m[31m[1m^[22m[39m[31m[1m^[22m[39m[31m[1m^[22m[39m[31m[1m^[22m[39m[31m[1m^[22m[39m[31m[1m^[22m[39m[31m[1m^[22m[39m[31m[1m^[22m[39m
 [90m 2 |[39m [36mimport[39m { columns } [36mfrom[39m [32m"@/components/intelligence/columns"[39m
 [90m 3 |[39m [36mimport[39m { [33mIntelligenceTable[39m } [36mfrom[39m [32m"@/components/intelligence/intelligence-table"[39m
 [90m 4 |[39m[0m

Import map: aliased to relative './src/lib/actions/intelligence' inside of [project]/


https://nextjs.org/docs/messages/module-not-found


./app/api/analyze-surveillance/route.ts:2:1
Module not found: Can't resolve '@/lib/api/ai-service'
[0m [90m 1 |[39m [36mimport[39m { [33mNextResponse[39m } [36mfrom[39m [32m"next/server"[39m
[31m[1m>[22m[39m[90m 2 |[39m [36mimport[39m { analyzeSurveillance } [36mfrom[39m [32m"@/lib/api/ai-service"[39m
 [90m   |[39m [31m[1m^[22m[39m[31m[1m^[22m[39m[31m[1m^[22m[39m[31m[1m^[22m[39m[31m[1m^[22m[39m[31m[1m^[22m[39m[31m[1m^[22m[39m[31m[1m^[22m[39m[31m[1m^[22m[39m[31m[1m^[22m[39m[31m[1m^[22m[39m[31m[1m^[22m[39m[31m[1m^[22m[39m[31m[1m^[22m[39m[31m[1m^[22m[39m[31m[1m^[22m[39m[31m[1m^[22m[39m[31m[1m^[22m[39m[31m[1m^[22m[39m[31m[1m^[22m[39m[31m[1m^[22m[39m[31m[1m^[22m[39m[31m[1m^[22m[39m[31m[1m^[22m[39m[31m[1m^[22m[39m[31m[1m^[22m[39m[31m[1m^[22m[39m[31m[1m^[22m[39m[31m[1m^[22m[39m[31m[1m^[22m[39m[31m[1m^[22m[39m[31m[1m^[22m[39m[31m[1m^[22m[39m[31m[1m^[22m[39m[31m[1m^[22m[39m[31m[1m^[22m[39m[31m[1m^[22m[39m[31m[1m^[22m[39m[31m[1m^[22m[39m[31m[1m^[22m[39m[31m[1m^[22m[39m[31m[1m^[22m[39m[31m[1m^[22m[39m[31m[1m^[22m[39m[31m[1m^[22m[39m[31m[1m^[22m[39m[31m[1m^[22m[39m[31m[1m^[22m[39m[31m[1m^[22m[39m[31m[1m^[22m[39m[31m[1m^[22m[39m[31m[1m^[22m[39m[31m[1m^[22m[39m[31m[1m^[22m[39m[31m[1m^[22m[39m[31m[1m^[22m[39m[31m[1m^[22m[39m[31m[1m^[22m[39m
 [90m 3 |[39m
 [90m 4 |[39m [36mexport[39m [36masync[39m [36mfunction[39m [33mPOST[39m(req[33m:[39m [33mRequest[39m) {
 [90m 5 |[39m     [36mtry[39m {[0m

Import map: aliased to relative './src/lib/api/ai-service' inside of [project]/


https://nextjs.org/docs/messages/module-not-found


./app/(dashboard)/page.tsx:42:1
Module not found: Can't resolve '@/lib/fcir/client'
[0m [90m 40 |[39m [36mimport[39m { fetchIncidents[33m,[39m fetchThreats[33m,[39m fetchVerifiedEvents[33m,[39m mapVerifiedEventToSecurityIncident[33m,[39m [33mVerifiedEvent[39m } [36mfrom[39m [32m"@/lib/nctirs/api"[39m
 [90m 41 |[39m [90m// FCIR Integration — citizen-reported incidents[39m
[31m[1m>[22m[39m[90m 42 |[39m [36mimport[39m { fetchFCIRIncidents } [36mfrom[39m [32m"@/lib/fcir/client"[39m
 [90m    |[39m [31m[1m^[22m[39m[31m[1m^[22m[39m[31m[1m^[22m[39m[31m[1m^[22m[39m[31m[1m^[22m[39m[31m[1m^[22m[39m[31m[1m^[22m[39m[31m[1m^[22m[39m[31m[1m^[22m[39m[31m[1m^[22m[39m[31m[1m^[22m[39m[31m[1m^[22m[39m[31m[1m^[22m[39m[31m[1m^[22m[39m[31m[1m^[22m[39m[31m[1m^[22m[39m[31m[1m^[22m[39m[31m[1m^[22m[39m[31m[1m^[22m[39m[31m[1m^[22m[39m[31m[1m^[22m[39m[31m[1m^[22m[39m[31m[1m^[22m[39m[31m[1m^[22m[39m[31m[1m^[22m[39m[31m[1m^[22m[39m[31m[1m^[22m[39m[31m[1m^[22m[39m[31m[1m^[22m[39m[31m[1m^[22m[39m[31m[1m^[22m[39m[31m[1m^[22m[39m[31m[1m^[22m[39m[31m[1m^[22m[39m[31m[1m^[22m[39m[31m[1m^[22m[39m[31m[1m^[22m[39m[31m[1m^[22m[39m[31m[1m^[22m[39m[31m[1m^[22m[39m[31m[1m^[22m[39m[31m[1m^[22m[39m[31m[1m^[22m[39m[31m[1m^[22m[39m[31m[1m^[22m[39m[31m[1m^[22m[39m[31m[1m^[22m[39m[31m[1m^[22m[39m[31m[1m^[22m[39m[31m[1m^[22m[39m[31m[1m^[22m[39m[31m[1m^[22m[39m[31m[1m^[22m[39m[31m[1m^[22m[39m
 [90m 43 |[39m [36mimport[39m { mapFCIRIncidents } [36mfrom[39m [32m"@/lib/fcir/mapper"[39m
 [90m 44 |[39m [90m// Types[39m
 [90m 45 |[39m [36mimport[39m type {[0m

Import map: aliased to relative './src/lib/fcir/client' inside of [project]/


Import traces:
  Client Component Browser:
    ./app/(dashboard)/page.tsx [Client Component Browser]
    ./app/(dashboard)/page.tsx [Server Component]

  Client Component SSR:
    ./app/(dashboard)/page.tsx [Client Component SSR]
    ./app/(dashboard)/page.tsx [Server Component]

https://nextjs.org/docs/messages/module-not-found


./app/api/fcir-sync/route.ts:4:1
Module not found: Can't resolve '@/lib/fcir/client'
[0m [90m 2 |[39m
 [90m 3 |[39m [36mimport[39m { [33mNextResponse[39m } [36mfrom[39m [32m'next/server'[39m[33m;[39m
[31m[1m>[22m[39m[90m 4 |[39m [36mimport[39m { fetchFCIRIncidents } [36mfrom[39m [32m'@/lib/fcir/client'[39m[33m;[39m
 [90m   |[39m [31m[1m^[22m[39m[31m[1m^[22m[39m[31m[1m^[22m[39m[31m[1m^[22m[39m[31m[1m^[22m[39m[31m[1m^[22m[39m[31m[1m^[22m[39m[31m[1m^[22m[39m[31m[1m^[22m[39m[31m[1m^[22m[39m[31m[1m^[22m[39m[31m[1m^[22m[39m[31m[1m^[22m[39m[31m[1m^[22m[39m[31m[1m^[22m[39m[31m[1m^[22m[39m[31m[1m^[22m[39m[31m[1m^[22m[39m[31m[1m^[22m[39m[31m[1m^[22m[39m[31m[1m^[22m[39m[31m[1m^[22m[39m[31m[1m^[22m[39m[31m[1m^[22m[39m[31m[1m^[22m[39m[31m[1m^[22m[39m[31m[1m^[22m[39m[31m[1m^[22m[39m[31m[1m^[22m[39m[31m[1m^[22m[39m[31m[1m^[22m[39m[31m[1m^[22m[39m[31m[1m^[22m[39m[31m[1m^[22m[39m[31m[1m^[22m[39m[31m[1m^[22m[39m[31m[1m^[22m[39m[31m[1m^[22m[39m[31m[1m^[22m[39m[31m[1m^[22m[39m[31m[1m^[22m[39m[31m[1m^[22m[39m[31m[1m^[22m[39m[31m[1m^[22m[39m[31m[1m^[22m[39m[31m[1m^[22m[39m[31m[1m^[22m[39m[31m[1m^[22m[39m[31m[1m^[22m[39m[31m[1m^[22m[39m[31m[1m^[22m[39m[31m[1m^[22m[39m[31m[1m^[22m[39m[31m[1m^[22m[39m[31m[1m^[22m[39m
 [90m 5 |[39m
 [90m 6 |[39m [36mexport[39m [36masync[39m [36mfunction[39m [33mGET[39m() {
 [90m 7 |[39m     [36mtry[39m {[0m

Import map: aliased to relative './src/lib/fcir/client' inside of [project]/


https://nextjs.org/docs/messages/module-not-found


./app/(dashboard)/page.tsx:43:1
Module not found: Can't resolve '@/lib/fcir/mapper'
[0m [90m 41 |[39m [90m// FCIR Integration — citizen-reported incidents[39m
 [90m 42 |[39m [36mimport[39m { fetchFCIRIncidents } [36mfrom[39m [32m"@/lib/fcir/client"[39m
[31m[1m>[22m[39m[90m 43 |[39m [36mimport[39m { mapFCIRIncidents } [36mfrom[39m [32m"@/lib/fcir/mapper"[39m
 [90m    |[39m [31m[1m^[22m[39m[31m[1m^[22m[39m[31m[1m^[22m[39m[31m[1m^[22m[39m[31m[1m^[22m[39m[31m[1m^[22m[39m[31m[1m^[22m[39m[31m[1m^[22m[39m[31m[1m^[22m[39m[31m[1m^[22m[39m[31m[1m^[22m[39m[31m[1m^[22m[39m[31m[1m^[22m[39m[31m[1m^[22m[39m[31m[1m^[22m[39m[31m[1m^[22m[39m[31m[1m^[22m[39m[31m[1m^[22m[39m[31m[1m^[22m[39m[31m[1m^[22m[39m[31m[1m^[22m[39m[31m[1m^[22m[39m[31m[1m^[22m[39m[31m[1m^[22m[39m[31m[1m^[22m[39m[31m[1m^[22m[39m[31m[1m^[22m[39m[31m[1m^[22m[39m[31m[1m^[22m[39m[31m[1m^[22m[39m[31m[1m^[22m[39m[31m[1m^[22m[39m[31m[1m^[22m[39m[31m[1m^[22m[39m[31m[1m^[22m[39m[31m[1m^[22m[39m[31m[1m^[22m[39m[31m[1m^[22m[39m[31m[1m^[22m[39m[31m[1m^[22m[39m[31m[1m^[22m[39m[31m[1m^[22m[39m[31m[1m^[22m[39m[31m[1m^[22m[39m[31m[1m^[22m[39m[31m[1m^[22m[39m[31m[1m^[22m[39m[31m[1m^[22m[39m[31m[1m^[22m[39m[31m[1m^[22m[39m[31m[1m^[22m[39m[31m[1m^[22m[39m
 [90m 44 |[39m [90m// Types[39m
 [90m 45 |[39m [36mimport[39m type {
 [90m 46 |[39m     [33mSecurityIncident[39m[33m,[39m[0m

Import map: aliased to relative './src/lib/fcir/mapper' inside of [project]/


Import traces:
  Client Component Browser:
    ./app/(dashboard)/page.tsx [Client Component Browser]
    ./app/(dashboard)/page.tsx [Server Component]

  Client Component SSR:
    ./app/(dashboard)/page.tsx [Client Component SSR]
    ./app/(dashboard)/page.tsx [Server Component]

https://nextjs.org/docs/messages/module-not-found


./app/(dashboard)/page.tsx:38:1
Module not found: Can't resolve '@/lib/nctirs/analytics'
[0m [90m 36 |[39m [36mimport[39m { [33mVoiceCommandPanel[39m } [36mfrom[39m [32m"@/components/nctirs/shared/VoiceCommandPanel"[39m
 [90m 37 |[39m [90m// Analytics tracking[39m
[31m[1m>[22m[39m[90m 38 |[39m [36mimport[39m { trackPageView[33m,[39m trackAction[33m,[39m trackPerformance } [36mfrom[39m [32m"@/lib/nctirs/analytics"[39m
 [90m    |[39m [31m[1m^[22m[39m[31m[1m^[22m[39m[31m[1m^[22m[39m[31m[1m^[22m[39m[31m[1m^[22m[39m[31m[1m^[22m[39m[31m[1m^[22m[39m[31m[1m^[22m[39m[31m[1m^[22m[39m[31m[1m^[22m[39m[31m[1m^[22m[39m[31m[1m^[22m[39m[31m[1m^[22m[39m[31m[1m^[22m[39m[31m[1m^[22m[39m[31m[1m^[22m[39m[31m[1m^[22m[39m[31m[1m^[22m[39m[31m[1m^[22m[39m[31m[1m^[22m[39m[31m[1m^[22m[39m[31m[1m^[22m[39m[31m[1m^[22m[39m[31m[1m^[22m[39m[31m[1m^[22m[39m[31m[1m^[22m[39m[31m[1m^[22m[39m[31m[1m^[22m[39m[31m[1m^[22m[39m[31m[1m^[22m[39m[31m[1m^[22m[39m[31m[1m^[22m[39m[31m[1m^[22m[39m[31m[1m^[22m[39m[31m[1m^[22m[39m[31m[1m^[22m[39m[31m[1m^[22m[39m[31m[1m^[22m[39m[31m[1m^[22m[39m[31m[1m^[22m[39m[31m[1m^[22m[39m[31m[1m^[22m[39m[31m[1m^[22m[39m[31m[1m^[22m[39m[31m[1m^[22m[39m[31m[1m^[22m[39m[31m[1m^[22m[39m[31m[1m^[22m[39m[31m[1m^[22m[39m[31m[1m^[22m[39m[31m[1m^[22m[39m[31m[1m^[22m[39m[31m[1m^[22m[39m[31m[1m^[22m[39m[31m[1m^[22m[39m[31m[1m^[22m[39m[31m[1m^[22m[39m[31m[1m^[22m[39m[31m[1m^[22m[39m[31m[1m^[22m[39m[31m[1m^[22m[39m[31m[1m^[22m[39m[31m[1m^[22m[39m[31m[1m^[22m[39m[31m[1m^[22m[39m[31m[1m^[22m[39m[31m[1m^[22m[39m[31m[1m^[22m[39m[31m[1m^[22m[39m[31m[1m^[22m[39m[31m[1m^[22m[39m[31m[1m^[22m[39m[31m[1m^[22m[39m[31m[1m^[22m[39m[31m[1m^[22m[39m[31m[1m^[22m[39m[31m[1m^[22m[39m[31m[1m^[22m[39m[31m[1m^[22m[39m[31m[1m^[22m[39m[31m[1m^[22m[39m[31m[1m^[22m[39m[31m[1m^[22m[39m[31m[1m^[22m[39m[31m[1m^[22m[39m
 [90m 39 |[39m [90m// API Client for real data[39m
 [90m 40 |[39m [36mimport[39m { fetchIncidents[33m,[39m fetchThreats[33m,[39m fetchVerifiedEvents[33m,[39m mapVerifiedEventToSecurityIncident[33m,[39m [33mVerifiedEvent[39m } [36mfrom[39m [32m"@/lib/nctirs/api"[39m
 [90m 41 |[39m [90m// FCIR Integration — citizen-reported incidents[39m[0m

Import map: aliased to relative './src/lib/nctirs/analytics' inside of [project]/


Import traces:
  Client Component Browser:
    ./app/(dashboard)/page.tsx [Client Component Browser]
    ./app/(dashboard)/page.tsx [Server Component]

  Client Component SSR:
    ./app/(dashboard)/page.tsx [Client Component SSR]
    ./app/(dashboard)/page.tsx [Server Component]

https://nextjs.org/docs/messages/module-not-found


./app/(dashboard)/page.tsx:40:1
Module not found: Can't resolve '@/lib/nctirs/api'
[0m [90m 38 |[39m [36mimport[39m { trackPageView[33m,[39m trackAction[33m,[39m trackPerformance } [36mfrom[39m [32m"@/lib/nctirs/analytics"[39m
 [90m 39 |[39m [90m// API Client for real data[39m
[31m[1m>[22m[39m[90m 40 |[39m [36mimport[39m { fetchIncidents[33m,[39m fetchThreats[33m,[39m fetchVerifiedEvents[33m,[39m mapVerifiedEventToSecurityIncident[33m,[39m [33mVerifiedEvent[39m } [36mfrom[39m [32m"@/lib/nctirs/api"[39m
 [90m    |[39m [31m[1m^[22m[39m[31m[1m^[22m[39m[31m[1m^[22m[39m[31m[1m^[22m[39m[31m[1m^[22m[39m[31m[1m^[22m[39m[31m[1m^[22m[39m[31m[1m^[22m[39m[31m[1m^[22m[39m[31m[1m^[22m[39m[31m[1m^[22m[39m[31m[1m^[22m[39m[31m[1m^[22m[39m[31m[1m^[22m[39m[31m[1m^[22m[39m[31m[1m^[22m[39m[31m[1m^[22m[39m[31m[1m^[22m[39m[31m[1m^[22m[39m[31m[1m^[22m[39m[31m[1m^[22m[39m[31m[1m^[22m[39m[31m[1m^[22m[39m[31m[1m^[22m[39m[31m[1m^[22m[39m[31m[1m^[22m[39m[31m[1m^[22m[39m[31m[1m^[22m[39m[31m[1m^[22m[39m[31m[1m^[22m[39m[31m[1m^[22m[39m[31m[1m^[22m[39m[31m[1m^[22m[39m[31m[1m^[22m[39m[31m[1m^[22m[39m[31m[1m^[22m[39m[31m[1m^[22m[39m[31m[1m^[22m[39m[31m[1m^[22m[39m[31m[1m^[22m[39m[31m[1m^[22m[39m[31m[1m^[22m[39m[31m[1m^[22m[39m[31m[1m^[22m[39m[31m[1m^[22m[39m[31m[1m^[22m[39m[31m[1m^[22m[39m[31m[1m^[22m[39m[31m[1m^[22m[39m[31m[1m^[22m[39m[31m[1m^[22m[39m[31m[1m^[22m[39m[31m[1m^[22m[39m[31m[1m^[22m[39m[31m[1m^[22m[39m[31m[1m^[22m[39m[31m[1m^[22m[39m[31m[1m^[22m[39m[31m[1m^[22m[39m[31m[1m^[22m[39m[31m[1m^[22m[39m[31m[1m^[22m[39m[31m[1m^[22m[39m[31m[1m^[22m[39m[31m[1m^[22m[39m[31m[1m^[22m[39m[31m[1m^[22m[39m[31m[1m^[22m[39m[31m[1m^[22m[39m[31m[1m^[22m[39m[31m[1m^[22m[39m[31m[1m^[22m[39m[31m[1m^[22m[39m[31m[1m^[22m[39m[31m[1m^[22m[39m[31m[1m^[22m[39m[31m[1m^[22m[39m[31m[1m^[22m[39m[31m[1m^[22m[39m[31m[1m^[22m[39m[31m[1m^[22m[39m[31m[1m^[22m[39m[31m[1m^[22m[39m[31m[1m^[22m[39m[31m[1m^[22m[39m[31m[1m^[22m[39m[31m[1m^[22m[39m[31m[1m^[22m[39m[31m[1m^[22m[39m[31m[1m^[22m[39m[31m[1m^[22m[39m[31m[1m^[22m[39m[31m[1m^[22m[39m[31m[1m^[22m[39m[31m[1m^[22m[39m[31m[1m^[22m[39m[31m[1m^[22m[39m[31m[1m^[22m[39m[31m[1m^[22m[39m[31m[1m^[22m[39m[31m[1m^[22m[39m[31m[1m^[22m[39m[31m[1m^[22m[39m[31m[1m^[22m[39m[31m[1m^[22m[39m[31m[1m^[22m[39m[31m[1m^[22m[39m[31m[1m^[22m[39m[31m[1m^[22m[39m[31m[1m^[22m[39m[31m[1m^[22m[39m[31m[1m^[22m[39m[31m[1m^[22m[39m[31m[1m^[22m[39m[31m[1m^[22m[39m[31m[1m^[22m[39m[31m[1m^[22m[39m[31m[1m^[22m[39m[31m[1m^[22m[39m[31m[1m^[22m[39m[31m[1m^[22m[39m[31m[1m^[22m[39m[31m[1m^[22m[39m[31m[1m^[22m[39m[31m[1m^[22m[39m[31m[1m^[22m[39m[31m[1m^[22m[39m[31m[1m^[22m[39m[31m[1m^[22m[39m[31m[1m^[22m[39m[31m[1m^[22m[39m[31m[1m^[22m[39m[31m[1m^[22m[39m[31m[1m^[22m[39m[31m[1m^[22m[39m
 [90m 41 |[39m [90m// FCIR Integration — citizen-reported incidents[39m
 [90m 42 |[39m [36mimport[39m { fetchFCIRIncidents } [36mfrom[39m [32m"@/lib/fcir/client"[39m
 [90m 43 |[39m [36mimport[39m { mapFCIRIncidents } [36mfrom[39m [32m"@/lib/fcir/mapper"[39m[0m

Import map: aliased to relative './src/lib/nctirs/api' inside of [project]/


Import traces:
  Client Component Browser:
    ./app/(dashboard)/page.tsx [Client Component Browser]
    ./app/(dashboard)/page.tsx [Server Component]

  Client Component SSR:
    ./app/(dashboard)/page.tsx [Client Component SSR]
    ./app/(dashboard)/page.tsx [Server Component]

https://nextjs.org/docs/messages/module-not-found


./app/(dashboard)/page.tsx:86:1
Module not found: Can't resolve '@/lib/nctirs/kenyaContextData'
[0m [90m 84 |[39m     generateSovereignAIStatus[33m,[39m
 [90m 85 |[39m } [36mfrom[39m [32m"@/lib/nctirs/mockData"[39m
[31m[1m>[22m[39m[90m 86 |[39m [36mimport[39m {
 [90m    |[39m [31m[1m^[22m[39m[31m[1m^[22m[39m[31m[1m^[22m[39m[31m[1m^[22m[39m[31m[1m^[22m[39m[31m[1m^[22m[39m[31m[1m^[22m[39m[31m[1m^[22m[39m
[31m[1m>[22m[39m[90m 87 |[39m     generateNairobiTraffic[33m,[39m
 [90m    |[39m [31m[1m^[22m[39m[31m[1m^[22m[39m[31m[1m^[22m[39m[31m[1m^[22m[39m[31m[1m^[22m[39m[31m[1m^[22m[39m[31m[1m^[22m[39m[31m[1m^[22m[39m[31m[1m^[22m[39m[31m[1m^[22m[39m[31m[1m^[22m[39m[31m[1m^[22m[39m[31m[1m^[22m[39m[31m[1m^[22m[39m[31m[1m^[22m[39m[31m[1m^[22m[39m[31m[1m^[22m[39m[31m[1m^[22m[39m[31m[1m^[22m[39m[31m[1m^[22m[39m[31m[1m^[22m[39m[31m[1m^[22m[39m[31m[1m^[22m[39m[31m[1m^[22m[39m[31m[1m^[22m[39m[31m[1m^[22m[39m[31m[1m^[22m[39m
[31m[1m>[22m[39m[90m 88 |[39m     generateMpesaData[33m,[39m
 [90m    |[39m [31m[1m^[22m[39m[31m[1m^[22m[39m[31m[1m^[22m[39m[31m[1m^[22m[39m[31m[1m^[22m[39m[31m[1m^[22m[39m[31m[1m^[22m[39m[31m[1m^[22m[39m[31m[1m^[22m[39m[31m[1m^[22m[39m[31m[1m^[22m[39m[31m[1m^[22m[39m[31m[1m^[22m[39m[31m[1m^[22m[39m[31m[1m^[22m[39m[31m[1m^[22m[39m[31m[1m^[22m[39m[31m[1m^[22m[39m[31m[1m^[22m[39m[31m[1m^[22m[39m[31m[1m^[22m[39m[31m[1m^[22m[39m[31m[1m^[22m[39m[31m[1m^[22m[39m[31m[1m^[22m[39m[31m[1m^[22m[39m[31m[1m^[22m[39m
[31m[1m>[22m[39m[90m 89 |[39m     getCurrentNairobiWeather[33m,[39m
 [90m    |[39m [31m[1m^[22m[39m[31m[1m^[22m[39m[31m[1m^[22m[39m[31m[1m^[22m[39m[31m[1m^[22m[39m[31m[1m^[22m[39m[31m[1m^[22m[39m[31m[1m^[22m[39m[31m[1m^[22m[39m[31m[1m^[22m[39m[31m[1m^[22m[39m[31m[1m^[22m[39m[31m[1m^[22m[39m[31m[1m^[22m[39m[31m[1m^[22m[39m[31m[1m^[22m[39m[31m[1m^[22m[39m[31m[1m^[22m[39m[31m[1m^[22m[39m[31m[1m^[22m[39m[31m[1m^[22m[39m[31m[1m^[22m[39m[31m[1m^[22m[39m[31m[1m^[22m[39m[31m[1m^[22m[39m[31m[1m^[22m[39m[31m[1m^[22m[39m
[31m[1m>[22m[39m[90m 90 |[39m     [33mTrafficNode[39m[33m,[39m
 [90m    |[39m [31m[1m^[22m[39m[31m[1m^[22m[39m[31m[1m^[22m[39m[31m[1m^[22m[39m[31m[1m^[22m[39m[31m[1m^[22m[39m[31m[1m^[22m[39m[31m[1m^[22m[39m[31m[1m^[22m[39m[31m[1m^[22m[39m[31m[1m^[22m[39m[31m[1m^[22m[39m[31m[1m^[22m[39m[31m[1m^[22m[39m[31m[1m^[22m[39m[31m[1m^[22m[39m[31m[1m^[22m[39m[31m[1m^[22m[39m[31m[1m^[22m[39m[31m[1m^[22m[39m[31m[1m^[22m[39m[31m[1m^[22m[39m[31m[1m^[22m[39m[31m[1m^[22m[39m[31m[1m^[22m[39m[31m[1m^[22m[39m[31m[1m^[22m[39m
[31m[1m>[22m[39m[90m 91 |[39m     [33mMpesaTransaction[39m[33m,[39m
 [90m    |[39m [31m[1m^[22m[39m[31m[1m^[22m[39m[31m[1m^[22m[39m[31m[1m^[22m[39m[31m[1m^[22m[39m[31m[1m^[22m[39m[31m[1m^[22m[39m[31m[1m^[22m[39m[31m[1m^[22m[39m[31m[1m^[22m[39m[31m[1m^[22m[39m[31m[1m^[22m[39m[31m[1m^[22m[39m[31m[1m^[22m[39m[31m[1m^[22m[39m[31m[1m^[22m[39m[31m[1m^[22m[39m[31m[1m^[22m[39m[31m[1m^[22m[39m[31m[1m^[22m[39m[31m[1m^[22m[39m[31m[1m^[22m[39m[31m[1m^[22m[39m[31m[1m^[22m[39m[31m[1m^[22m[39m[31m[1m^[22m[39m[31m[1m^[22m[39m
[31m[1m>[22m[39m[90m 92 |[39m     [33mWeatherLog[39m
 [90m    |[39m [31m[1m^[22m[39m[31m[1m^[22m[39m[31m[1m^[22m[39m[31m[1m^[22m[39m[31m[1m^[22m[39m[31m[1m^[22m[39m[31m[1m^[22m[39m[31m[1m^[22m[39m[31m[1m^[22m[39m[31m[1m^[22m[39m[31m[1m^[22m[39m[31m[1m^[22m[39m[31m[1m^[22m[39m[31m[1m^[22m[39m[31m[1m^[22m[39m[31m[1m^[22m[39m[31m[1m^[22m[39m[31m[1m^[22m[39m[31m[1m^[22m[39m[31m[1m^[22m[39m[31m[1m^[22m[39m[31m[1m^[22m[39m[31m[1m^[22m[39m[31m[1m^[22m[39m[31m[1m^[22m[39m[31m[1m^[22m[39m[31m[1m^[22m[39m
[31m[1m>[22m[39m[90m 93 |[39m } [36mfrom[39m [32m"@/lib/nctirs/kenyaContextData"[39m
 [90m    |[39m [31m[1m^[22m[39m[31m[1m^[22m[39m[31m[1m^[22m[39m[31m[1m^[22m[39m[31m[1m^[22m[39m[31m[1m^[22m[39m[31m[1m^[22m[39m[31m[1m^[22m[39m[31m[1m^[22m[39m[31m[1m^[22m[39m[31m[1m^[22m[39m[31m[1m^[22m[39m[31m[1m^[22m[39m[31m[1m^[22m[39m[31m[1m^[22m[39m[31m[1m^[22m[39m[31m[1m^[22m[39m[31m[1m^[22m[39m[31m[1m^[22m[39m[31m[1m^[22m[39m[31m[1m^[22m[39m[31m[1m^[22m[39m[31m[1m^[22m[39m[31m[1m^[22m[39m[31m[1m^[22m[39m[31m[1m^[22m[39m[31m[1m^[22m[39m[31m[1m^[22m[39m[31m[1m^[22m[39m[31m[1m^[22m[39m[31m[1m^[22m[39m[31m[1m^[22m[39m[31m[1m^[22m[39m[31m[1m^[22m[39m[31m[1m^[22m[39m[31m[1m^[22m[39m[31m[1m^[22m[39m[31m[1m^[22m[39m[31m[1m^[22m[39m
 [90m 94 |[39m [36mimport[39m {
 [90m 95 |[39m     generateBorderLogs[33m,[39m
 [90m 96 |[39m     generateWildlifeData[33m,[39m[0m

Import map: aliased to relative './src/lib/nctirs/kenyaContextData' inside of [project]/


Import traces:
  Client Component Browser:
    ./app/(dashboard)/page.tsx [Client Component Browser]
    ./app/(dashboard)/page.tsx [Server Component]

  Client Component SSR:
    ./app/(dashboard)/page.tsx [Client Component SSR]
    ./app/(dashboard)/page.tsx [Server Component]

https://nextjs.org/docs/messages/module-not-found


./app/(dashboard)/page.tsx:94:1
Module not found: Can't resolve '@/lib/nctirs/kenyaExtendedData'
[0m [90m  92 |[39m     [33mWeatherLog[39m
 [90m  93 |[39m } [36mfrom[39m [32m"@/lib/nctirs/kenyaContextData"[39m
[31m[1m>[22m[39m[90m  94 |[39m [36mimport[39m {
 [90m     |[39m [31m[1m^[22m[39m[31m[1m^[22m[39m[31m[1m^[22m[39m[31m[1m^[22m[39m[31m[1m^[22m[39m[31m[1m^[22m[39m[31m[1m^[22m[39m[31m[1m^[22m[39m
[31m[1m>[22m[39m[90m  95 |[39m     generateBorderLogs[33m,[39m
 [90m     |[39m [31m[1m^[22m[39m[31m[1m^[22m[39m[31m[1m^[22m[39m[31m[1m^[22m[39m[31m[1m^[22m[39m[31m[1m^[22m[39m[31m[1m^[22m[39m[31m[1m^[22m[39m[31m[1m^[22m[39m[31m[1m^[22m[39m[31m[1m^[22m[39m[31m[1m^[22m[39m[31m[1m^[22m[39m[31m[1m^[22m[39m[31m[1m^[22m[39m[31m[1m^[22m[39m[31m[1m^[22m[39m[31m[1m^[22m[39m[31m[1m^[22m[39m[31m[1m^[22m[39m[31m[1m^[22m[39m[31m[1m^[22m[39m[31m[1m^[22m[39m
[31m[1m>[22m[39m[90m  96 |[39m     generateWildlifeData[33m,[39m
 [90m     |[39m [31m[1m^[22m[39m[31m[1m^[22m[39m[31m[1m^[22m[39m[31m[1m^[22m[39m[31m[1m^[22m[39m[31m[1m^[22m[39m[31m[1m^[22m[39m[31m[1m^[22m[39m[31m[1m^[22m[39m[31m[1m^[22m[39m[31m[1m^[22m[39m[31m[1m^[22m[39m[31m[1m^[22m[39m[31m[1m^[22m[39m[31m[1m^[22m[39m[31m[1m^[22m[39m[31m[1m^[22m[39m[31m[1m^[22m[39m[31m[1m^[22m[39m[31m[1m^[22m[39m[31m[1m^[22m[39m[31m[1m^[22m[39m[31m[1m^[22m[39m
[31m[1m>[22m[39m[90m  97 |[39m     generateSocialSentiment[33m,[39m
 [90m     |[39m [31m[1m^[22m[39m[31m[1m^[22m[39m[31m[1m^[22m[39m[31m[1m^[22m[39m[31m[1m^[22m[39m[31m[1m^[22m[39m[31m[1m^[22m[39m[31m[1m^[22m[39m[31m[1m^[22m[39m[31m[1m^[22m[39m[31m[1m^[22m[39m[31m[1m^[22m[39m[31m[1m^[22m[39m[31m[1m^[22m[39m[31m[1m^[22m[39m[31m[1m^[22m[39m[31m[1m^[22m[39m[31m[1m^[22m[39m[31m[1m^[22m[39m[31m[1m^[22m[39m[31m[1m^[22m[39m[31m[1m^[22m[39m[31m[1m^[22m[39m
[31m[1m>[22m[39m[90m  98 |[39m     generateCyberAttribution[33m,[39m
 [90m     |[39m [31m[1m^[22m[39m[31m[1m^[22m[39m[31m[1m^[22m[39m[31m[1m^[22m[39m[31m[1m^[22m[39m[31m[1m^[22m[39m[31m[1m^[22m[39m[31m[1m^[22m[39m[31m[1m^[22m[39m[31m[1m^[22m[39m[31m[1m^[22m[39m[31m[1m^[22m[39m[31m[1m^[22m[39m[31m[1m^[22m[39m[31m[1m^[22m[39m[31m[1m^[22m[39m[31m[1m^[22m[39m[31m[1m^[22m[39m[31m[1m^[22m[39m[31m[1m^[22m[39m[31m[1m^[22m[39m[31m[1m^[22m[39m[31m[1m^[22m[39m
[31m[1m>[22m[39m[90m  99 |[39m     [33mBorderLog[39m[33m,[39m
 [90m     |[39m [31m[1m^[22m[39m[31m[1m^[22m[39m[31m[1m^[22m[39m[31m[1m^[22m[39m[31m[1m^[22m[39m[31m[1m^[22m[39m[31m[1m^[22m[39m[31m[1m^[22m[39m[31m[1m^[22m[39m[31m[1m^[22m[39m[31m[1m^[22m[39m[31m[1m^[22m[39m[31m[1m^[22m[39m[31m[1m^[22m[39m[31m[1m^[22m[39m[31m[1m^[22m[39m[31m[1m^[22m[39m[31m[1m^[22m[39m[31m[1m^[22m[39m[31m[1m^[22m[39m[31m[1m^[22m[39m[31m[1m^[22m[39m[31m[1m^[22m[39m
[31m[1m>[22m[39m[90m 100 |[39m     [33mWildlifePing[39m[33m,[39m
 [90m     |[39m [31m[1m^[22m[39m[31m[1m^[22m[39m[31m[1m^[22m[39m[31m[1m^[22m[39m[31m[1m^[22m[39m[31m[1m^[22m[39m[31m[1m^[22m[39m[31m[1m^[22m[39m[31m[1m^[22m[39m[31m[1m^[22m[39m[31m[1m^[22m[39m[31m[1m^[22m[39m[31m[1m^[22m[39m[31m[1m^[22m[39m[31m[1m^[22m[39m[31m[1m^[22m[39m[31m[1m^[22m[39m[31m[1m^[22m[39m[31m[1m^[22m[39m[31m[1m^[22m[39m[31m[1m^[22m[39m[31m[1m^[22m[39m[31m[1m^[22m[39m
[31m[1m>[22m[39m[90m 101 |[39m     [33mSocialSentiment[39m[33m,[39m
 [90m     |[39m [31m[1m^[22m[39m[31m[1m^[22m[39m[31m[1m^[22m[39m[31m[1m^[22m[39m[31m[1m^[22m[39m[31m[1m^[22m[39m[31m[1m^[22m[39m[31m[1m^[22m[39m[31m[1m^[22m[39m[31m[1m^[22m[39m[31m[1m^[22m[39m[31m[1m^[22m[39m[31m[1m^[22m[39m[31m[1m^[22m[39m[31m[1m^[22m[39m[31m[1m^[22m[39m[31m[1m^[22m[39m[31m[1m^[22m[39m[31m[1m^[22m[39m[31m[1m^[22m[39m[31m[1m^[22m[39m[31m[1m^[22m[39m[31m[1m^[22m[39m
[31m[1m>[22m[39m[90m 102 |[39m     [33mISPTrace[39m
 [90m     |[39m [31m[1m^[22m[39m[31m[1m^[22m[39m[31m[1m^[22m[39m[31m[1m^[22m[39m[31m[1m^[22m[39m[31m[1m^[22m[39m[31m[1m^[22m[39m[31m[1m^[22m[39m[31m[1m^[22m[39m[31m[1m^[22m[39m[31m[1m^[22m[39m[31m[1m^[22m[39m[31m[1m^[22m[39m[31m[1m^[22m[39m[31m[1m^[22m[39m[31m[1m^[22m[39m[31m[1m^[22m[39m[31m[1m^[22m[39m[31m[1m^[22m[39m[31m[1m^[22m[39m[31m[1m^[22m[39m[31m[1m^[22m[39m[31m[1m^[22m[39m
[31m[1m>[22m[39m[90m 103 |[39m } [36mfrom[39m [32m"@/lib/nctirs/kenyaExtendedData"[39m
 [90m     |[39m [31m[1m^[22m[39m[31m[1m^[22m[39m[31m[1m^[22m[39m[31m[1m^[22m[39m[31m[1m^[22m[39m[31m[1m^[22m[39m[31m[1m^[22m[39m[31m[1m^[22m[39m[31m[1m^[22m[39m[31m[1m^[22m[39m[31m[1m^[22m[39m[31m[1m^[22m[39m[31m[1m^[22m[39m[31m[1m^[22m[39m[31m[1m^[22m[39m[31m[1m^[22m[39m[31m[1m^[22m[39m[31m[1m^[22m[39m[31m[1m^[22m[39m[31m[1m^[22m[39m[31m[1m^[22m[39m[31m[1m^[22m[39m[31m[1m^[22m[39m[31m[1m^[22m[39m[31m[1m^[22m[39m[31m[1m^[22m[39m[31m[1m^[22m[39m[31m[1m^[22m[39m[31m[1m^[22m[39m[31m[1m^[22m[39m[31m[1m^[22m[39m[31m[1m^[22m[39m[31m[1m^[22m[39m[31m[1m^[22m[39m[31m[1m^[22m[39m[31m[1m^[22m[39m[31m[1m^[22m[39m[31m[1m^[22m[39m[31m[1m^[22m[39m[31m[1m^[22m[39m
 [90m 104 |[39m [36mimport[39m { createNC4Report } [36mfrom[39m [32m"@/lib/nctirs/soar-logic"[39m
 [90m 105 |[39m
 [90m 106 |[39m [36minterface[39m [33mDashboardData[39m {[0m

Import map: aliased to relative './src/lib/nctirs/kenyaExtendedData' inside of [project]/


Import traces:
  Client Component Browser:
    ./app/(dashboard)/page.tsx [Client Component Browser]
    ./app/(dashboard)/page.tsx [Server Component]

  Client Component SSR:
    ./app/(dashboard)/page.tsx [Client Component SSR]
    ./app/(dashboard)/page.tsx [Server Component]

https://nextjs.org/docs/messages/module-not-found


./app/(dashboard)/page.tsx:67:1
Module not found: Can't resolve '@/lib/nctirs/mockData'
[0m [90m 65 |[39m } [36mfrom[39m [32m"@/types"[39m
 [90m 66 |[39m [90m// Mock data generators[39m
[31m[1m>[22m[39m[90m 67 |[39m [36mimport[39m {
 [90m    |[39m [31m[1m^[22m[39m[31m[1m^[22m[39m[31m[1m^[22m[39m[31m[1m^[22m[39m[31m[1m^[22m[39m[31m[1m^[22m[39m[31m[1m^[22m[39m[31m[1m^[22m[39m
[31m[1m>[22m[39m[90m 68 |[39m     generateCrimePredictions[33m,[39m
 [90m    |[39m [31m[1m^[22m[39m[31m[1m^[22m[39m[31m[1m^[22m[39m[31m[1m^[22m[39m[31m[1m^[22m[39m[31m[1m^[22m[39m[31m[1m^[22m[39m[31m[1m^[22m[39m[31m[1m^[22m[39m[31m[1m^[22m[39m[31m[1m^[22m[39m[31m[1m^[22m[39m[31m[1m^[22m[39m[31m[1m^[22m[39m[31m[1m^[22m[39m[31m[1m^[22m[39m[31m[1m^[22m[39m[31m[1m^[22m[39m[31m[1m^[22m[39m[31m[1m^[22m[39m[31m[1m^[22m[39m[31m[1m^[22m[39m[31m[1m^[22m[39m[31m[1m^[22m[39m[31m[1m^[22m[39m[31m[1m^[22m[39m[31m[1m^[22m[39m[31m[1m^[22m[39m[31m[1m^[22m[39m
[31m[1m>[22m[39m[90m 69 |[39m     generateSurveillanceFeeds[33m,[39m
 [90m    |[39m [31m[1m^[22m[39m[31m[1m^[22m[39m[31m[1m^[22m[39m[31m[1m^[22m[39m[31m[1m^[22m[39m[31m[1m^[22m[39m[31m[1m^[22m[39m[31m[1m^[22m[39m[31m[1m^[22m[39m[31m[1m^[22m[39m[31m[1m^[22m[39m[31m[1m^[22m[39m[31m[1m^[22m[39m[31m[1m^[22m[39m[31m[1m^[22m[39m[31m[1m^[22m[39m[31m[1m^[22m[39m[31m[1m^[22m[39m[31m[1m^[22m[39m[31m[1m^[22m[39m[31m[1m^[22m[39m[31m[1m^[22m[39m[31m[1m^[22m[39m[31m[1m^[22m[39m[31m[1m^[22m[39m[31m[1m^[22m[39m[31m[1m^[22m[39m[31m[1m^[22m[39m[31m[1m^[22m[39m
[31m[1m>[22m[39m[90m 70 |[39m     generateCommunityReports[33m,[39m
 [90m    |[39m [31m[1m^[22m[39m[31m[1m^[22m[39m[31m[1m^[22m[39m[31m[1m^[22m[39m[31m[1m^[22m[39m[31m[1m^[22m[39m[31m[1m^[22m[39m[31m[1m^[22m[39m[31m[1m^[22m[39m[31m[1m^[22m[39m[31m[1m^[22m[39m[31m[1m^[22m[39m[31m[1m^[22m[39m[31m[1m^[22m[39m[31m[1m^[22m[39m[31m[1m^[22m[39m[31m[1m^[22m[39m[31m[1m^[22m[39m[31m[1m^[22m[39m[31m[1m^[22m[39m[31m[1m^[22m[39m[31m[1m^[22m[39m[31m[1m^[22m[39m[31m[1m^[22m[39m[31m[1m^[22m[39m[31m[1m^[22m[39m[31m[1m^[22m[39m[31m[1m^[22m[39m[31m[1m^[22m[39m
[31m[1m>[22m[39m[90m 71 |[39m     generateEmergencyResponses[33m,[39m
 [90m    |[39m [31m[1m^[22m[39m[31m[1m^[22m[39m[31m[1m^[22m[39m[31m[1m^[22m[39m[31m[1m^[22m[39m[31m[1m^[22m[39m[31m[1m^[22m[39m[31m[1m^[22m[39m[31m[1m^[22m[39m[31m[1m^[22m[39m[31m[1m^[22m[39m[31m[1m^[22m[39m[31m[1m^[22m[39m[31m[1m^[22m[39m[31m[1m^[22m[39m[31m[1m^[22m[39m[31m[1m^[22m[39m[31m[1m^[22m[39m[31m[1m^[22m[39m[31m[1m^[22m[39m[31m[1m^[22m[39m[31m[1m^[22m[39m[31m[1m^[22m[39m[31m[1m^[22m[39m[31m[1m^[22m[39m[31m[1m^[22m[39m[31m[1m^[22m[39m[31m[1m^[22m[39m[31m[1m^[22m[39m
[31m[1m>[22m[39m[90m 72 |[39m     generateThreatAnalytics[33m,[39m
 [90m    |[39m [31m[1m^[22m[39m[31m[1m^[22m[39m[31m[1m^[22m[39m[31m[1m^[22m[39m[31m[1m^[22m[39m[31m[1m^[22m[39m[31m[1m^[22m[39m[31m[1m^[22m[39m[31m[1m^[22m[39m[31m[1m^[22m[39m[31m[1m^[22m[39m[31m[1m^[22m[39m[31m[1m^[22m[39m[31m[1m^[22m[39m[31m[1m^[22m[39m[31m[1m^[22m[39m[31m[1m^[22m[39m[31m[1m^[22m[39m[31m[1m^[22m[39m[31m[1m^[22m[39m[31m[1m^[22m[39m[31m[1m^[22m[39m[31m[1m^[22m[39m[31m[1m^[22m[39m[31m[1m^[22m[39m[31m[1m^[22m[39m[31m[1m^[22m[39m[31m[1m^[22m[39m[31m[1m^[22m[39m
[31m[1m>[22m[39m[90m 73 |[39m     generateTimeSeriesData[33m,[39m
 [90m    |[39m [31m[1m^[22m[39m[31m[1m^[22m[39m[31m[1m^[22m[39m[31m[1m^[22m[39m[31m[1m^[22m[39m[31m[1m^[22m[39m[31m[1m^[22m[39m[31m[1m^[22m[39m[31m[1m^[22m[39m[31m[1m^[22m[39m[31m[1m^[22m[39m[31m[1m^[22m[39m[31m[1m^[22m[39m[31m[1m^[22m[39m[31m[1m^[22m[39m[31m[1m^[22m[39m[31m[1m^[22m[39m[31m[1m^[22m[39m[31m[1m^[22m[39m[31m[1m^[22m[39m[31m[1m^[22m[39m[31m[1m^[22m[39m[31m[1m^[22m[39m[31m[1m^[22m[39m[31m[1m^[22m[39m[31m[1m^[22m[39m[31m[1m^[22m[39m[31m[1m^[22m[39m[31m[1m^[22m[39m
[31m[1m>[22m[39m[90m 74 |[39m     generateDataLakeSources[33m,[39m
 [90m    |[39m [31m[1m^[22m[39m[31m[1m^[22m[39m[31m[1m^[22m[39m[31m[1m^[22m[39m[31m[1m^[22m[39m[31m[1m^[22m[39m[31m[1m^[22m[39m[31m[1m^[22m[39m[31m[1m^[22m[39m[31m[1m^[22m[39m[31m[1m^[22m[39m[31m[1m^[22m[39m[31m[1m^[22m[39m[31m[1m^[22m[39m[31m[1m^[22m[39m[31m[1m^[22m[39m[31m[1m^[22m[39m[31m[1m^[22m[39m[31m[1m^[22m[39m[31m[1m^[22m[39m[31m[1m^[22m[39m[31m[1m^[22m[39m[31m[1m^[22m[39m[31m[1m^[22m[39m[31m[1m^[22m[39m[31m[1m^[22m[39m[31m[1m^[22m[39m[31m[1m^[22m[39m[31m[1m^[22m[39m
[31m[1m>[22m[39m[90m 75 |[39m     generateBlockchainLedger[33m,[39m
 [90m    |[39m [31m[1m^[22m[39m[31m[1m^[22m[39m[31m[1m^[22m[39m[31m[1m^[22m[39m[31m[1m^[22m[39m[31m[1m^[22m[39m[31m[1m^[22m[39m[31m[1m^[22m[39m[31m[1m^[22m[39m[31m[1m^[22m[39m[31m[1m^[22m[39m[31m[1m^[22m[39m[31m[1m^[22m[39m[31m[1m^[22m[39m[31m[1m^[22m[39m[31m[1m^[22m[39m[31m[1m^[22m[39m[31m[1m^[22m[39m[31m[1m^[22m[39m[31m[1m^[22m[39m[31m[1m^[22m[39m[31m[1m^[22m[39m[31m[1m^[22m[39m[31m[1m^[22m[39m[31m[1m^[22m[39m[31m[1m^[22m[39m[31m[1m^[22m[39m[31m[1m^[22m[39m[31m[1m^[22m[39m
[31m[1m>[22m[39m[90m 76 |[39m     generateCoordinatedAttacks[33m,[39m
 [90m    |[39m [31m[1m^[22m[39m[31m[1m^[22m[39m[31m[1m^[22m[39m[31m[1m^[22m[39m[31m[1m^[22m[39m[31m[1m^[22m[39m[31m[1m^[22m[39m[31m[1m^[22m[39m[31m[1m^[22m[39m[31m[1m^[22m[39m[31m[1m^[22m[39m[31m[1m^[22m[39m[31m[1m^[22m[39m[31m[1m^[22m[39m[31m[1m^[22m[39m[31m[1m^[22m[39m[31m[1m^[22m[39m[31m[1m^[22m[39m[31m[1m^[22m[39m[31m[1m^[22m[39m[31m[1m^[22m[39m[31m[1m^[22m[39m[31m[1m^[22m[39m[31m[1m^[22m[39m[31m[1m^[22m[39m[31m[1m^[22m[39m[31m[1m^[22m[39m[31m[1m^[22m[39m[31m[1m^[22m[39m
[31m[1m>[22m[39m[90m 77 |[39m     generateAutomatedResponses[33m,[39m
 [90m    |[39m [31m[1m^[22m[39m[31m[1m^[22m[39m[31m[1m^[22m[39m[31m[1m^[22m[39m[31m[1m^[22m[39m[31m[1m^[22m[39m[31m[1m^[22m[39m[31m[1m^[22m[39m[31m[1m^[22m[39m[31m[1m^[22m[39m[31m[1m^[22m[39m[31m[1m^[22m[39m[31m[1m^[22m[39m[31m[1m^[22m[39m[31m[1m^[22m[39m[31m[1m^[22m[39m[31m[1m^[22m[39m[31m[1m^[22m[39m[31m[1m^[22m[39m[31m[1m^[22m[39m[31m[1m^[22m[39m[31m[1m^[22m[39m[31m[1m^[22m[39m[31m[1m^[22m[39m[31m[1m^[22m[39m[31m[1m^[22m[39m[31m[1m^[22m[39m[31m[1m^[22m[39m[31m[1m^[22m[39m
[31m[1m>[22m[39m[90m 78 |[39m     generatePerceptionLayerStatus[33m,[39m
 [90m    |[39m [31m[1m^[22m[39m[31m[1m^[22m[39m[31m[1m^[22m[39m[31m[1m^[22m[39m[31m[1m^[22m[39m[31m[1m^[22m[39m[31m[1m^[22m[39m[31m[1m^[22m[39m[31m[1m^[22m[39m[31m[1m^[22m[39m[31m[1m^[22m[39m[31m[1m^[22m[39m[31m[1m^[22m[39m[31m[1m^[22m[39m[31m[1m^[22m[39m[31m[1m^[22m[39m[31m[1m^[22m[39m[31m[1m^[22m[39m[31m[1m^[22m[39m[31m[1m^[22m[39m[31m[1m^[22m[39m[31m[1m^[22m[39m[31m[1m^[22m[39m[31m[1m^[22m[39m[31m[1m^[22m[39m[31m[1m^[22m[39m[31m[1m^[22m[39m[31m[1m^[22m[39m[31m[1m^[22m[39m
[31m[1m>[22m[39m[90m 79 |[39m     generateCognitionLayerStatus[33m,[39m
 [90m    |[39m [31m[1m^[22m[39m[31m[1m^[22m[39m[31m[1m^[22m[39m[31m[1m^[22m[39m[31m[1m^[22m[39m[31m[1m^[22m[39m[31m[1m^[22m[39m[31m[1m^[22m[39m[31m[1m^[22m[39m[31m[1m^[22m[39m[31m[1m^[22m[39m[31m[1m^[22m[39m[31m[1m^[22m[39m[31m[1m^[22m[39m[31m[1m^[22m[39m[31m[1m^[22m[39m[31m[1m^[22m[39m[31m[1m^[22m[39m[31m[1m^[22m[39m[31m[1m^[22m[39m[31m[1m^[22m[39m[31m[1m^[22m[39m[31m[1m^[22m[39m[31m[1m^[22m[39m[31m[1m^[22m[39m[31m[1m^[22m[39m[31m[1m^[22m[39m[31m[1m^[22m[39m[31m[1m^[22m[39m
[31m[1m>[22m[39m[90m 80 |[39m     generateIntegrityLayerStatus[33m,[39m
 [90m    |[39m [31m[1m^[22m[39m[31m[1m^[22m[39m[31m[1m^[22m[39m[31m[1m^[22m[39m[31m[1m^[22m[39m[31m[1m^[22m[39m[31m[1m^[22m[39m[31m[1m^[22m[39m[31m[1m^[22m[39m[31m[1m^[22m[39m[31m[1m^[22m[39m[31m[1m^[22m[39m[31m[1m^[22m[39m[31m[1m^[22m[39m[31m[1m^[22m[39m[31m[1m^[22m[39m[31m[1m^[22m[39m[31m[1m^[22m[39m[31m[1m^[22m[39m[31m[1m^[22m[39m[31m[1m^[22m[39m[31m[1m^[22m[39m[31m[1m^[22m[39m[31m[1m^[22m[39m[31m[1m^[22m[39m[31m[1m^[22m[39m[31m[1m^[22m[39m[31m[1m^[22m[39m[31m[1m^[22m[39m
[31m[1m>[22m[39m[90m 81 |[39m     generateAdversarialMetrics[33m,[39m
 [90m    |[39m [31m[1m^[22m[39m[31m[1m^[22m[39m[31m[1m^[22m[39m[31m[1m^[22m[39m[31m[1m^[22m[39m[31m[1m^[22m[39m[31m[1m^[22m[39m[31m[1m^[22m[39m[31m[1m^[22m[39m[31m[1m^[22m[39m[31m[1m^[22m[39m[31m[1m^[22m[39m[31m[1m^[22m[39m[31m[1m^[22m[39m[31m[1m^[22m[39m[31m[1m^[22m[39m[31m[1m^[22m[39m[31m[1m^[22m[39m[31m[1m^[22m[39m[31m[1m^[22m[39m[31m[1m^[22m[39m[31m[1m^[22m[39m[31m[1m^[22m[39m[31m[1m^[22m[39m[31m[1m^[22m[39m[31m[1m^[22m[39m[31m[1m^[22m[39m[31m[1m^[22m[39m[31m[1m^[22m[39m
[31m[1m>[22m[39m[90m 82 |[39m     generateFederatedNodes[33m,[39m
 [90m    |[39m [31m[1m^[22m[39m[31m[1m^[22m[39m[31m[1m^[22m[39m[31m[1m^[22m[39m[31m[1m^[22m[39m[31m[1m^[22m[39m[31m[1m^[22m[39m[31m[1m^[22m[39m[31m[1m^[22m[39m[31m[1m^[22m[39m[31m[1m^[22m[39m[31m[1m^[22m[39m[31m[1m^[22m[39m[31m[1m^[22m[39m[31m[1m^[22m[39m[31m[1m^[22m[39m[31m[1m^[22m[39m[31m[1m^[22m[39m[31m[1m^[22m[39m[31m[1m^[22m[39m[31m[1m^[22m[39m[31m[1m^[22m[39m[31m[1m^[22m[39m[31m[1m^[22m[39m[31m[1m^[22m[39m[31m[1m^[22m[39m[31m[1m^[22m[39m[31m[1m^[22m[39m[31m[1m^[22m[39m
[31m[1m>[22m[39m[90m 83 |[39m     generateXAIExplanations[33m,[39m
 [90m    |[39m [31m[1m^[22m[39m[31m[1m^[22m[39m[31m[1m^[22m[39m[31m[1m^[22m[39m[31m[1m^[22m[39m[31m[1m^[22m[39m[31m[1m^[22m[39m[31m[1m^[22m[39m[31m[1m^[22m[39m[31m[1m^[22m[39m[31m[1m^[22m[39m[31m[1m^[22m[39m[31m[1m^[22m[39m[31m[1m^[22m[39m[31m[1m^[22m[39m[31m[1m^[22m[39m[31m[1m^[22m[39m[31m[1m^[22m[39m[31m[1m^[22m[39m[31m[1m^[22m[39m[31m[1m^[22m[39m[31m[1m^[22m[39m[31m[1m^[22m[39m[31m[1m^[22m[39m[31m[1m^[22m[39m[31m[1m^[22m[39m[31m[1m^[22m[39m[31m[1m^[22m[39m[31m[1m^[22m[39m
[31m[1m>[22m[39m[90m 84 |[39m     generateSovereignAIStatus[33m,[39m
 [90m    |[39m [31m[1m^[22m[39m[31m[1m^[22m[39m[31m[1m^[22m[39m[31m[1m^[22m[39m[31m[1m^[22m[39m[31m[1m^[22m[39m[31m[1m^[22m[39m[31m[1m^[22m[39m[31m[1m^[22m[39m[31m[1m^[22m[39m[31m[1m^[22m[39m[31m[1m^[22m[39m[31m[1m^[22m[39m[31m[1m^[22m[39m[31m[1m^[22m[39m[31m[1m^[22m[39m[31m[1m^[22m[39m[31m[1m^[22m[39m[31m[1m^[22m[39m[31m[1m^[22m[39m[31m[1m^[22m[39m[31m[1m^[22m[39m[31m[1m^[22m[39m[31m[1m^[22m[39m[31m[1m^[22m[39m[31m[1m^[22m[39m[31m[1m^[22m[39m[31m[1m^[22m[39m[31m[1m^[22m[39m
[31m[1m>[22m[39m[90m 85 |[39m } [36mfrom[39m [32m"@/lib/nctirs/mockData"[39m
 [90m    |[39m [31m[1m^[22m[39m[31m[1m^[22m[39m[31m[1m^[22m[39m[31m[1m^[22m[39m[31m[1m^[22m[39m[31m[1m^[22m[39m[31m[1m^[22m[39m[31m[1m^[22m[39m[31m[1m^[22m[39m[31m[1m^[22m[39m[31m[1m^[22m[39m[31m[1m^[22m[39m[31m[1m^[22m[39m[31m[1m^[22m[39m[31m[1m^[22m[39m[31m[1m^[22m[39m[31m[1m^[22m[39m[31m[1m^[22m[39m[31m[1m^[22m[39m[31m[1m^[22m[39m[31m[1m^[22m[39m[31m[1m^[22m[39m[31m[1m^[22m[39m[31m[1m^[22m[39m[31m[1m^[22m[39m[31m[1m^[22m[39m[31m[1m^[22m[39m[31m[1m^[22m[39m[31m[1m^[22m[39m[31m[1m^[22m[39m[31m[1m^[22m[39m
 [90m 86 |[39m [36mimport[39m {
 [90m 87 |[39m     generateNairobiTraffic[33m,[39m
 [90m 88 |[39m     generateMpesaData[33m,[39m[0m

Import map: aliased to relative './src/lib/nctirs/mockData' inside of [project]/


Import traces:
  Client Component Browser:
    ./app/(dashboard)/page.tsx [Client Component Browser]
    ./app/(dashboard)/page.tsx [Server Component]

  Client Component SSR:
    ./app/(dashboard)/page.tsx [Client Component SSR]
    ./app/(dashboard)/page.tsx [Server Component]

https://nextjs.org/docs/messages/module-not-found


./app/(dashboard)/page.tsx:104:1
Module not found: Can't resolve '@/lib/nctirs/soar-logic'
[0m [90m 102 |[39m     [33mISPTrace[39m
 [90m 103 |[39m } [36mfrom[39m [32m"@/lib/nctirs/kenyaExtendedData"[39m
[31m[1m>[22m[39m[90m 104 |[39m [36mimport[39m { createNC4Report } [36mfrom[39m [32m"@/lib/nctirs/soar-logic"[39m
 [90m     |[39m [31m[1m^[22m[39m[31m[1m^[22m[39m[31m[1m^[22m[39m[31m[1m^[22m[39m[31m[1m^[22m[39m[31m[1m^[22m[39m[31m[1m^[22m[39m[31m[1m^[22m[39m[31m[1m^[22m[39m[31m[1m^[22m[39m[31m[1m^[22m[39m[31m[1m^[22m[39m[31m[1m^[22m[39m[31m[1m^[22m[39m[31m[1m^[22m[39m[31m[1m^[22m[39m[31m[1m^[22m[39m[31m[1m^[22m[39m[31m[1m^[22m[39m[31m[1m^[22m[39m[31m[1m^[22m[39m[31m[1m^[22m[39m[31m[1m^[22m[39m[31m[1m^[22m[39m[31m[1m^[22m[39m[31m[1m^[22m[39m[31m[1m^[22m[39m[31m[1m^[22m[39m[31m[1m^[22m[39m[31m[1m^[22m[39m[31m[1m^[22m[39m[31m[1m^[22m[39m[31m[1m^[22m[39m[31m[1m^[22m[39m[31m[1m^[22m[39m[31m[1m^[22m[39m[31m[1m^[22m[39m[31m[1m^[22m[39m[31m[1m^[22m[39m[31m[1m^[22m[39m[31m[1m^[22m[39m[31m[1m^[22m[39m[31m[1m^[22m[39m[31m[1m^[22m[39m[31m[1m^[22m[39m[31m[1m^[22m[39m[31m[1m^[22m[39m[31m[1m^[22m[39m[31m[1m^[22m[39m[31m[1m^[22m[39m[31m[1m^[22m[39m[31m[1m^[22m[39m[31m[1m^[22m[39m[31m[1m^[22m[39m[31m[1m^[22m[39m[31m[1m^[22m[39m[31m[1m^[22m[39m
 [90m 105 |[39m
 [90m 106 |[39m [36minterface[39m [33mDashboardData[39m {
 [90m 107 |[39m     incidents[33m:[39m [33mSecurityIncident[39m[][33m;[39m[0m

Import map: aliased to relative './src/lib/nctirs/soar-logic' inside of [project]/


Import traces:
  Client Component Browser:
    ./app/(dashboard)/page.tsx [Client Component Browser]
    ./app/(dashboard)/page.tsx [Server Component]

  Client Component SSR:
    ./app/(dashboard)/page.tsx [Client Component SSR]
    ./app/(dashboard)/page.tsx [Server Component]

https://nextjs.org/docs/messages/module-not-found


./app/community/report/page.tsx:11:1
Module not found: Can't resolve 'sonner'
[0m [90m  9 |[39m [90m// import { createIncident } from "@/lib/actions/incidents"[39m
 [90m 10 |[39m [36mimport[39m { [33mMapPin[39m[33m,[39m [33mLoader2[39m[33m,[39m [33mCheckCircle[39m } [36mfrom[39m [32m"lucide-react"[39m
[31m[1m>[22m[39m[90m 11 |[39m [36mimport[39m { toast } [36mfrom[39m [32m"sonner"[39m
 [90m    |[39m [31m[1m^[22m[39m[31m[1m^[22m[39m[31m[1m^[22m[39m[31m[1m^[22m[39m[31m[1m^[22m[39m[31m[1m^[22m[39m[31m[1m^[22m[39m[31m[1m^[22m[39m[31m[1m^[22m[39m[31m[1m^[22m[39m[31m[1m^[22m[39m[31m[1m^[22m[39m[31m[1m^[22m[39m[31m[1m^[22m[39m[31m[1m^[22m[39m[31m[1m^[22m[39m[31m[1m^[22m[39m[31m[1m^[22m[39m[31m[1m^[22m[39m[31m[1m^[22m[39m[31m[1m^[22m[39m[31m[1m^[22m[39m[31m[1m^[22m[39m[31m[1m^[22m[39m[31m[1m^[22m[39m[31m[1m^[22m[39m[31m[1m^[22m[39m[31m[1m^[22m[39m[31m[1m^[22m[39m[31m[1m^[22m[39m
 [90m 12 |[39m
 [90m 13 |[39m [36mexport[39m [36mdefault[39m [36mfunction[39m [33mReportPage[39m() {
 [90m 14 |[39m     [36mconst[39m [loading[33m,[39m setLoading] [33m=[39m useState([36mfalse[39m)[0m



Import traces:
  Client Component Browser:
    ./app/community/report/page.tsx [Client Component Browser]
    ./app/community/report/page.tsx [Server Component]

  Client Component SSR:
    ./app/community/report/page.tsx [Client Component SSR]
    ./app/community/report/page.tsx [Server Component]

https://nextjs.org/docs/messages/module-not-found


./app/mobile-simulation/page.tsx:10:1
Module not found: Can't resolve 'sonner'
[0m [90m  8 |[39m [36mimport[39m { [33mSelect[39m[33m,[39m [33mSelectContent[39m[33m,[39m [33mSelectItem[39m[33m,[39m [33mSelectTrigger[39m[33m,[39m [33mSelectValue[39m } [36mfrom[39m [32m"@/components/ui/select"[39m
 [90m  9 |[39m [36mimport[39m { [33mAlertCircle[39m[33m,[39m [33mCheckCircle2[39m[33m,[39m [33mMapPin[39m[33m,[39m [33mSend[39m } [36mfrom[39m [32m"lucide-react"[39m
[31m[1m>[22m[39m[90m 10 |[39m [36mimport[39m { toast } [36mfrom[39m [32m"sonner"[39m
 [90m    |[39m [31m[1m^[22m[39m[31m[1m^[22m[39m[31m[1m^[22m[39m[31m[1m^[22m[39m[31m[1m^[22m[39m[31m[1m^[22m[39m[31m[1m^[22m[39m[31m[1m^[22m[39m[31m[1m^[22m[39m[31m[1m^[22m[39m[31m[1m^[22m[39m[31m[1m^[22m[39m[31m[1m^[22m[39m[31m[1m^[22m[39m[31m[1m^[22m[39m[31m[1m^[22m[39m[31m[1m^[22m[39m[31m[1m^[22m[39m[31m[1m^[22m[39m[31m[1m^[22m[39m[31m[1m^[22m[39m[31m[1m^[22m[39m[31m[1m^[22m[39m[31m[1m^[22m[39m[31m[1m^[22m[39m[31m[1m^[22m[39m[31m[1m^[22m[39m[31m[1m^[22m[39m[31m[1m^[22m[39m[31m[1m^[22m[39m
 [90m 11 |[39m
 [90m 12 |[39m [36mexport[39m [36mdefault[39m [36mfunction[39m [33mMobileReporter[39m() {
 [90m 13 |[39m     [36mconst[39m [isSubmitting[33m,[39m setIsSubmitting] [33m=[39m useState([36mfalse[39m)[0m



Import traces:
  Client Component Browser:
    ./app/mobile-simulation/page.tsx [Client Component Browser]
    ./app/mobile-simulation/page.tsx [Server Component]

  Client Component SSR:
    ./app/mobile-simulation/page.tsx [Client Component SSR]
    ./app/mobile-simulation/page.tsx [Server Component]

https://nextjs.org/docs/messages/module-not-found


    at async transform (turbopack:///[turbopack-node]/transforms/postcss.ts:70:34) [/Users/mac/.gemini/antigravity/playground/phantom-galileo/.next/build/chunks/[root-of-the-server]__51225daf._.js:146:36])
    at async run (turbopack:///[turbopack-node]/ipc/evaluate.ts:92:23) [/Users/mac/.gemini/antigravity/playground/phantom-galileo/.next/build/chunks/[root-of-the-server]__974941ed._.js:443:31])
    at <unknown> (./app/(dashboard)/incidents/page.tsx:2:1)
    at <unknown> (https://nextjs.org/docs/messages/module-not-found)
    at <unknown> (./app/(dashboard)/incidents/page.tsx:3:1)
    at <unknown> (https://nextjs.org/docs/messages/module-not-found)
    at <unknown> (./app/(dashboard)/incidents/new/page.tsx:1:1)
    at <unknown> (https://nextjs.org/docs/messages/module-not-found)
    at <unknown> (./app/(dashboard)/incidents/[id]/page.tsx:6:1)
    at <unknown> (https://nextjs.org/docs/messages/module-not-found)
    at <unknown> (./app/(dashboard)/intelligence/page.tsx:2:1)
    at <unknown> (https://nextjs.org/docs/messages/module-not-found)
    at <unknown> (./app/(dashboard)/intelligence/page.tsx:3:1)
    at <unknown> (https://nextjs.org/docs/messages/module-not-found)
    at <unknown> (./app/login/page.tsx:3:1)
    at <unknown> (https://nextjs.org/docs/messages/module-not-found)
    at <unknown> (./app/(dashboard)/page.tsx:32:1)
    at <unknown> (https://nextjs.org/docs/messages/module-not-found)
    at <unknown> (./app/(dashboard)/page.tsx:16:1)
    at <unknown> (https://nextjs.org/docs/messages/module-not-found)
    at <unknown> (./app/(dashboard)/page.tsx:15:1)
    at <unknown> (https://nextjs.org/docs/messages/module-not-found)
    at <unknown> (./app/(dashboard)/page.tsx:13:1)
    at <unknown> (https://nextjs.org/docs/messages/module-not-found)
    at <unknown> (./app/(dashboard)/page.tsx:14:1)
    at <unknown> (https://nextjs.org/docs/messages/module-not-found)
    at <unknown> (./app/(dashboard)/page.tsx:23:1)
    at <unknown> (https://nextjs.org/docs/messages/module-not-found)
    at <unknown> (./app/(dashboard)/page.tsx:21:1)
    at <unknown> (https://nextjs.org/docs/messages/module-not-found)
    at <unknown> (./app/(dashboard)/page.tsx:22:1)
    at <unknown> (https://nextjs.org/docs/messages/module-not-found)
    at <unknown> (./app/(dashboard)/page.tsx:25:1)
    at <unknown> (https://nextjs.org/docs/messages/module-not-found)
    at <unknown> (./app/(dashboard)/page.tsx:28:1)
    at <unknown> (https://nextjs.org/docs/messages/module-not-found)
    at <unknown> (./app/(dashboard)/page.tsx:27:1)
    at <unknown> (https://nextjs.org/docs/messages/module-not-found)
    at <unknown> (./app/(dashboard)/page.tsx:26:1)
    at <unknown> (https://nextjs.org/docs/messages/module-not-found)
    at <unknown> (./app/(dashboard)/page.tsx:30:1)
    at <unknown> (https://nextjs.org/docs/messages/module-not-found)
    at <unknown> (./app/(dashboard)/page.tsx:29:1)
    at <unknown> (https://nextjs.org/docs/messages/module-not-found)
    at <unknown> (./app/(dashboard)/page.tsx:5:1)
    at <unknown> (https://nextjs.org/docs/messages/module-not-found)
    at <unknown> (./app/(dashboard)/page.tsx:35:1)
    at <unknown> (https://nextjs.org/docs/messages/module-not-found)
    at <unknown> (./app/(dashboard)/page.tsx:34:1)
    at <unknown> (https://nextjs.org/docs/messages/module-not-found)
    at <unknown> (./app/(dashboard)/page.tsx:36:1)
    at <unknown> (https://nextjs.org/docs/messages/module-not-found)
    at <unknown> (./app/(dashboard)/page.tsx:19:1)
    at <unknown> (https://nextjs.org/docs/messages/module-not-found)
    at <unknown> (./app/(dashboard)/page.tsx:18:1)
    at <unknown> (https://nextjs.org/docs/messages/module-not-found)
    at <unknown> (./app/(dashboard)/page.tsx:11:1)
    at <unknown> (https://nextjs.org/docs/messages/module-not-found)
    at <unknown> (./app/(dashboard)/page.tsx:7:1)
    at <unknown> (https://nextjs.org/docs/messages/module-not-found)
    at <unknown> (./app/(dashboard)/page.tsx:10:1)
    at <unknown> (https://nextjs.org/docs/messages/module-not-found)
    at <unknown> (./app/(dashboard)/page.tsx:8:1)
    at <unknown> (https://nextjs.org/docs/messages/module-not-found)
    at <unknown> (./app/(dashboard)/page.tsx:9:1)
    at <unknown> (https://nextjs.org/docs/messages/module-not-found)
    at <unknown> (./app/(dashboard)/surveillance/page.tsx:3:1)
    at <unknown> (https://nextjs.org/docs/messages/module-not-found)
    at <unknown> (./app/community/layout.tsx:3:1)
    at <unknown> (https://nextjs.org/docs/messages/module-not-found)
    at <unknown> (./app/layout.tsx:4:1)
    at <unknown> (https://nextjs.org/docs/messages/module-not-found)
    at <unknown> (./app/community/report/page.tsx:4:1)
    at <unknown> (https://nextjs.org/docs/messages/module-not-found)
    at <unknown> (./app/mobile-simulation/page.tsx:5:1)
    at <unknown> (https://nextjs.org/docs/messages/module-not-found)
    at <unknown> (./app/community/report/page.tsx:5:1)
    at <unknown> (https://nextjs.org/docs/messages/module-not-found)
    at <unknown> (./app/mobile-simulation/page.tsx:6:1)
    at <unknown> (https://nextjs.org/docs/messages/module-not-found)
    at <unknown> (./app/(dashboard)/surveillance/page.tsx:7:1)
    at <unknown> (https://nextjs.org/docs/messages/module-not-found)
    at <unknown> (./app/community/report/page.tsx:7:1)
    at <unknown> (https://nextjs.org/docs/messages/module-not-found)
    at <unknown> (./app/mobile-simulation/page.tsx:8:1)
    at <unknown> (https://nextjs.org/docs/messages/module-not-found)
    at <unknown> (./app/(dashboard)/incidents/[id]/page.tsx:5:1)
    at <unknown> (https://nextjs.org/docs/messages/module-not-found)
    at <unknown> (./app/(dashboard)/intelligence/[id]/page.tsx:4:1)
    at <unknown> (https://nextjs.org/docs/messages/module-not-found)
    at <unknown> (./app/(dashboard)/surveillance/page.tsx:5:1)
    at <unknown> (https://nextjs.org/docs/messages/module-not-found)
    at <unknown> (./app/community/report/page.tsx:6:1)
    at <unknown> (https://nextjs.org/docs/messages/module-not-found)
    at <unknown> (./app/mobile-simulation/page.tsx:7:1)
    at <unknown> (https://nextjs.org/docs/messages/module-not-found)
    at <unknown> (./app/layout.tsx:5:1)
    at <unknown> (https://nextjs.org/docs/messages/module-not-found)
    at <unknown> (./app/(dashboard)/layout.tsx:1:1)
    at <unknown> (https://nextjs.org/docs/messages/module-not-found)
    at <unknown> (./app/(dashboard)/intelligence/[id]/page.tsx:1:1)
    at <unknown> (https://nextjs.org/docs/messages/module-not-found)
    at <unknown> (./app/(dashboard)/intelligence/page.tsx:1:1)
    at <unknown> (https://nextjs.org/docs/messages/module-not-found)
    at <unknown> (./app/api/analyze-surveillance/route.ts:2:1)
    at <unknown> (https://nextjs.org/docs/messages/module-not-found)
    at <unknown> (./app/(dashboard)/page.tsx:42:1)
    at <unknown> (https://nextjs.org/docs/messages/module-not-found)
    at <unknown> (./app/api/fcir-sync/route.ts:4:1)
    at <unknown> (https://nextjs.org/docs/messages/module-not-found)
    at <unknown> (./app/(dashboard)/page.tsx:43:1)
    at <unknown> (https://nextjs.org/docs/messages/module-not-found)
    at <unknown> (./app/(dashboard)/page.tsx:38:1)
    at <unknown> (https://nextjs.org/docs/messages/module-not-found)
    at <unknown> (./app/(dashboard)/page.tsx:40:1)
    at <unknown> (https://nextjs.org/docs/messages/module-not-found)
    at <unknown> (./app/(dashboard)/page.tsx:86:1)
    at <unknown> (https://nextjs.org/docs/messages/module-not-found)
    at <unknown> (./app/(dashboard)/page.tsx:94:1)
    at <unknown> (https://nextjs.org/docs/messages/module-not-found)
    at <unknown> (./app/(dashboard)/page.tsx:67:1)
    at <unknown> (https://nextjs.org/docs/messages/module-not-found)
    at <unknown> (./app/(dashboard)/page.tsx:104:1)
    at <unknown> (https://nextjs.org/docs/messages/module-not-found)
    at <unknown> (./app/community/report/page.tsx:11:1)
    at <unknown> (https://nextjs.org/docs/messages/module-not-found)
    at <unknown> (./app/mobile-simulation/page.tsx:10:1)
    at <unknown> (https://nextjs.org/docs/messages/module-not-found)
